Archive member included to satisfy reference by file (symbol)

C:/msdk/Libraries/PeriphDrivers/bin/MAX32572/softfp/libPeriphDriver_softfp.a(mxc_delay.o)
                              c:/Users/odurgut/workspace-new/SKB/build/tft_ssd2119.o (MXC_Delay)
C:/msdk/Libraries/PeriphDrivers/bin/MAX32572/softfp/libPeriphDriver_softfp.a(sys_me55.o)
                              c:/Users/odurgut/workspace-new/SKB/build/system_max32572.o (MXC_SYS_ClockEnable)
C:/msdk/Libraries/PeriphDrivers/bin/MAX32572/softfp/libPeriphDriver_softfp.a(gpio_me55.o)
                              c:/Users/odurgut/workspace-new/SKB/build/pb.o (MXC_GPIO_InGet)
C:/msdk/Libraries/PeriphDrivers/bin/MAX32572/softfp/libPeriphDriver_softfp.a(gpio_reva.o)
                              C:/msdk/Libraries/PeriphDrivers/bin/MAX32572/softfp/libPeriphDriver_softfp.a(gpio_me55.o) (MXC_GPIO_RevA_InGet)
C:/msdk/Libraries/PeriphDrivers/bin/MAX32572/softfp/libPeriphDriver_softfp.a(spi_me55_v2.o)
                              c:/Users/odurgut/workspace-new/SKB/build/board.o (MXC_SPI_Init)
C:/msdk/Libraries/PeriphDrivers/bin/MAX32572/softfp/libPeriphDriver_softfp.a(spi_reva2.o)
                              C:/msdk/Libraries/PeriphDrivers/bin/MAX32572/softfp/libPeriphDriver_softfp.a(spi_me55_v2.o) (MXC_SPI_RevA2_Init)
C:/msdk/Libraries/PeriphDrivers/bin/MAX32572/softfp/libPeriphDriver_softfp.a(uart_me55.o)
                              c:/Users/odurgut/workspace-new/SKB/build/board.o (MXC_UART_Shutdown)
C:/msdk/Libraries/PeriphDrivers/bin/MAX32572/softfp/libPeriphDriver_softfp.a(uart_revb.o)
                              C:/msdk/Libraries/PeriphDrivers/bin/MAX32572/softfp/libPeriphDriver_softfp.a(uart_me55.o) (MXC_UART_RevB_Init)
C:/msdk/Libraries/PeriphDrivers/bin/MAX32572/softfp/libPeriphDriver_softfp.a(skbd_me55.o)
                              c:/Users/odurgut/workspace-new/SKB/build/main.o (MXC_SKBD_PreInit)
C:/msdk/Libraries/PeriphDrivers/bin/MAX32572/softfp/libPeriphDriver_softfp.a(skbd_reva.o)
                              C:/msdk/Libraries/PeriphDrivers/bin/MAX32572/softfp/libPeriphDriver_softfp.a(skbd_me55.o) (MXC_SKBD_RevA_PreInit)
C:/msdk/Libraries/PeriphDrivers/bin/MAX32572/softfp/libPeriphDriver_softfp.a(nvic_table.o)
                              C:/msdk/Libraries/PeriphDrivers/bin/MAX32572/softfp/libPeriphDriver_softfp.a(skbd_reva.o) (MXC_NVIC_SetVector)
C:/msdk/Libraries/PeriphDrivers/bin/MAX32572/softfp/libPeriphDriver_softfp.a(pins_me55.o)
                              C:/msdk/Libraries/PeriphDrivers/bin/MAX32572/softfp/libPeriphDriver_softfp.a(skbd_me55.o) (gpio_cfg_kbd_P2)
C:/msdk/Libraries/PeriphDrivers/bin/MAX32572/softfp/libPeriphDriver_softfp.a(dma_me55.o)
                              C:/msdk/Libraries/PeriphDrivers/bin/MAX32572/softfp/libPeriphDriver_softfp.a(spi_reva2.o) (MXC_DMA_Init)
C:/msdk/Libraries/PeriphDrivers/bin/MAX32572/softfp/libPeriphDriver_softfp.a(dma_reva.o)
                              C:/msdk/Libraries/PeriphDrivers/bin/MAX32572/softfp/libPeriphDriver_softfp.a(dma_me55.o) (MXC_DMA_RevA_Init)
C:/msdk/Libraries/PeriphDrivers/bin/MAX32572/softfp/libPeriphDriver_softfp.a(gpio_common.o)
                              C:/msdk/Libraries/PeriphDrivers/bin/MAX32572/softfp/libPeriphDriver_softfp.a(gpio_me55.o) (MXC_GPIO_Common_Init)
C:/msdk/Libraries/PeriphDrivers/bin/MAX32572/softfp/libPeriphDriver_softfp.a(uart_common.o)
                              C:/msdk/Libraries/PeriphDrivers/bin/MAX32572/softfp/libPeriphDriver_softfp.a(uart_me55.o) (MXC_UART_Common_ReadCharacter)
C:/msdk/Libraries/PeriphDrivers/bin/MAX32572/softfp/libPeriphDriver_softfp.a(mxc_lock.o)
                              C:/msdk/Libraries/PeriphDrivers/bin/MAX32572/softfp/libPeriphDriver_softfp.a(dma_reva.o) (MXC_GetLock)
c:/maximsdk/tools/gnutools/10.3/bin/../lib/gcc/arm-none-eabi/10.3.1/../../../../arm-none-eabi/lib/thumb/v7e-m+fp/softfp\libc.a(lib_a-errno.o)
                              c:/Users/odurgut/workspace-new/SKB/build/stdio.o (__errno)
c:/maximsdk/tools/gnutools/10.3/bin/../lib/gcc/arm-none-eabi/10.3.1/../../../../arm-none-eabi/lib/thumb/v7e-m+fp/softfp\libc.a(lib_a-exit.o)
                              c:/maximsdk/tools/gnutools/10.3/bin/../lib/gcc/arm-none-eabi/10.3.1/../../../../arm-none-eabi/lib/thumb/v7e-m+fp/softfp/crt0.o (exit)
c:/maximsdk/tools/gnutools/10.3/bin/../lib/gcc/arm-none-eabi/10.3.1/../../../../arm-none-eabi/lib/thumb/v7e-m+fp/softfp\libc.a(lib_a-impure.o)
                              c:/maximsdk/tools/gnutools/10.3/bin/../lib/gcc/arm-none-eabi/10.3.1/../../../../arm-none-eabi/lib/thumb/v7e-m+fp/softfp\libc.a(lib_a-exit.o) (_global_impure_ptr)
c:/maximsdk/tools/gnutools/10.3/bin/../lib/gcc/arm-none-eabi/10.3.1/../../../../arm-none-eabi/lib/thumb/v7e-m+fp/softfp\libc.a(lib_a-init.o)
                              c:/maximsdk/tools/gnutools/10.3/bin/../lib/gcc/arm-none-eabi/10.3.1/../../../../arm-none-eabi/lib/thumb/v7e-m+fp/softfp/crt0.o (__libc_init_array)
[...]
Memory Configuration

Name             Origin             Length             Attributes
ROM              0x00000000         0x00010000         xr
SPIX             0x08000000         0x08000000         xr
SRAM             0x20000000         0x00060000         xrw
SRAM_RV          0x20060000         0x0000c000         xrw
*default*        0x00000000         0xffffffff

Linker script and memory map

LOAD c:/maximsdk/tools/gnutools/10.3/bin/../lib/gcc/arm-none-eabi/10.3.1/thumb/v7e-m+fp/softfp/crti.o
LOAD c:/maximsdk/tools/gnutools/10.3/bin/../lib/gcc/arm-none-eabi/10.3.1/thumb/v7e-m+fp/softfp/crtbegin.o
LOAD c:/maximsdk/tools/gnutools/10.3/bin/../lib/gcc/arm-none-eabi/10.3.1/../../../../arm-none-eabi/lib/thumb/v7e-m+fp/softfp/crt0.o
LOAD c:/Users/odurgut/workspace-new/SKB/build/main.o
LOAD c:/Users/odurgut/workspace-new/SKB/build/board.o
LOAD c:/Users/odurgut/workspace-new/SKB/build/stdio.o
LOAD c:/Users/odurgut/workspace-new/SKB/build/led.o
LOAD c:/Users/odurgut/workspace-new/SKB/build/pb.o
LOAD c:/Users/odurgut/workspace-new/SKB/build/tsc2046.o
LOAD c:/Users/odurgut/workspace-new/SKB/build/tft_ssd2119.o
LOAD c:/Users/odurgut/workspace-new/SKB/build/startup_max32572.o
LOAD c:/Users/odurgut/workspace-new/SKB/build/heap.o
LOAD c:/Users/odurgut/workspace-new/SKB/build/system_max32572.o
START GROUP
LOAD C:/msdk/Libraries/PeriphDrivers/bin/MAX32572/softfp/libPeriphDriver_softfp.a
LOAD c:/maximsdk/tools/gnutools/10.3/bin/../lib/gcc/arm-none-eabi/10.3.1/../../../../arm-none-eabi/lib/thumb/v7e-m+fp/softfp\libc.a
LOAD c:/maximsdk/tools/gnutools/10.3/bin/../lib/gcc/arm-none-eabi/10.3.1/../../../../arm-none-eabi/lib/thumb/v7e-m+fp/softfp\libm.a
LOAD c:/maximsdk/tools/gnutools/10.3/bin/../lib/gcc/arm-none-eabi/10.3.1/../../../../arm-none-eabi/lib/thumb/v7e-m+fp/softfp\libnosys.a
END GROUP
START GROUP
LOAD c:/maximsdk/tools/gnutools/10.3/bin/../lib/gcc/arm-none-eabi/10.3.1/thumb/v7e-m+fp/softfp\libgcc.a
LOAD c:/maximsdk/tools/gnutools/10.3/bin/../lib/gcc/arm-none-eabi/10.3.1/../../../../arm-none-eabi/lib/thumb/v7e-m+fp/softfp\libc.a
END GROUP
LOAD c:/maximsdk/tools/gnutools/10.3/bin/../lib/gcc/arm-none-eabi/10.3.1/thumb/v7e-m+fp/softfp/crtend.o
LOAD c:/maximsdk/tools/gnutools/10.3/bin/../lib/gcc/arm-none-eabi/10.3.1/thumb/v7e-m+fp/softfp/crtn.o
                [!provide]                PROVIDE (_start_SWAP = ((((Reset_Handler >> 0x18) | ((Reset_Handler & 0xff0000) >> 0x8)) | ((Reset_Handler & 0xff00) << 0x8)) | (Reset_Handler << 0x18)))
                [!provide]                PROVIDE (_SLA_Size = (__end_image - __end_header))
                [!provide]                PROVIDE (_SLA_Size_SWAP = ((((_SLA_Size >> 0x18) | ((_SLA_Size & 0xff0000) >> 0x8)) | ((_SLA_Size & 0xff00) << 0x8)) | (_SLA_Size << 0x18)))

.sla_header     0x08000000        0x0
 FILL mask 0xff
 *(.sb_sla_header)
                0x08000000                __end_header = .
                0x08000000                . = ALIGN (0x200)

.rom
 *(.rom_vector)
 *(.rom_handlers*)

.text           0x08000000     0x91d4
                0x08000000                _text = .
 *(.isr_vector)
 .isr_vector    0x08000000      0x200 c:/Users/odurgut/workspace-new/SKB/build/startup_max32572.o
                0x08000000                __isr_vector
 *(.text*)
 .text          0x08000200       0x40 c:/maximsdk/tools/gnutools/10.3/bin/../lib/gcc/arm-none-eabi/10.3.1/thumb/v7e-m+fp/softfp/crtbegin.o
 .text.keypadHandler
                0x08000240       0x34 c:/Users/odurgut/workspace-new/SKB/build/main.o
                0x08000240                keypadHandler
 .text.main     0x08000274       0xc0 c:/Users/odurgut/workspace-new/SKB/build/main.o
                0x08000274                main
 .text.mxc_assert
                0x08000334       0x10 c:/Users/odurgut/workspace-new/SKB/build/board.o
                0x08000334                mxc_assert
 .text.GPIO0_IRQHandler
                0x08000344        0xa c:/Users/odurgut/workspace-new/SKB/build/board.o
                0x08000344                GPIO0_IRQHandler
 .text.SPI0_IRQHandler
                0x0800034e        0xc c:/Users/odurgut/workspace-new/SKB/build/board.o
                0x0800034e                SPI0_IRQHandler
 .text.GPIO1_IRQHandler
                0x0800035a        0xa c:/Users/odurgut/workspace-new/SKB/build/board.o
                0x0800035a                GPIO1_IRQHandler
 .text.Console_Init
                0x08000364       0x18 c:/Users/odurgut/workspace-new/SKB/build/board.o
                0x08000364                Console_Init
 .text.Board_Init
                0x0800037c       0x34 c:/Users/odurgut/workspace-new/SKB/build/board.o
                0x0800037c                Board_Init
 .text.NMI_Handler
                0x080003b0        0x4 c:/Users/odurgut/workspace-new/SKB/build/board.o
                0x080003b0                NMI_Handler
 .text._close   0x080003b4        0x6 c:/Users/odurgut/workspace-new/SKB/build/stdio.o
                0x080003b4                _close
 .text._isatty  0x080003ba        0x6 c:/Users/odurgut/workspace-new/SKB/build/stdio.o
                0x080003ba                _isatty
 .text._lseek   0x080003c0        0x6 c:/Users/odurgut/workspace-new/SKB/build/stdio.o
                0x080003c0                _lseek
 .text._fstat   0x080003c6        0x6 c:/Users/odurgut/workspace-new/SKB/build/stdio.o
                0x080003c6                _fstat
 .text._read    0x080003cc       0x50 c:/Users/odurgut/workspace-new/SKB/build/stdio.o
                0x080003cc                _read
 .text._write   0x0800041c       0x44 c:/Users/odurgut/workspace-new/SKB/build/stdio.o
                0x0800041c                _write
 .text.LED_Off  0x08000460       0x44 c:/Users/odurgut/workspace-new/SKB/build/led.o
                0x08000460                LED_Off
 .text.LED_Init
                0x080004a4       0x3c c:/Users/odurgut/workspace-new/SKB/build/led.o
                0x080004a4                LED_Init
 .text.PB_Init  0x080004e0       0x38 c:/Users/odurgut/workspace-new/SKB/build/pb.o
                0x080004e0                PB_Init
 .text          0x08000518      0x158 c:/Users/odurgut/workspace-new/SKB/build/startup_max32572.o
                0x08000518                Reset_Handler
                0x08000556                HardFault_Handler
                0x08000558                MemManage_Handler
                0x0800055a                BusFault_Handler
                0x0800055c                UsageFault_Handler
                0x0800055e                SVC_Handler
                0x08000560                DebugMon_Handler
                0x08000562                PendSV_Handler
                0x08000564                SysTick_Handler
                0x08000566                Default_Handler
                0x08000568                PF_IRQHandler
                0x0800056a                WDT0_IRQHandler
                0x0800056c                USB_IRQHandler
                0x0800056e                RTC_IRQHandler
                0x08000570                TRNG_IRQHandler
                0x08000572                TMR0_IRQHandler
                0x08000574                TMR1_IRQHandler
                0x08000576                TMR2_IRQHandler
                0x08000578                TMR3_IRQHandler
                0x0800057a                TMR4_IRQHandler
                0x0800057c                TMR5_IRQHandler
                0x0800057e                SC0_IRQHandler
                0x08000580                RSV12_IRQHandler
                0x08000582                I2C0_IRQHandler
                0x08000584                UART0_IRQHandler
                0x08000586                UART1_IRQHandler
                0x0800058a                SPI1_IRQHandler
                0x0800058c                RSV18_IRQHandler
                0x0800058e                SKB_IRQHandler
                0x08000590                ADC_IRQHandler
                0x08000592                RSV21_IRQHandler
                0x08000594                MSRADC_IRQHandler
                0x08000596                RSV23_IRQHandler
                0x0800059c                RSV26_IRQHandler
                0x0800059e                CRYPTO_IRQHandler
                0x080005a0                DMA0_IRQHandler
                0x080005a2                DMA1_IRQHandler
                0x080005a4                DMA2_IRQHandler
                0x080005a6                DMA3_IRQHandler
                0x080005a8                RSV32_IRQHandler
                0x080005aa                RSV33_IRQHandler
                0x080005ac                UART2_IRQHandler
                0x080005ae                RSV35_IRQHandler
                0x080005b0                I2C1_IRQHandler
                0x080005b2                SC1_IRQHandler
                0x080005b4                SPIXFC_IRQHandler
                0x080005b6                RSV39_IRQHandler
                0x080005b8                RSV40_IRQHandler
                0x080005ba                RSV41_IRQHandler
                0x080005bc                RSV42_IRQHandler
                0x080005be                RSV43_IRQHandler
                0x080005c0                RSV44_IRQHandler
                0x080005c2                RSV45_IRQHandler
                0x080005c4                RSV46_IRQHandler
                0x080005c6                RSV47_IRQHandler
                0x080005c8                RSV48_IRQHandler
                0x080005ca                RSV49_IRQHandler
                0x080005cc                RSV50_IRQHandler
                0x080005ce                RSV51_IRQHandler
                0x080005d0                RSV52_IRQHandler
                0x080005d2                RSV53_IRQHandler
                0x080005d4                GPIOWAKE_IRQHandler
                0x080005d6                RSV55_IRQHandler
                0x080005d8                SPI2_IRQHandler
                0x080005da                WDT1_IRQHandler
                0x080005dc                RSV58_IRQHandler
                0x080005de                PT_IRQHandler
                0x080005e0                RSV60_IRQHandler
                0x080005e2                RSV61_IRQHandler
                0x080005e4                RSV62_IRQHandler
                0x080005e6                RISCV_IRQHandler
                0x080005e8                RSV64_IRQHandler
                0x080005ea                RSV65_IRQHandler
                0x080005ec                RSV66_IRQHandler
                0x080005ee                RSV67_IRQHandler
                0x080005f0                DMA4_IRQHandler
                0x080005f2                DMA5_IRQHandler
                0x080005f4                DMA6_IRQHandler
                0x080005f6                DMA7_IRQHandler
                0x080005f8                DMA8_IRQHandler
                0x080005fa                DMA9_IRQHandler
                0x080005fc                DMA10_IRQHandler
                0x080005fe                DMA11_IRQHandler
                0x08000600                DMA12_IRQHandler
                0x08000602                DMA13_IRQHandler
                0x08000604                DMA14_IRQHandler
                0x08000606                DMA15_IRQHandler
                0x08000608                USBDMA_IRQHandler
                0x0800060a                RSV81_IRQHandler
                0x0800060c                ECC_IRQHandler
                0x0800060e                RSV83_IRQHandler
                0x08000610                RSV84_IRQHandler
                0x08000612                SCA_IRQHandler
                0x08000614                RSV86_IRQHandler
                0x08000616                RSV87_IRQHandler
                0x08000618                UART3_IRQHandler
                0x0800061a                RSV89_IRQHandler
                0x0800061c                RSV90_IRQHandler
                0x0800061e                RSV91_IRQHandler
                0x08000620                RSV92_IRQHandler
                0x08000622                HTMR0_IRQHandler
                0x08000624                HTMR1_IRQHandler
                0x08000626                RSV95_IRQHandler
                0x08000628                RSV96_IRQHandler
                0x0800062a                RSV97_IRQHandler
                0x0800062c                RSV98_IRQHandler
                0x0800062e                RSV99_IRQHandler
                0x08000630                RSV100_IRQHandler
                0x08000632                RSV101_IRQHandler
                0x08000634                RSV102_IRQHandler
                0x08000636                RSV103_IRQHandler
                0x08000638                RSV104_IRQHandler
                0x0800063a                RSV105_IRQHandler
                0x0800063c                RSV106_IRQHandler
                0x0800063e                RSV107_IRQHandler
                0x08000640                RSV108_IRQHandler
                0x08000642                RSV109_IRQHandler
                0x08000644                RSV110_IRQHandler
                0x08000646                RSV111_IRQHandler
 .text._sbrk    0x08000670       0x40 c:/Users/odurgut/workspace-new/SKB/build/heap.o
                0x08000670                _sbrk
 .text._getpid  0x080006b0        0x6 c:/Users/odurgut/workspace-new/SKB/build/system_max32572.o
                0x080006b0                _getpid
 .text._kill    0x080006b6        0x6 c:/Users/odurgut/workspace-new/SKB/build/system_max32572.o
                0x080006b6                _kill
 .text.SystemCoreClockUpdate
                0x080006bc       0x6c c:/Users/odurgut/workspace-new/SKB/build/system_max32572.o
                0x080006bc                SystemCoreClockUpdate
 .text.PreInit  0x08000728        0x4 c:/Users/odurgut/workspace-new/SKB/build/system_max32572.o
                0x08000728                PreInit
 .text.SystemInit
                0x0800072c       0x44 c:/Users/odurgut/workspace-new/SKB/build/system_max32572.o
                0x0800072c                SystemInit
 .text.MXC_DelayInit
                0x08000770       0x84 C:/msdk/Libraries/PeriphDrivers/bin/MAX32572/softfp/libPeriphDriver_softfp.a(mxc_delay.o)
 .text.MXC_DelayAsync
                0x080007f4       0x44 C:/msdk/Libraries/PeriphDrivers/bin/MAX32572/softfp/libPeriphDriver_softfp.a(mxc_delay.o)
                0x080007f4                MXC_DelayAsync
 .text.MXC_DelayAbort
                0x08000838       0x34 C:/msdk/Libraries/PeriphDrivers/bin/MAX32572/softfp/libPeriphDriver_softfp.a(mxc_delay.o)
                0x08000838                MXC_DelayAbort
 .text.MXC_DelayCheck
                0x0800086c       0x64 C:/msdk/Libraries/PeriphDrivers/bin/MAX32572/softfp/libPeriphDriver_softfp.a(mxc_delay.o)
                0x0800086c                MXC_DelayCheck
 .text.MXC_SYS_ClockDisable
                0x080008d0       0x2c C:/msdk/Libraries/PeriphDrivers/bin/MAX32572/softfp/libPeriphDriver_softfp.a(sys_me55.o)
                0x080008d0                MXC_SYS_ClockDisable
 .text.MXC_SYS_ClockEnable
                0x080008fc       0x30 C:/msdk/Libraries/PeriphDrivers/bin/MAX32572/softfp/libPeriphDriver_softfp.a(sys_me55.o)
                0x080008fc                MXC_SYS_ClockEnable
 .text.MXC_SYS_Clock_Timeout
                0x0800092c       0x34 C:/msdk/Libraries/PeriphDrivers/bin/MAX32572/softfp/libPeriphDriver_softfp.a(sys_me55.o)
                0x0800092c                MXC_SYS_Clock_Timeout
 .text.MXC_SYS_ClockSourceEnable
                0x08000960       0x9c C:/msdk/Libraries/PeriphDrivers/bin/MAX32572/softfp/libPeriphDriver_softfp.a(sys_me55.o)
                0x08000960                MXC_SYS_ClockSourceEnable
 .text.MXC_SYS_Clock_Select
                0x080009fc      0x18c C:/msdk/Libraries/PeriphDrivers/bin/MAX32572/softfp/libPeriphDriver_softfp.a(sys_me55.o)
                0x080009fc                MXC_SYS_Clock_Select
 .text.MXC_SYS_Reset_Periph
                0x08000b88       0x24 C:/msdk/Libraries/PeriphDrivers/bin/MAX32572/softfp/libPeriphDriver_softfp.a(sys_me55.o)
                0x08000b88                MXC_SYS_Reset_Periph
 .text.MXC_GPIO_OutClr
                0x08000bac        0x8 C:/msdk/Libraries/PeriphDrivers/bin/MAX32572/softfp/libPeriphDriver_softfp.a(gpio_me55.o)
                0x08000bac                MXC_GPIO_OutClr
 .text.MXC_GPIO_Handler
                0x08000bb4        0x8 C:/msdk/Libraries/PeriphDrivers/bin/MAX32572/softfp/libPeriphDriver_softfp.a(gpio_me55.o)
                0x08000bb4                MXC_GPIO_Handler
 .text.MXC_GPIO_ClearFlags
                0x08000bbc        0x8 C:/msdk/Libraries/PeriphDrivers/bin/MAX32572/softfp/libPeriphDriver_softfp.a(gpio_me55.o)
                0x08000bbc                MXC_GPIO_ClearFlags
 .text.MXC_GPIO_GetFlags
                0x08000bc4        0x8 C:/msdk/Libraries/PeriphDrivers/bin/MAX32572/softfp/libPeriphDriver_softfp.a(gpio_me55.o)
                0x08000bc4                MXC_GPIO_GetFlags
 .text.MXC_GPIO_SetVSSEL
                0x08000bcc        0x8 C:/msdk/Libraries/PeriphDrivers/bin/MAX32572/softfp/libPeriphDriver_softfp.a(gpio_me55.o)
                0x08000bcc                MXC_GPIO_SetVSSEL
 .text.MXC_GPIO_SetDriveStrength
                0x08000bd4        0x8 C:/msdk/Libraries/PeriphDrivers/bin/MAX32572/softfp/libPeriphDriver_softfp.a(gpio_me55.o)
                0x08000bd4                MXC_GPIO_SetDriveStrength
 .text.MXC_GPIO_Config
                0x08000bdc       0xe0 C:/msdk/Libraries/PeriphDrivers/bin/MAX32572/softfp/libPeriphDriver_softfp.a(gpio_me55.o)
                0x08000bdc                MXC_GPIO_Config
 .text.MXC_GPIO_RevA_OutClr
                0x08000cbc        0x4 C:/msdk/Libraries/PeriphDrivers/bin/MAX32572/softfp/libPeriphDriver_softfp.a(gpio_reva.o)
                0x08000cbc                MXC_GPIO_RevA_OutClr
 .text.MXC_GPIO_RevA_ClearFlags
                0x08000cc0        0x4 C:/msdk/Libraries/PeriphDrivers/bin/MAX32572/softfp/libPeriphDriver_softfp.a(gpio_reva.o)
                0x08000cc0                MXC_GPIO_RevA_ClearFlags
 .text.MXC_GPIO_RevA_GetFlags
                0x08000cc4        0x4 C:/msdk/Libraries/PeriphDrivers/bin/MAX32572/softfp/libPeriphDriver_softfp.a(gpio_reva.o)
                0x08000cc4                MXC_GPIO_RevA_GetFlags
 .text.MXC_GPIO_RevA_SetVSSEL
                0x08000cc8       0x2a C:/msdk/Libraries/PeriphDrivers/bin/MAX32572/softfp/libPeriphDriver_softfp.a(gpio_reva.o)
                0x08000cc8                MXC_GPIO_RevA_SetVSSEL
 .text.MXC_GPIO_RevA_SetAF
                0x08000cf2       0x74 C:/msdk/Libraries/PeriphDrivers/bin/MAX32572/softfp/libPeriphDriver_softfp.a(gpio_reva.o)
                0x08000cf2                MXC_GPIO_RevA_SetAF
 .text.MXC_GPIO_RevA_SetDriveStrength
                0x08000d66       0x88 C:/msdk/Libraries/PeriphDrivers/bin/MAX32572/softfp/libPeriphDriver_softfp.a(gpio_reva.o)
                0x08000d66                MXC_GPIO_RevA_SetDriveStrength
 .text.MXC_SPI_Handler
                0x08000dee        0x8 C:/msdk/Libraries/PeriphDrivers/bin/MAX32572/softfp/libPeriphDriver_softfp.a(spi_me55_v2.o)
                0x08000dee                MXC_SPI_Handler
 .text.MXC_SPI_RevA2_writeTXFIFO16
                0x08000df6       0x50 C:/msdk/Libraries/PeriphDrivers/bin/MAX32572/softfp/libPeriphDriver_softfp.a(spi_reva2.o)
 .text.MXC_SPI_RevA2_readRXFIFO16
                0x08000e46       0x58 C:/msdk/Libraries/PeriphDrivers/bin/MAX32572/softfp/libPeriphDriver_softfp.a(spi_reva2.o)
 *fill*         0x08000e9e        0x2 
 .text.MXC_SPI_RevA2_process
                0x08000ea0      0x23c C:/msdk/Libraries/PeriphDrivers/bin/MAX32572/softfp/libPeriphDriver_softfp.a(spi_reva2.o)
 .text.MXC_SPI_RevA2_Handler
                0x080010dc       0xa0 C:/msdk/Libraries/PeriphDrivers/bin/MAX32572/softfp/libPeriphDriver_softfp.a(spi_reva2.o)
                0x080010dc                MXC_SPI_RevA2_Handler
 .text.MXC_UART_Shutdown
                0x0800117c       0x70 C:/msdk/Libraries/PeriphDrivers/bin/MAX32572/softfp/libPeriphDriver_softfp.a(uart_me55.o)
                0x0800117c                MXC_UART_Shutdown
 .text.MXC_UART_Init
                0x080011ec       0xa4 C:/msdk/Libraries/PeriphDrivers/bin/MAX32572/softfp/libPeriphDriver_softfp.a(uart_me55.o)
                0x080011ec                MXC_UART_Init
 .text.MXC_UART_GetFrequency
                0x08001290       0x8c C:/msdk/Libraries/PeriphDrivers/bin/MAX32572/softfp/libPeriphDriver_softfp.a(uart_me55.o)
                0x08001290                MXC_UART_GetFrequency
 .text.MXC_UART_SetFrequency
                0x0800131c       0xd4 C:/msdk/Libraries/PeriphDrivers/bin/MAX32572/softfp/libPeriphDriver_softfp.a(uart_me55.o)
                0x0800131c                MXC_UART_SetFrequency
 .text.MXC_UART_SetDataSize
                0x080013f0        0x8 C:/msdk/Libraries/PeriphDrivers/bin/MAX32572/softfp/libPeriphDriver_softfp.a(uart_me55.o)
                0x080013f0                MXC_UART_SetDataSize
 .text.MXC_UART_SetStopBits
                0x080013f8        0x8 C:/msdk/Libraries/PeriphDrivers/bin/MAX32572/softfp/libPeriphDriver_softfp.a(uart_me55.o)
                0x080013f8                MXC_UART_SetStopBits
 .text.MXC_UART_SetParity
                0x08001400        0x8 C:/msdk/Libraries/PeriphDrivers/bin/MAX32572/softfp/libPeriphDriver_softfp.a(uart_me55.o)
                0x08001400                MXC_UART_SetParity
 .text.MXC_UART_ReadCharacterRaw
                0x08001408        0x8 C:/msdk/Libraries/PeriphDrivers/bin/MAX32572/softfp/libPeriphDriver_softfp.a(uart_me55.o)
                0x08001408                MXC_UART_ReadCharacterRaw
 .text.MXC_UART_WriteCharacterRaw
                0x08001410        0x8 C:/msdk/Libraries/PeriphDrivers/bin/MAX32572/softfp/libPeriphDriver_softfp.a(uart_me55.o)
                0x08001410                MXC_UART_WriteCharacterRaw
 .text.MXC_UART_ReadCharacter
                0x08001418        0x8 C:/msdk/Libraries/PeriphDrivers/bin/MAX32572/softfp/libPeriphDriver_softfp.a(uart_me55.o)
                0x08001418                MXC_UART_ReadCharacter
 .text.MXC_UART_WriteCharacter
                0x08001420        0x8 C:/msdk/Libraries/PeriphDrivers/bin/MAX32572/softfp/libPeriphDriver_softfp.a(uart_me55.o)
                0x08001420                MXC_UART_WriteCharacter
 .text.MXC_UART_GetRXFIFOAvailable
                0x08001428        0x8 C:/msdk/Libraries/PeriphDrivers/bin/MAX32572/softfp/libPeriphDriver_softfp.a(uart_me55.o)
                0x08001428                MXC_UART_GetRXFIFOAvailable
 .text.MXC_UART_GetTXFIFOAvailable
                0x08001430        0x8 C:/msdk/Libraries/PeriphDrivers/bin/MAX32572/softfp/libPeriphDriver_softfp.a(uart_me55.o)
                0x08001430                MXC_UART_GetTXFIFOAvailable
 .text.MXC_UART_SetRXThreshold
                0x08001438        0x8 C:/msdk/Libraries/PeriphDrivers/bin/MAX32572/softfp/libPeriphDriver_softfp.a(uart_me55.o)
                0x08001438                MXC_UART_SetRXThreshold
 .text.MXC_UART_RevB_Init
                0x08001440       0x7c C:/msdk/Libraries/PeriphDrivers/bin/MAX32572/softfp/libPeriphDriver_softfp.a(uart_revb.o)
                0x08001440                MXC_UART_RevB_Init
 .text.MXC_UART_RevB_SetFrequency
                0x080014bc       0xac C:/msdk/Libraries/PeriphDrivers/bin/MAX32572/softfp/libPeriphDriver_softfp.a(uart_revb.o)
                0x080014bc                MXC_UART_RevB_SetFrequency
 .text.MXC_UART_RevB_GetFrequency
                0x08001568       0x80 C:/msdk/Libraries/PeriphDrivers/bin/MAX32572/softfp/libPeriphDriver_softfp.a(uart_revb.o)
                0x08001568                MXC_UART_RevB_GetFrequency
 .text.MXC_UART_RevB_SetDataSize
                0x080015e8       0x48 C:/msdk/Libraries/PeriphDrivers/bin/MAX32572/softfp/libPeriphDriver_softfp.a(uart_revb.o)
                0x080015e8                MXC_UART_RevB_SetDataSize
 .text.MXC_UART_RevB_SetStopBits
                0x08001630       0x4c C:/msdk/Libraries/PeriphDrivers/bin/MAX32572/softfp/libPeriphDriver_softfp.a(uart_revb.o)
                0x08001630                MXC_UART_RevB_SetStopBits
 .text.MXC_UART_RevB_SetParity
                0x0800167c       0xb8 C:/msdk/Libraries/PeriphDrivers/bin/MAX32572/softfp/libPeriphDriver_softfp.a(uart_revb.o)
                0x0800167c                MXC_UART_RevB_SetParity
 .text.MXC_UART_RevB_ReadCharacterRaw
                0x08001734       0x3c C:/msdk/Libraries/PeriphDrivers/bin/MAX32572/softfp/libPeriphDriver_softfp.a(uart_revb.o)
                0x08001734                MXC_UART_RevB_ReadCharacterRaw
 .text.MXC_UART_RevB_WriteCharacterRaw
                0x08001770       0x3c C:/msdk/Libraries/PeriphDrivers/bin/MAX32572/softfp/libPeriphDriver_softfp.a(uart_revb.o)
                0x08001770                MXC_UART_RevB_WriteCharacterRaw
 .text.MXC_UART_RevB_GetRXFIFOAvailable
                0x080017ac        0x8 C:/msdk/Libraries/PeriphDrivers/bin/MAX32572/softfp/libPeriphDriver_softfp.a(uart_revb.o)
                0x080017ac                MXC_UART_RevB_GetRXFIFOAvailable
 .text.MXC_UART_RevB_GetTXFIFOAvailable
                0x080017b4        0xc C:/msdk/Libraries/PeriphDrivers/bin/MAX32572/softfp/libPeriphDriver_softfp.a(uart_revb.o)
                0x080017b4                MXC_UART_RevB_GetTXFIFOAvailable
 .text.MXC_UART_RevB_SetRXThreshold
                0x080017c0       0x48 C:/msdk/Libraries/PeriphDrivers/bin/MAX32572/softfp/libPeriphDriver_softfp.a(uart_revb.o)
                0x080017c0                MXC_UART_RevB_SetRXThreshold
 .text.MXC_SKBD_PreInit
                0x08001808        0x8 C:/msdk/Libraries/PeriphDrivers/bin/MAX32572/softfp/libPeriphDriver_softfp.a(skbd_me55.o)
                0x08001808                MXC_SKBD_PreInit
 .text.MXC_SKBD_Init
                0x08001810       0x48 C:/msdk/Libraries/PeriphDrivers/bin/MAX32572/softfp/libPeriphDriver_softfp.a(skbd_me55.o)
                0x08001810                MXC_SKBD_Init
 .text.MXC_SKBD_EnableInterruptEvents
                0x08001858       0x10 C:/msdk/Libraries/PeriphDrivers/bin/MAX32572/softfp/libPeriphDriver_softfp.a(skbd_me55.o)
                0x08001858                MXC_SKBD_EnableInterruptEvents
 .text.MXC_SKBD_ClearInterruptStatus
                0x08001868       0x10 C:/msdk/Libraries/PeriphDrivers/bin/MAX32572/softfp/libPeriphDriver_softfp.a(skbd_me55.o)
                0x08001868                MXC_SKBD_ClearInterruptStatus
 .text.MXC_SKBD_InterruptStatus
                0x08001878       0x10 C:/msdk/Libraries/PeriphDrivers/bin/MAX32572/softfp/libPeriphDriver_softfp.a(skbd_me55.o)
                0x08001878                MXC_SKBD_InterruptStatus
 .text.MXC_SKBD_ReadKeys
                0x08001888       0x10 C:/msdk/Libraries/PeriphDrivers/bin/MAX32572/softfp/libPeriphDriver_softfp.a(skbd_me55.o)
                0x08001888                MXC_SKBD_ReadKeys
 .text.SKBD_RevA_IRQHandler
                0x08001898       0x20 C:/msdk/Libraries/PeriphDrivers/bin/MAX32572/softfp/libPeriphDriver_softfp.a(skbd_reva.o)
 .text.MXC_SKBD_RevA_PreInit
                0x080018b8       0x2c C:/msdk/Libraries/PeriphDrivers/bin/MAX32572/softfp/libPeriphDriver_softfp.a(skbd_reva.o)
                0x080018b8                MXC_SKBD_RevA_PreInit
 .text.MXC_SKBD_RevA_Init
                0x080018e4       0x8c C:/msdk/Libraries/PeriphDrivers/bin/MAX32572/softfp/libPeriphDriver_softfp.a(skbd_reva.o)
                0x080018e4                MXC_SKBD_RevA_Init
 .text.MXC_SKBD_RevA_EnableInterruptEvents
                0x08001970       0x20 C:/msdk/Libraries/PeriphDrivers/bin/MAX32572/softfp/libPeriphDriver_softfp.a(skbd_reva.o)
                0x08001970                MXC_SKBD_RevA_EnableInterruptEvents
 .text.MXC_SKBD_RevA_ClearInterruptStatus
                0x08001990       0x10 C:/msdk/Libraries/PeriphDrivers/bin/MAX32572/softfp/libPeriphDriver_softfp.a(skbd_reva.o)
                0x08001990                MXC_SKBD_RevA_ClearInterruptStatus
 .text.MXC_SKBD_RevA_InterruptStatus
                0x080019a0       0x10 C:/msdk/Libraries/PeriphDrivers/bin/MAX32572/softfp/libPeriphDriver_softfp.a(skbd_reva.o)
                0x080019a0                MXC_SKBD_RevA_InterruptStatus
 .text.MXC_SKBD_RevA_ReadKeys
                0x080019b0       0xb6 C:/msdk/Libraries/PeriphDrivers/bin/MAX32572/softfp/libPeriphDriver_softfp.a(skbd_reva.o)
                0x080019b0                MXC_SKBD_RevA_ReadKeys
 *fill*         0x08001a66        0x2 
 .text.NVIC_SetRAM
                0x08001a68       0x24 C:/msdk/Libraries/PeriphDrivers/bin/MAX32572/softfp/libPeriphDriver_softfp.a(nvic_table.o)
                0x08001a68                NVIC_SetRAM
 .text.MXC_NVIC_SetVector
                0x08001a8c       0x44 C:/msdk/Libraries/PeriphDrivers/bin/MAX32572/softfp/libPeriphDriver_softfp.a(nvic_table.o)
                0x08001a8c                MXC_NVIC_SetVector
 .text.MXC_GPIO_Common_Handler
                0x08001ad0       0x78 C:/msdk/Libraries/PeriphDrivers/bin/MAX32572/softfp/libPeriphDriver_softfp.a(gpio_common.o)
                0x08001ad0                MXC_GPIO_Common_Handler
 .text.MXC_UART_Common_ReadCharacter
                0x08001b48       0x16 C:/msdk/Libraries/PeriphDrivers/bin/MAX32572/softfp/libPeriphDriver_softfp.a(uart_common.o)
                0x08001b48                MXC_UART_Common_ReadCharacter
 .text.MXC_UART_Common_WriteCharacter
                0x08001b5e       0x1a C:/msdk/Libraries/PeriphDrivers/bin/MAX32572/softfp/libPeriphDriver_softfp.a(uart_common.o)
                0x08001b5e                MXC_UART_Common_WriteCharacter
 .text.__errno  0x08001b78        0xc c:/maximsdk/tools/gnutools/10.3/bin/../lib/gcc/arm-none-eabi/10.3.1/../../../../arm-none-eabi/lib/thumb/v7e-m+fp/softfp\libc.a(lib_a-errno.o)
                0x08001b78                __errno
 .text.__libc_init_array
                0x08001b84       0x48 c:/maximsdk/tools/gnutools/10.3/bin/../lib/gcc/arm-none-eabi/10.3.1/../../../../arm-none-eabi/lib/thumb/v7e-m+fp/softfp\libc.a(lib_a-init.o)
                0x08001b84                __libc_init_array
 .text          0x08001bcc      0x134 c:/maximsdk/tools/gnutools/10.3/bin/../lib/gcc/arm-none-eabi/10.3.1/../../../../arm-none-eabi/lib/thumb/v7e-m+fp/softfp\libc.a(lib_a-memcpy.o)
                0x08001bcc                memcpy
 .text.memset   0x08001d00       0xa4 c:/maximsdk/tools/gnutools/10.3/bin/../lib/gcc/arm-none-eabi/10.3.1/../../../../arm-none-eabi/lib/thumb/v7e-m+fp/softfp\libc.a(lib_a-memset.o)
                0x08001d00                memset
 .text.printf   0x08001da4       0x28 c:/maximsdk/tools/gnutools/10.3/bin/../lib/gcc/arm-none-eabi/10.3.1/../../../../arm-none-eabi/lib/thumb/v7e-m+fp/softfp\libc.a(lib_a-printf.o)
                0x08001da4                printf
 .text._puts_r  0x08001dcc       0x9c c:/maximsdk/tools/gnutools/10.3/bin/../lib/gcc/arm-none-eabi/10.3.1/../../../../arm-none-eabi/lib/thumb/v7e-m+fp/softfp\libc.a(lib_a-puts.o)
                0x08001dcc                _puts_r
 .text.puts     0x08001e68       0x10 c:/maximsdk/tools/gnutools/10.3/bin/../lib/gcc/arm-none-eabi/10.3.1/../../../../arm-none-eabi/lib/thumb/v7e-m+fp/softfp\libc.a(lib_a-puts.o)
                0x08001e68                puts
 *fill*         0x08001e78        0x8 
 .text          0x08001e80       0xdc c:/maximsdk/tools/gnutools/10.3/bin/../lib/gcc/arm-none-eabi/10.3.1/../../../../arm-none-eabi/lib/thumb/v7e-m+fp/softfp\libc.a(lib_a-strlen.o)
                0x08001e80                strlen
 *fill*         0x08001f5c        0x4 
 .text._vfprintf_r
                0x08001f60     0x1b8c c:/maximsdk/tools/gnutools/10.3/bin/../lib/gcc/arm-none-eabi/10.3.1/../../../../arm-none-eabi/lib/thumb/v7e-m+fp/softfp\libc.a(lib_a-vfprintf.o)
                0x08001f60                _vfprintf_r
 .text.__sbprintf
                0x08003aec       0x80 c:/maximsdk/tools/gnutools/10.3/bin/../lib/gcc/arm-none-eabi/10.3.1/../../../../arm-none-eabi/lib/thumb/v7e-m+fp/softfp\libc.a(lib_a-vfprintf.o)
 .text.__swsetup_r
                0x08003b6c       0xd4 c:/maximsdk/tools/gnutools/10.3/bin/../lib/gcc/arm-none-eabi/10.3.1/../../../../arm-none-eabi/lib/thumb/v7e-m+fp/softfp\libc.a(lib_a-wsetup.o)
                0x08003b6c                __swsetup_r
 .text.startup.register_fini
                0x08003c40       0x14 c:/maximsdk/tools/gnutools/10.3/bin/../lib/gcc/arm-none-eabi/10.3.1/../../../../arm-none-eabi/lib/thumb/v7e-m+fp/softfp\libc.a(lib_a-__call_atexit.o)
 .text.atexit   0x08003c54        0xc c:/maximsdk/tools/gnutools/10.3/bin/../lib/gcc/arm-none-eabi/10.3.1/../../../../arm-none-eabi/lib/thumb/v7e-m+fp/softfp\libc.a(lib_a-atexit.o)
                0x08003c54                atexit
 .text.quorem   0x08003c60      0x128 c:/maximsdk/tools/gnutools/10.3/bin/../lib/gcc/arm-none-eabi/10.3.1/../../../../arm-none-eabi/lib/thumb/v7e-m+fp/softfp\libc.a(lib_a-dtoa.o)
 .text._dtoa_r  0x08003d88      0xf34 c:/maximsdk/tools/gnutools/10.3/bin/../lib/gcc/arm-none-eabi/10.3.1/../../../../arm-none-eabi/lib/thumb/v7e-m+fp/softfp\libc.a(lib_a-dtoa.o)
                0x08003d88                _dtoa_r
 .text.__sflush_r
                0x08004cbc      0x130 c:/maximsdk/tools/gnutools/10.3/bin/../lib/gcc/arm-none-eabi/10.3.1/../../../../arm-none-eabi/lib/thumb/v7e-m+fp/softfp\libc.a(lib_a-fflush.o)
                0x08004cbc                __sflush_r
 .text._fflush_r
                0x08004dec       0x5c c:/maximsdk/tools/gnutools/10.3/bin/../lib/gcc/arm-none-eabi/10.3.1/../../../../arm-none-eabi/lib/thumb/v7e-m+fp/softfp\libc.a(lib_a-fflush.o)
                0x08004dec                _fflush_r
 .text._cleanup_r
                0x08004e48        0xc c:/maximsdk/tools/gnutools/10.3/bin/../lib/gcc/arm-none-eabi/10.3.1/../../../../arm-none-eabi/lib/thumb/v7e-m+fp/softfp\libc.a(lib_a-findfp.o)
                0x08004e48                _cleanup_r
 .text.__sinit  0x08004e54      0x10c c:/maximsdk/tools/gnutools/10.3/bin/../lib/gcc/arm-none-eabi/10.3.1/../../../../arm-none-eabi/lib/thumb/v7e-m+fp/softfp\libc.a(lib_a-findfp.o)
                0x08004e54                __sinit
 .text.__sfp_lock_acquire
                0x08004f60        0xc c:/maximsdk/tools/gnutools/10.3/bin/../lib/gcc/arm-none-eabi/10.3.1/../../../../arm-none-eabi/lib/thumb/v7e-m+fp/softfp\libc.a(lib_a-findfp.o)
                0x08004f60                __sfp_lock_acquire
 .text.__sfp_lock_release
                0x08004f6c        0xc c:/maximsdk/tools/gnutools/10.3/bin/../lib/gcc/arm-none-eabi/10.3.1/../../../../arm-none-eabi/lib/thumb/v7e-m+fp/softfp\libc.a(lib_a-findfp.o)
                0x08004f6c                __sfp_lock_release
 .text.__libc_fini_array
                0x08004f78       0x2c c:/maximsdk/tools/gnutools/10.3/bin/../lib/gcc/arm-none-eabi/10.3.1/../../../../arm-none-eabi/lib/thumb/v7e-m+fp/softfp\libc.a(lib_a-fini.o)
                0x08004f78                __libc_fini_array
 .text._malloc_trim_r
                0x08004fa4       0xa0 c:/maximsdk/tools/gnutools/10.3/bin/../lib/gcc/arm-none-eabi/10.3.1/../../../../arm-none-eabi/lib/thumb/v7e-m+fp/softfp\libc.a(lib_a-freer.o)
                0x08004fa4                _malloc_trim_r
 .text._free_r  0x08005044      0x20c c:/maximsdk/tools/gnutools/10.3/bin/../lib/gcc/arm-none-eabi/10.3.1/../../../../arm-none-eabi/lib/thumb/v7e-m+fp/softfp\libc.a(lib_a-freer.o)
                0x08005044                _free_r
 .text.__sfvwrite_r
                0x08005250      0x2f0 c:/maximsdk/tools/gnutools/10.3/bin/../lib/gcc/arm-none-eabi/10.3.1/../../../../arm-none-eabi/lib/thumb/v7e-m+fp/softfp\libc.a(lib_a-fvwrite.o)
                0x08005250                __sfvwrite_r
 .text._fwalk_reent
                0x08005540       0x48 c:/maximsdk/tools/gnutools/10.3/bin/../lib/gcc/arm-none-eabi/10.3.1/../../../../arm-none-eabi/lib/thumb/v7e-m+fp/softfp\libc.a(lib_a-fwalk.o)
                0x08005540                _fwalk_reent
 .text._localeconv_r
                0x08005588        0x8 c:/maximsdk/tools/gnutools/10.3/bin/../lib/gcc/arm-none-eabi/10.3.1/../../../../arm-none-eabi/lib/thumb/v7e-m+fp/softfp\libc.a(lib_a-localeconv.o)
                0x08005588                _localeconv_r
 .text.__retarget_lock_init_recursive
                0x08005590        0x4 c:/maximsdk/tools/gnutools/10.3/bin/../lib/gcc/arm-none-eabi/10.3.1/../../../../arm-none-eabi/lib/thumb/v7e-m+fp/softfp\libc.a(lib_a-lock.o)
                0x08005590                __retarget_lock_init_recursive
 .text.__retarget_lock_close_recursive
                0x08005594        0x4 c:/maximsdk/tools/gnutools/10.3/bin/../lib/gcc/arm-none-eabi/10.3.1/../../../../arm-none-eabi/lib/thumb/v7e-m+fp/softfp\libc.a(lib_a-lock.o)
                0x08005594                __retarget_lock_close_recursive
 .text.__retarget_lock_acquire_recursive
                0x08005598        0x4 c:/maximsdk/tools/gnutools/10.3/bin/../lib/gcc/arm-none-eabi/10.3.1/../../../../arm-none-eabi/lib/thumb/v7e-m+fp/softfp\libc.a(lib_a-lock.o)
                0x08005598                __retarget_lock_acquire_recursive
 .text.__retarget_lock_release_recursive
                0x0800559c        0x4 c:/maximsdk/tools/gnutools/10.3/bin/../lib/gcc/arm-none-eabi/10.3.1/../../../../arm-none-eabi/lib/thumb/v7e-m+fp/softfp\libc.a(lib_a-lock.o)
                0x0800559c                __retarget_lock_release_recursive
 .text.__smakebuf_r
                0x080055a0       0xe0 c:/maximsdk/tools/gnutools/10.3/bin/../lib/gcc/arm-none-eabi/10.3.1/../../../../arm-none-eabi/lib/thumb/v7e-m+fp/softfp\libc.a(lib_a-makebuf.o)
                0x080055a0                __smakebuf_r
 .text._malloc_r
                0x08005680      0x560 c:/maximsdk/tools/gnutools/10.3/bin/../lib/gcc/arm-none-eabi/10.3.1/../../../../arm-none-eabi/lib/thumb/v7e-m+fp/softfp\libc.a(lib_a-mallocr.o)
                0x08005680                _malloc_r
 .text          0x08005be0       0xa0 c:/maximsdk/tools/gnutools/10.3/bin/../lib/gcc/arm-none-eabi/10.3.1/../../../../arm-none-eabi/lib/thumb/v7e-m+fp/softfp\libc.a(lib_a-memchr.o)
                0x08005be0                memchr
 .text.memmove  0x08005c80       0xf8 c:/maximsdk/tools/gnutools/10.3/bin/../lib/gcc/arm-none-eabi/10.3.1/../../../../arm-none-eabi/lib/thumb/v7e-m+fp/softfp\libc.a(lib_a-memmove.o)
                0x08005c80                memmove
 .text.__malloc_lock
                0x08005d78        0xc c:/maximsdk/tools/gnutools/10.3/bin/../lib/gcc/arm-none-eabi/10.3.1/../../../../arm-none-eabi/lib/thumb/v7e-m+fp/softfp\libc.a(lib_a-mlock.o)
                0x08005d78                __malloc_lock
 .text.__malloc_unlock
                0x08005d84        0xc c:/maximsdk/tools/gnutools/10.3/bin/../lib/gcc/arm-none-eabi/10.3.1/../../../../arm-none-eabi/lib/thumb/v7e-m+fp/softfp\libc.a(lib_a-mlock.o)
                0x08005d84                __malloc_unlock
 .text._Balloc  0x08005d90       0x4c c:/maximsdk/tools/gnutools/10.3/bin/../lib/gcc/arm-none-eabi/10.3.1/../../../../arm-none-eabi/lib/thumb/v7e-m+fp/softfp\libc.a(lib_a-mprec.o)
                0x08005d90                _Balloc
 .text._Bfree   0x08005ddc       0x14 c:/maximsdk/tools/gnutools/10.3/bin/../lib/gcc/arm-none-eabi/10.3.1/../../../../arm-none-eabi/lib/thumb/v7e-m+fp/softfp\libc.a(lib_a-mprec.o)
                0x08005ddc                _Bfree
 .text.__multadd
                0x08005df0       0xa8 c:/maximsdk/tools/gnutools/10.3/bin/../lib/gcc/arm-none-eabi/10.3.1/../../../../arm-none-eabi/lib/thumb/v7e-m+fp/softfp\libc.a(lib_a-mprec.o)
                0x08005df0                __multadd
 .text.__hi0bits
                0x08005e98       0x40 c:/maximsdk/tools/gnutools/10.3/bin/../lib/gcc/arm-none-eabi/10.3.1/../../../../arm-none-eabi/lib/thumb/v7e-m+fp/softfp\libc.a(lib_a-mprec.o)
                0x08005e98                __hi0bits
 .text.__lo0bits
                0x08005ed8       0x60 c:/maximsdk/tools/gnutools/10.3/bin/../lib/gcc/arm-none-eabi/10.3.1/../../../../arm-none-eabi/lib/thumb/v7e-m+fp/softfp\libc.a(lib_a-mprec.o)
                0x08005ed8                __lo0bits
 .text.__i2b    0x08005f38       0x5c c:/maximsdk/tools/gnutools/10.3/bin/../lib/gcc/arm-none-eabi/10.3.1/../../../../arm-none-eabi/lib/thumb/v7e-m+fp/softfp\libc.a(lib_a-mprec.o)
                0x08005f38                __i2b
 .text.__multiply
                0x08005f94      0x15c c:/maximsdk/tools/gnutools/10.3/bin/../lib/gcc/arm-none-eabi/10.3.1/../../../../arm-none-eabi/lib/thumb/v7e-m+fp/softfp\libc.a(lib_a-mprec.o)
                0x08005f94                __multiply
 .text.__pow5mult
                0x080060f0       0xc0 c:/maximsdk/tools/gnutools/10.3/bin/../lib/gcc/arm-none-eabi/10.3.1/../../../../arm-none-eabi/lib/thumb/v7e-m+fp/softfp\libc.a(lib_a-mprec.o)
                0x080060f0                __pow5mult
 .text.__lshift
                0x080061b0       0xf0 c:/maximsdk/tools/gnutools/10.3/bin/../lib/gcc/arm-none-eabi/10.3.1/../../../../arm-none-eabi/lib/thumb/v7e-m+fp/softfp\libc.a(lib_a-mprec.o)
                0x080061b0                __lshift
 .text.__mcmp   0x080062a0       0x44 c:/maximsdk/tools/gnutools/10.3/bin/../lib/gcc/arm-none-eabi/10.3.1/../../../../arm-none-eabi/lib/thumb/v7e-m+fp/softfp\libc.a(lib_a-mprec.o)
                0x080062a0                __mcmp
 .text.__mdiff  0x080062e4      0x14c c:/maximsdk/tools/gnutools/10.3/bin/../lib/gcc/arm-none-eabi/10.3.1/../../../../arm-none-eabi/lib/thumb/v7e-m+fp/softfp\libc.a(lib_a-mprec.o)
                0x080062e4                __mdiff
 .text.__d2b    0x08006430       0xc4 c:/maximsdk/tools/gnutools/10.3/bin/../lib/gcc/arm-none-eabi/10.3.1/../../../../arm-none-eabi/lib/thumb/v7e-m+fp/softfp\libc.a(lib_a-mprec.o)
                0x08006430                __d2b
 .text._realloc_r
                0x080064f4      0x3d8 c:/maximsdk/tools/gnutools/10.3/bin/../lib/gcc/arm-none-eabi/10.3.1/../../../../arm-none-eabi/lib/thumb/v7e-m+fp/softfp\libc.a(lib_a-reallocr.o)
                0x080064f4                _realloc_r
 .text.frexp    0x080068cc       0x70 c:/maximsdk/tools/gnutools/10.3/bin/../lib/gcc/arm-none-eabi/10.3.1/../../../../arm-none-eabi/lib/thumb/v7e-m+fp/softfp\libc.a(lib_a-s_frexp.o)
                0x080068cc                frexp
 .text._sbrk_r  0x0800693c       0x24 c:/maximsdk/tools/gnutools/10.3/bin/../lib/gcc/arm-none-eabi/10.3.1/../../../../arm-none-eabi/lib/thumb/v7e-m+fp/softfp\libc.a(lib_a-sbrkr.o)
                0x0800693c                _sbrk_r
 .text.__sread  0x08006960       0x24 c:/maximsdk/tools/gnutools/10.3/bin/../lib/gcc/arm-none-eabi/10.3.1/../../../../arm-none-eabi/lib/thumb/v7e-m+fp/softfp\libc.a(lib_a-stdio.o)
                0x08006960                __sread
 .text.__swrite
                0x08006984       0x40 c:/maximsdk/tools/gnutools/10.3/bin/../lib/gcc/arm-none-eabi/10.3.1/../../../../arm-none-eabi/lib/thumb/v7e-m+fp/softfp\libc.a(lib_a-stdio.o)
                0x08006984                __swrite
 .text.__sseek  0x080069c4       0x20 c:/maximsdk/tools/gnutools/10.3/bin/../lib/gcc/arm-none-eabi/10.3.1/../../../../arm-none-eabi/lib/thumb/v7e-m+fp/softfp\libc.a(lib_a-stdio.o)
                0x080069c4                __sseek
 .text.__sclose
                0x080069e4        0x8 c:/maximsdk/tools/gnutools/10.3/bin/../lib/gcc/arm-none-eabi/10.3.1/../../../../arm-none-eabi/lib/thumb/v7e-m+fp/softfp\libc.a(lib_a-stdio.o)
                0x080069e4                __sclose
 .text.strncpy  0x080069ec       0x64 c:/maximsdk/tools/gnutools/10.3/bin/../lib/gcc/arm-none-eabi/10.3.1/../../../../arm-none-eabi/lib/thumb/v7e-m+fp/softfp\libc.a(lib_a-strncpy.o)
                0x080069ec                strncpy
 .text.__sprint_r.part.0
                0x08006a50       0x78 c:/maximsdk/tools/gnutools/10.3/bin/../lib/gcc/arm-none-eabi/10.3.1/../../../../arm-none-eabi/lib/thumb/v7e-m+fp/softfp\libc.a(lib_a-vfiprintf.o)
 .text.__sprint_r
                0x08006ac8       0x18 c:/maximsdk/tools/gnutools/10.3/bin/../lib/gcc/arm-none-eabi/10.3.1/../../../../arm-none-eabi/lib/thumb/v7e-m+fp/softfp\libc.a(lib_a-vfiprintf.o)
                0x08006ac8                __sprint_r
 .text._vfiprintf_r
                0x08006ae0      0xdfc c:/maximsdk/tools/gnutools/10.3/bin/../lib/gcc/arm-none-eabi/10.3.1/../../../../arm-none-eabi/lib/thumb/v7e-m+fp/softfp\libc.a(lib_a-vfiprintf.o)
                0x08006ae0                _vfiprintf_r
 .text.__sbprintf
                0x080078dc       0x80 c:/maximsdk/tools/gnutools/10.3/bin/../lib/gcc/arm-none-eabi/10.3.1/../../../../arm-none-eabi/lib/thumb/v7e-m+fp/softfp\libc.a(lib_a-vfiprintf.o)
 .text._write_r
                0x0800795c       0x2c c:/maximsdk/tools/gnutools/10.3/bin/../lib/gcc/arm-none-eabi/10.3.1/../../../../arm-none-eabi/lib/thumb/v7e-m+fp/softfp\libc.a(lib_a-writer.o)
                0x0800795c                _write_r
 .text.__register_exitproc
                0x08007988       0x8c c:/maximsdk/tools/gnutools/10.3/bin/../lib/gcc/arm-none-eabi/10.3.1/../../../../arm-none-eabi/lib/thumb/v7e-m+fp/softfp\libc.a(lib_a-__atexit.o)
                0x08007988                __register_exitproc
 .text.__assert_func
                0x08007a14       0x40 c:/maximsdk/tools/gnutools/10.3/bin/../lib/gcc/arm-none-eabi/10.3.1/../../../../arm-none-eabi/lib/thumb/v7e-m+fp/softfp\libc.a(lib_a-assert.o)
                0x08007a14                __assert_func
 .text._calloc_r
                0x08007a54       0x78 c:/maximsdk/tools/gnutools/10.3/bin/../lib/gcc/arm-none-eabi/10.3.1/../../../../arm-none-eabi/lib/thumb/v7e-m+fp/softfp\libc.a(lib_a-callocr.o)
                0x08007a54                _calloc_r
 .text._close_r
                0x08007acc       0x24 c:/maximsdk/tools/gnutools/10.3/bin/../lib/gcc/arm-none-eabi/10.3.1/../../../../arm-none-eabi/lib/thumb/v7e-m+fp/softfp\libc.a(lib_a-closer.o)
                0x08007acc                _close_r
 .text._fclose_r
                0x08007af0       0xcc c:/maximsdk/tools/gnutools/10.3/bin/../lib/gcc/arm-none-eabi/10.3.1/../../../../arm-none-eabi/lib/thumb/v7e-m+fp/softfp\libc.a(lib_a-fclose.o)
                0x08007af0                _fclose_r
 .text.fiprintf
                0x08007bbc       0x28 c:/maximsdk/tools/gnutools/10.3/bin/../lib/gcc/arm-none-eabi/10.3.1/../../../../arm-none-eabi/lib/thumb/v7e-m+fp/softfp\libc.a(lib_a-fiprintf.o)
                0x08007bbc                fiprintf
 .text.__fputwc
                0x08007be4       0xa8 c:/maximsdk/tools/gnutools/10.3/bin/../lib/gcc/arm-none-eabi/10.3.1/../../../../arm-none-eabi/lib/thumb/v7e-m+fp/softfp\libc.a(lib_a-fputwc.o)
                0x08007be4                __fputwc
 .text._fputwc_r
                0x08007c8c       0x68 c:/maximsdk/tools/gnutools/10.3/bin/../lib/gcc/arm-none-eabi/10.3.1/../../../../arm-none-eabi/lib/thumb/v7e-m+fp/softfp\libc.a(lib_a-fputwc.o)
                0x08007c8c                _fputwc_r
 .text._fstat_r
                0x08007cf4       0x2c c:/maximsdk/tools/gnutools/10.3/bin/../lib/gcc/arm-none-eabi/10.3.1/../../../../arm-none-eabi/lib/thumb/v7e-m+fp/softfp\libc.a(lib_a-fstatr.o)
                0x08007cf4                _fstat_r
 .text._isatty_r
                0x08007d20       0x24 c:/maximsdk/tools/gnutools/10.3/bin/../lib/gcc/arm-none-eabi/10.3.1/../../../../arm-none-eabi/lib/thumb/v7e-m+fp/softfp\libc.a(lib_a-isattyr.o)
                0x08007d20                _isatty_r
 .text.__locale_mb_cur_max
                0x08007d44        0xc c:/maximsdk/tools/gnutools/10.3/bin/../lib/gcc/arm-none-eabi/10.3.1/../../../../arm-none-eabi/lib/thumb/v7e-m+fp/softfp\libc.a(lib_a-locale.o)
                0x08007d44                __locale_mb_cur_max
 .text._lseek_r
                0x08007d50       0x2c c:/maximsdk/tools/gnutools/10.3/bin/../lib/gcc/arm-none-eabi/10.3.1/../../../../arm-none-eabi/lib/thumb/v7e-m+fp/softfp\libc.a(lib_a-lseekr.o)
                0x08007d50                _lseek_r
 .text.__ascii_mbtowc
                0x08007d7c       0x2c c:/maximsdk/tools/gnutools/10.3/bin/../lib/gcc/arm-none-eabi/10.3.1/../../../../arm-none-eabi/lib/thumb/v7e-m+fp/softfp\libc.a(lib_a-mbtowc_r.o)
                0x08007d7c                __ascii_mbtowc
 .text._read_r  0x08007da8       0x2c c:/maximsdk/tools/gnutools/10.3/bin/../lib/gcc/arm-none-eabi/10.3.1/../../../../arm-none-eabi/lib/thumb/v7e-m+fp/softfp\libc.a(lib_a-readr.o)
                0x08007da8                _read_r
 .text.__swbuf_r
                0x08007dd4       0xb0 c:/maximsdk/tools/gnutools/10.3/bin/../lib/gcc/arm-none-eabi/10.3.1/../../../../arm-none-eabi/lib/thumb/v7e-m+fp/softfp\libc.a(lib_a-wbuf.o)
                0x08007dd4                __swbuf_r
 .text._wcrtomb_r
                0x08007e84       0x3c c:/maximsdk/tools/gnutools/10.3/bin/../lib/gcc/arm-none-eabi/10.3.1/../../../../arm-none-eabi/lib/thumb/v7e-m+fp/softfp\libc.a(lib_a-wcrtomb.o)
                0x08007e84                _wcrtomb_r
 .text.__ascii_wctomb
                0x08007ec0       0x1c c:/maximsdk/tools/gnutools/10.3/bin/../lib/gcc/arm-none-eabi/10.3.1/../../../../arm-none-eabi/lib/thumb/v7e-m+fp/softfp\libc.a(lib_a-wctomb_r.o)
                0x08007ec0                __ascii_wctomb
 .text.abort    0x08007edc       0x10 c:/maximsdk/tools/gnutools/10.3/bin/../lib/gcc/arm-none-eabi/10.3.1/../../../../arm-none-eabi/lib/thumb/v7e-m+fp/softfp\libc.a(lib_a-abort.o)
                0x08007edc                abort
 .text.raise    0x08007eec       0x5c c:/maximsdk/tools/gnutools/10.3/bin/../lib/gcc/arm-none-eabi/10.3.1/../../../../arm-none-eabi/lib/thumb/v7e-m+fp/softfp\libc.a(lib_a-signal.o)
                0x08007eec                raise
 .text._kill_r  0x08007f48       0x2c c:/maximsdk/tools/gnutools/10.3/bin/../lib/gcc/arm-none-eabi/10.3.1/../../../../arm-none-eabi/lib/thumb/v7e-m+fp/softfp\libc.a(lib_a-signalr.o)
                0x08007f48                _kill_r
 .text._getpid_r
                0x08007f74        0x4 c:/maximsdk/tools/gnutools/10.3/bin/../lib/gcc/arm-none-eabi/10.3.1/../../../../arm-none-eabi/lib/thumb/v7e-m+fp/softfp\libc.a(lib_a-signalr.o)
                0x08007f74                _getpid_r
 .text._exit    0x08007f78        0x4 c:/maximsdk/tools/gnutools/10.3/bin/../lib/gcc/arm-none-eabi/10.3.1/../../../../arm-none-eabi/lib/thumb/v7e-m+fp/softfp\libnosys.a(_exit.o)
                0x08007f78                _exit
 .text          0x08007f7c      0x378 c:/maximsdk/tools/gnutools/10.3/bin/../lib/gcc/arm-none-eabi/10.3.1/thumb/v7e-m+fp/softfp\libgcc.a(_arm_addsubdf3.o)
                0x08007f7c                __aeabi_drsub
                0x08007f84                __aeabi_dsub
                0x08007f84                __subdf3
                0x08007f88                __aeabi_dadd
                0x08007f88                __adddf3
                0x08008200                __floatunsidf
                0x08008200                __aeabi_ui2d
                0x08008220                __floatsidf
                0x08008220                __aeabi_i2d
                0x08008244                __aeabi_f2d
                0x08008244                __extendsfdf2
                0x08008288                __floatundidf
                0x08008288                __aeabi_ul2d
                0x08008298                __floatdidf
                0x08008298                __aeabi_l2d
 .text          0x080082f4      0x424 c:/maximsdk/tools/gnutools/10.3/bin/../lib/gcc/arm-none-eabi/10.3.1/thumb/v7e-m+fp/softfp\libgcc.a(_arm_muldivdf3.o)
                0x080082f4                __aeabi_dmul
                0x080082f4                __muldf3
                0x08008548                __divdf3
                0x08008548                __aeabi_ddiv
 .text          0x08008718      0x110 c:/maximsdk/tools/gnutools/10.3/bin/../lib/gcc/arm-none-eabi/10.3.1/thumb/v7e-m+fp/softfp\libgcc.a(_arm_cmpdf2.o)
                0x08008718                __gtdf2
                0x08008718                __gedf2
                0x08008720                __ltdf2
                0x08008720                __ledf2
                0x08008728                __nedf2
                0x08008728                __eqdf2
                0x08008728                __cmpdf2
                0x080087a4                __aeabi_cdrcmple
                0x080087b4                __aeabi_cdcmpeq
                0x080087b4                __aeabi_cdcmple
                0x080087c4                __aeabi_dcmpeq
                0x080087d8                __aeabi_dcmplt
                0x080087ec                __aeabi_dcmple
                0x08008800                __aeabi_dcmpge
                0x08008814                __aeabi_dcmpgt
 .text          0x08008828       0x2c c:/maximsdk/tools/gnutools/10.3/bin/../lib/gcc/arm-none-eabi/10.3.1/thumb/v7e-m+fp/softfp\libgcc.a(_arm_unorddf2.o)
                0x08008828                __unorddf2
                0x08008828                __aeabi_dcmpun
 .text          0x08008854       0x50 c:/maximsdk/tools/gnutools/10.3/bin/../lib/gcc/arm-none-eabi/10.3.1/thumb/v7e-m+fp/softfp\libgcc.a(_arm_fixdfsi.o)
                0x08008854                __aeabi_d2iz
                0x08008854                __fixdfsi
 .text          0x080088a4       0x30 c:/maximsdk/tools/gnutools/10.3/bin/../lib/gcc/arm-none-eabi/10.3.1/thumb/v7e-m+fp/softfp\libgcc.a(_aeabi_uldivmod.o)
                0x080088a4                __aeabi_uldivmod
 .text          0x080088d4      0x2d0 c:/maximsdk/tools/gnutools/10.3/bin/../lib/gcc/arm-none-eabi/10.3.1/thumb/v7e-m+fp/softfp\libgcc.a(_udivmoddi4.o)
                0x080088d4                __udivmoddi4
 .text          0x08008ba4        0x4 c:/maximsdk/tools/gnutools/10.3/bin/../lib/gcc/arm-none-eabi/10.3.1/thumb/v7e-m+fp/softfp\libgcc.a(_dvmd_tls.o)
                0x08008ba4                __aeabi_idiv0
                0x08008ba4                __aeabi_ldiv0
 *(.rodata*)
 .rodata.main.str1.4
                0x08008ba8       0x8f c:/Users/odurgut/workspace-new/SKB/build/main.o
 *fill*         0x08008c37        0x1 
 .rodata.keyboard_map
                0x08008c38       0x10 c:/Users/odurgut/workspace-new/SKB/build/main.o
                0x08008c38                keyboard_map
 .rodata.mxc_assert.str1.4
                0x08008c48       0x19 c:/Users/odurgut/workspace-new/SKB/build/board.o
 *fill*         0x08008c61        0x3 
 .rodata.Board_Init.str1.4
                0x08008c64       0x41 c:/Users/odurgut/workspace-new/SKB/build/board.o
 *fill*         0x08008ca5        0x3 
 .rodata.led_pin
                0x08008ca8       0x18 c:/Users/odurgut/workspace-new/SKB/build/board.o
                0x08008ca8                led_pin
 .rodata.num_leds
                0x08008cc0        0x4 c:/Users/odurgut/workspace-new/SKB/build/board.o
                0x08008cc0                num_leds
 .rodata.num_pbs
                0x08008cc4        0x4 c:/Users/odurgut/workspace-new/SKB/build/board.o
                0x08008cc4                num_pbs
 .rodata.pb_pin
                0x08008cc8       0x18 c:/Users/odurgut/workspace-new/SKB/build/board.o
                0x08008cc8                pb_pin
 .rodata.LED_On.str1.4
                0x08008ce0       0x37 c:/Users/odurgut/workspace-new/SKB/build/led.o
 *fill*         0x08008d17        0x1 
 .rodata.gpio_cfg_kbd_P2
                0x08008d18        0xc C:/msdk/Libraries/PeriphDrivers/bin/MAX32572/softfp/libPeriphDriver_softfp.a(pins_me55.o)
                0x08008d18                gpio_cfg_kbd_P2
 .rodata.gpio_cfg_uart0
                0x08008d24        0xc C:/msdk/Libraries/PeriphDrivers/bin/MAX32572/softfp/libPeriphDriver_softfp.a(pins_me55.o)
                0x08008d24                gpio_cfg_uart0
 .rodata.gpio_cfg_uart1
                0x08008d30        0xc C:/msdk/Libraries/PeriphDrivers/bin/MAX32572/softfp/libPeriphDriver_softfp.a(pins_me55.o)
                0x08008d30                gpio_cfg_uart1
 .rodata.gpio_cfg_uart2
                0x08008d3c        0xc C:/msdk/Libraries/PeriphDrivers/bin/MAX32572/softfp/libPeriphDriver_softfp.a(pins_me55.o)
                0x08008d3c                gpio_cfg_uart2
 .rodata.gpio_cfg_uart3
                0x08008d48        0xc C:/msdk/Libraries/PeriphDrivers/bin/MAX32572/softfp/libPeriphDriver_softfp.a(pins_me55.o)
                0x08008d48                gpio_cfg_uart3
 .rodata.MXC_GPIO_Common_Handler.str1.4
                0x08008d54       0x62 C:/msdk/Libraries/PeriphDrivers/bin/MAX32572/softfp/libPeriphDriver_softfp.a(gpio_common.o)
 *fill*         0x08008db6        0x2 
 .rodata._global_impure_ptr
                0x08008db8        0x4 c:/maximsdk/tools/gnutools/10.3/bin/../lib/gcc/arm-none-eabi/10.3.1/../../../../arm-none-eabi/lib/thumb/v7e-m+fp/softfp\libc.a(lib_a-impure.o)
                0x08008db8                _global_impure_ptr
 .rodata._puts_r.str1.4
                0x08008dbc        0x2 c:/maximsdk/tools/gnutools/10.3/bin/../lib/gcc/arm-none-eabi/10.3.1/../../../../arm-none-eabi/lib/thumb/v7e-m+fp/softfp\libc.a(lib_a-puts.o)
 *fill*         0x08008dbe        0x2 
 .rodata._vfprintf_r.str1.4
                0x08008dc0       0x42 c:/maximsdk/tools/gnutools/10.3/bin/../lib/gcc/arm-none-eabi/10.3.1/../../../../arm-none-eabi/lib/thumb/v7e-m+fp/softfp\libc.a(lib_a-vfprintf.o)
 *fill*         0x08008e02        0x2 
 .rodata.blanks.1
                0x08008e04       0x10 c:/maximsdk/tools/gnutools/10.3/bin/../lib/gcc/arm-none-eabi/10.3.1/../../../../arm-none-eabi/lib/thumb/v7e-m+fp/softfp\libc.a(lib_a-vfprintf.o)
 .rodata.zeroes.0
                0x08008e14       0x10 c:/maximsdk/tools/gnutools/10.3/bin/../lib/gcc/arm-none-eabi/10.3.1/../../../../arm-none-eabi/lib/thumb/v7e-m+fp/softfp\libc.a(lib_a-vfprintf.o)
 .rodata._dtoa_r.str1.4
                0x08008e24       0xa2 c:/maximsdk/tools/gnutools/10.3/bin/../lib/gcc/arm-none-eabi/10.3.1/../../../../arm-none-eabi/lib/thumb/v7e-m+fp/softfp\libc.a(lib_a-dtoa.o)
                                 0xa6 (size before relaxing)
 *fill*         0x08008ec6        0x2 
 .rodata.__multadd.str1.4
                0x08008ec8       0x7f c:/maximsdk/tools/gnutools/10.3/bin/../lib/gcc/arm-none-eabi/10.3.1/../../../../arm-none-eabi/lib/thumb/v7e-m+fp/softfp\libc.a(lib_a-mprec.o)
                                 0x93 (size before relaxing)
 *fill*         0x08008f47        0x1 
 .rodata.__mprec_bigtens
                0x08008f48       0x28 c:/maximsdk/tools/gnutools/10.3/bin/../lib/gcc/arm-none-eabi/10.3.1/../../../../arm-none-eabi/lib/thumb/v7e-m+fp/softfp\libc.a(lib_a-mprec.o)
                0x08008f48                __mprec_bigtens
 .rodata.__mprec_tens
                0x08008f70       0xc8 c:/maximsdk/tools/gnutools/10.3/bin/../lib/gcc/arm-none-eabi/10.3.1/../../../../arm-none-eabi/lib/thumb/v7e-m+fp/softfp\libc.a(lib_a-mprec.o)
                0x08008f70                __mprec_tens
 .rodata.p05.0  0x08009038        0xc c:/maximsdk/tools/gnutools/10.3/bin/../lib/gcc/arm-none-eabi/10.3.1/../../../../arm-none-eabi/lib/thumb/v7e-m+fp/softfp\libc.a(lib_a-mprec.o)
 .rodata._vfiprintf_r.str1.4
                0x08009044       0x2f c:/maximsdk/tools/gnutools/10.3/bin/../lib/gcc/arm-none-eabi/10.3.1/../../../../arm-none-eabi/lib/thumb/v7e-m+fp/softfp\libc.a(lib_a-vfiprintf.o)
 .rodata.blanks.1
                0x08009044       0x10 c:/maximsdk/tools/gnutools/10.3/bin/../lib/gcc/arm-none-eabi/10.3.1/../../../../arm-none-eabi/lib/thumb/v7e-m+fp/softfp\libc.a(lib_a-vfiprintf.o)
 .rodata.zeroes.0
                0x08009054       0x10 c:/maximsdk/tools/gnutools/10.3/bin/../lib/gcc/arm-none-eabi/10.3.1/../../../../arm-none-eabi/lib/thumb/v7e-m+fp/softfp\libc.a(lib_a-vfiprintf.o)
 .rodata.__assert_func.str1.4
                0x08009064       0x3f c:/maximsdk/tools/gnutools/10.3/bin/../lib/gcc/arm-none-eabi/10.3.1/../../../../arm-none-eabi/lib/thumb/v7e-m+fp/softfp\libc.a(lib_a-assert.o)
                                 0x43 (size before relaxing)
 *fill*         0x080090a3        0x1 
 .rodata._setlocale_r.str1.4
                0x080090a4        0xa c:/maximsdk/tools/gnutools/10.3/bin/../lib/gcc/arm-none-eabi/10.3.1/../../../../arm-none-eabi/lib/thumb/v7e-m+fp/softfp\libc.a(lib_a-locale.o)
                                  0xd (size before relaxing)
 *fill*         0x080090ae        0x2 
 .rodata.str1.4
                0x080090b0        0x2 c:/maximsdk/tools/gnutools/10.3/bin/../lib/gcc/arm-none-eabi/10.3.1/../../../../arm-none-eabi/lib/thumb/v7e-m+fp/softfp\libc.a(lib_a-locale.o)
 *fill*         0x080090b2        0x2 
 .rodata._ctype_
                0x080090b4      0x101 c:/maximsdk/tools/gnutools/10.3/bin/../lib/gcc/arm-none-eabi/10.3.1/../../../../arm-none-eabi/lib/thumb/v7e-m+fp/softfp\libc.a(lib_a-ctype_.o)
                0x080090b4                _ctype_
 *(.init)
 *fill*         0x080091b5        0x3 
 .init          0x080091b8        0x4 c:/maximsdk/tools/gnutools/10.3/bin/../lib/gcc/arm-none-eabi/10.3.1/thumb/v7e-m+fp/softfp/crti.o
                0x080091b8                _init
 .init          0x080091bc        0x8 c:/maximsdk/tools/gnutools/10.3/bin/../lib/gcc/arm-none-eabi/10.3.1/thumb/v7e-m+fp/softfp/crtn.o
 *(.fini)
 .fini          0x080091c4        0x4 c:/maximsdk/tools/gnutools/10.3/bin/../lib/gcc/arm-none-eabi/10.3.1/thumb/v7e-m+fp/softfp/crti.o
                0x080091c4                _fini
 .fini          0x080091c8        0x8 c:/maximsdk/tools/gnutools/10.3/bin/../lib/gcc/arm-none-eabi/10.3.1/thumb/v7e-m+fp/softfp/crtn.o
 *(.eh_frame*)
 .eh_frame      0x080091d0        0x0 c:/maximsdk/tools/gnutools/10.3/bin/../lib/gcc/arm-none-eabi/10.3.1/thumb/v7e-m+fp/softfp/crtbegin.o
 .eh_frame      0x080091d0        0x4 c:/maximsdk/tools/gnutools/10.3/bin/../lib/gcc/arm-none-eabi/10.3.1/thumb/v7e-m+fp/softfp/crtend.o
                0x080091d4                _etext = .

.glue_7         0x080091d4        0x0
 .glue_7        0x080091d4        0x0 linker stubs

.glue_7t        0x080091d4        0x0
 .glue_7t       0x080091d4        0x0 linker stubs

.vfp11_veneer   0x080091d4        0x0
 .vfp11_veneer  0x080091d4        0x0 linker stubs

.v4_bx          0x080091d4        0x0
 .v4_bx         0x080091d4        0x0 linker stubs

.iplt           0x080091d4        0x0
 .iplt          0x080091d4        0x0 c:/maximsdk/tools/gnutools/10.3/bin/../lib/gcc/arm-none-eabi/10.3.1/thumb/v7e-m+fp/softfp/crtbegin.o

.ARM.extab
 *(.ARM.extab* .gnu.linkonce.armextab.*)

.ARM.exidx      0x00000000        0x8
                0x00000000                __exidx_start = .
 *(.ARM.exidx*)
 .ARM.exidx     0x00000000        0x8 c:/maximsdk/tools/gnutools/10.3/bin/../lib/gcc/arm-none-eabi/10.3.1/thumb/v7e-m+fp/softfp\libgcc.a(_udivmoddi4.o)
                0x00000008                __exidx_end = .

.rel.dyn        0x00000008        0x0
 .rel.iplt      0x00000008        0x0 c:/maximsdk/tools/gnutools/10.3/bin/../lib/gcc/arm-none-eabi/10.3.1/thumb/v7e-m+fp/softfp/crtbegin.o

.xip_section    0x080091d4        0x0
 *(.xip_section*)
                0x080091d4                __load_start_xip = LOADADDR (.xip_section)
                0x00000000                __load_length_xip = SIZEOF (.xip_section)

.data           0x20000000      0x9c4 load address 0x080091d4
                0x20000000                _data = ALIGN (., 0x4)
 *(vtable)
 *(.data*)
 .data.ConsoleUart
                0x20000000        0x4 c:/Users/odurgut/workspace-new/SKB/build/board.o
                0x20000000                ConsoleUart
 .data.SystemCoreClock
                0x20000004        0x4 c:/Users/odurgut/workspace-new/SKB/build/system_max32572.o
                0x20000004                SystemCoreClock
 .data.overflows
                0x20000008        0x4 C:/msdk/Libraries/PeriphDrivers/bin/MAX32572/softfp/libPeriphDriver_softfp.a(mxc_delay.o)
 .data._impure_ptr
                0x2000000c        0x4 c:/maximsdk/tools/gnutools/10.3/bin/../lib/gcc/arm-none-eabi/10.3.1/../../../../arm-none-eabi/lib/thumb/v7e-m+fp/softfp\libc.a(lib_a-impure.o)
                0x2000000c                _impure_ptr
 .data.impure_data
                0x20000010      0x428 c:/maximsdk/tools/gnutools/10.3/bin/../lib/gcc/arm-none-eabi/10.3.1/../../../../arm-none-eabi/lib/thumb/v7e-m+fp/softfp\libc.a(lib_a-impure.o)
 .data.__atexit_recursive_mutex
                0x20000438        0x4 c:/maximsdk/tools/gnutools/10.3/bin/../lib/gcc/arm-none-eabi/10.3.1/../../../../arm-none-eabi/lib/thumb/v7e-m+fp/softfp\libc.a(lib_a-__call_atexit.o)
                0x20000438                __atexit_recursive_mutex
 .data.__malloc_av_
                0x2000043c      0x408 c:/maximsdk/tools/gnutools/10.3/bin/../lib/gcc/arm-none-eabi/10.3.1/../../../../arm-none-eabi/lib/thumb/v7e-m+fp/softfp\libc.a(lib_a-mallocr.o)
                0x2000043c                __malloc_av_
 .data.__malloc_sbrk_base
                0x20000844        0x4 c:/maximsdk/tools/gnutools/10.3/bin/../lib/gcc/arm-none-eabi/10.3.1/../../../../arm-none-eabi/lib/thumb/v7e-m+fp/softfp\libc.a(lib_a-mallocr.o)
                0x20000844                __malloc_sbrk_base
 .data.__malloc_trim_threshold
                0x20000848        0x4 c:/maximsdk/tools/gnutools/10.3/bin/../lib/gcc/arm-none-eabi/10.3.1/../../../../arm-none-eabi/lib/thumb/v7e-m+fp/softfp\libc.a(lib_a-mallocr.o)
                0x20000848                __malloc_trim_threshold
 .data.__global_locale
                0x2000084c      0x16c c:/maximsdk/tools/gnutools/10.3/bin/../lib/gcc/arm-none-eabi/10.3.1/../../../../arm-none-eabi/lib/thumb/v7e-m+fp/softfp\libc.a(lib_a-locale.o)
                0x2000084c                __global_locale
 *(.spix_config*)
                0x200009b8                . = ALIGN (0x4)
                0x200009b8                PROVIDE (__preinit_array_start = .)
 *(.preinit_array)
                0x200009b8                PROVIDE (__preinit_array_end = .)
                0x200009b8                . = ALIGN (0x4)
                0x200009b8                PROVIDE (__init_array_start = .)
 *(SORT_BY_NAME(.init_array.*))
 .init_array.00000
                0x200009b8        0x4 c:/maximsdk/tools/gnutools/10.3/bin/../lib/gcc/arm-none-eabi/10.3.1/../../../../arm-none-eabi/lib/thumb/v7e-m+fp/softfp\libc.a(lib_a-__call_atexit.o)
 *(.init_array)
 .init_array    0x200009bc        0x4 c:/maximsdk/tools/gnutools/10.3/bin/../lib/gcc/arm-none-eabi/10.3.1/thumb/v7e-m+fp/softfp/crtbegin.o
                0x200009c0                PROVIDE (__init_array_end = .)
                0x200009c0                . = ALIGN (0x4)
                0x200009c0                PROVIDE (__fini_array_start = .)
 *(SORT_BY_NAME(.fini_array.*))
 *(.fini_array)
 .fini_array    0x200009c0        0x4 c:/maximsdk/tools/gnutools/10.3/bin/../lib/gcc/arm-none-eabi/10.3.1/thumb/v7e-m+fp/softfp/crtbegin.o
                0x200009c4                PROVIDE (__fini_array_end = .)
                0x200009c4                _edata = ALIGN (., 0x4)
                0x080091d4                __load_data = LOADADDR (.data)
                0x08009b98                __end_data = (LOADADDR (.data) + SIZEOF (.data))

.igot.plt       0x200009c4        0x0 load address 0x08009b98
 .igot.plt      0x200009c4        0x0 c:/maximsdk/tools/gnutools/10.3/bin/../lib/gcc/arm-none-eabi/10.3.1/thumb/v7e-m+fp/softfp/crtbegin.o

.sram_rv        0x20060000        0x0
                0x20060000                _data_rv = ALIGN (., 0x4)
 *(.sram_rv*)
                0x20060000                _edata_rv = ALIGN (., 0x4)

.sb_sla_trailer
                0x08009b98        0x8
 *(.sb_sla_trailer)
 FILL mask 0xdeadc0de
                0x08009b98        0x4 LONG 0xdeadc0de
                0x08009ba0                . = ALIGN (0x10)
 *fill*         0x08009b9c        0x4 deadc0de
                0x08009ba0                __end_image = (LOADADDR (.sb_sla_trailer) + SIZEOF (.sb_sla_trailer))

.sig            0x08009ba0        0x4
 *(.sig)
                0x08009ba0        0x4 LONG 0xdeadbeef

.bss            0x20000a00      0x648
                0x20000a00                . = ALIGN (0x4)
                0x20000a00                _bss = .
 *(.bss*)
 .bss           0x20000a00       0x1c c:/maximsdk/tools/gnutools/10.3/bin/../lib/gcc/arm-none-eabi/10.3.1/thumb/v7e-m+fp/softfp/crtbegin.o
 .bss.key_pressed
                0x20000a1c        0x4 c:/Users/odurgut/workspace-new/SKB/build/main.o
                0x20000a1c                key_pressed
 .bss.keys      0x20000a20        0x8 c:/Users/odurgut/workspace-new/SKB/build/main.o
                0x20000a20                keys
 .bss.heap_end  0x20000a28        0x4 c:/Users/odurgut/workspace-new/SKB/build/heap.o
 .bss.cbFunc    0x20000a2c        0x4 C:/msdk/Libraries/PeriphDrivers/bin/MAX32572/softfp/libPeriphDriver_softfp.a(mxc_delay.o)
 .bss.ctrl_save
                0x20000a30        0x4 C:/msdk/Libraries/PeriphDrivers/bin/MAX32572/softfp/libPeriphDriver_softfp.a(mxc_delay.o)
 .bss.endtick   0x20000a34        0x4 C:/msdk/Libraries/PeriphDrivers/bin/MAX32572/softfp/libPeriphDriver_softfp.a(mxc_delay.o)
 .bss.STATES    0x20000a38       0xb4 C:/msdk/Libraries/PeriphDrivers/bin/MAX32572/softfp/libPeriphDriver_softfp.a(spi_reva2.o)
 .bss.mxc_skbd_req
                0x20000aec       0x10 C:/msdk/Libraries/PeriphDrivers/bin/MAX32572/softfp/libPeriphDriver_softfp.a(skbd_reva.o)
 *fill*         0x20000afc      0x104 
 .bss.ramVectorTable
                0x20000c00      0x200 C:/msdk/Libraries/PeriphDrivers/bin/MAX32572/softfp/libPeriphDriver_softfp.a(nvic_table.o)
 .bss.callback  0x20000e00      0x100 C:/msdk/Libraries/PeriphDrivers/bin/MAX32572/softfp/libPeriphDriver_softfp.a(gpio_common.o)
 .bss.cbparam   0x20000f00      0x100 C:/msdk/Libraries/PeriphDrivers/bin/MAX32572/softfp/libPeriphDriver_softfp.a(gpio_common.o)
 .bss.__lock___atexit_recursive_mutex
                0x20001000        0x1 c:/maximsdk/tools/gnutools/10.3/bin/../lib/gcc/arm-none-eabi/10.3.1/../../../../arm-none-eabi/lib/thumb/v7e-m+fp/softfp\libc.a(lib_a-lock.o)
                0x20001000                __lock___atexit_recursive_mutex
 *fill*         0x20001001        0x3 
 .bss.__lock___malloc_recursive_mutex
                0x20001004        0x1 c:/maximsdk/tools/gnutools/10.3/bin/../lib/gcc/arm-none-eabi/10.3.1/../../../../arm-none-eabi/lib/thumb/v7e-m+fp/softfp\libc.a(lib_a-lock.o)
                0x20001004                __lock___malloc_recursive_mutex
 *fill*         0x20001005        0x3 
 .bss.__lock___sfp_recursive_mutex
                0x20001008        0x1 c:/maximsdk/tools/gnutools/10.3/bin/../lib/gcc/arm-none-eabi/10.3.1/../../../../arm-none-eabi/lib/thumb/v7e-m+fp/softfp\libc.a(lib_a-lock.o)
                0x20001008                __lock___sfp_recursive_mutex
 *fill*         0x20001009        0x3 
 .bss.__lock___sinit_recursive_mutex
                0x2000100c        0x1 c:/maximsdk/tools/gnutools/10.3/bin/../lib/gcc/arm-none-eabi/10.3.1/../../../../arm-none-eabi/lib/thumb/v7e-m+fp/softfp\libc.a(lib_a-lock.o)
                0x2000100c                __lock___sinit_recursive_mutex
 *fill*         0x2000100d        0x3 
 .bss.__malloc_current_mallinfo
                0x20001010       0x28 c:/maximsdk/tools/gnutools/10.3/bin/../lib/gcc/arm-none-eabi/10.3.1/../../../../arm-none-eabi/lib/thumb/v7e-m+fp/softfp\libc.a(lib_a-mallocr.o)
                0x20001010                __malloc_current_mallinfo
 .bss.__malloc_max_sbrked_mem
                0x20001038        0x4 c:/maximsdk/tools/gnutools/10.3/bin/../lib/gcc/arm-none-eabi/10.3.1/../../../../arm-none-eabi/lib/thumb/v7e-m+fp/softfp\libc.a(lib_a-mallocr.o)
                0x20001038                __malloc_max_sbrked_mem
 .bss.__malloc_max_total_mem
                0x2000103c        0x4 c:/maximsdk/tools/gnutools/10.3/bin/../lib/gcc/arm-none-eabi/10.3.1/../../../../arm-none-eabi/lib/thumb/v7e-m+fp/softfp\libc.a(lib_a-mallocr.o)
                0x2000103c                __malloc_max_total_mem
 .bss.__malloc_top_pad
                0x20001040        0x4 c:/maximsdk/tools/gnutools/10.3/bin/../lib/gcc/arm-none-eabi/10.3.1/../../../../arm-none-eabi/lib/thumb/v7e-m+fp/softfp\libc.a(lib_a-mallocr.o)
                0x20001040                __malloc_top_pad
 .bss.errno     0x20001044        0x4 c:/maximsdk/tools/gnutools/10.3/bin/../lib/gcc/arm-none-eabi/10.3.1/../../../../arm-none-eabi/lib/thumb/v7e-m+fp/softfp\libc.a(lib_a-reent.o)
                0x20001044                errno
 *(COMMON)
                0x20001048                _ebss = ALIGN (., 0x4)
                0x20060000                __StackTop = (ORIGIN (SRAM) + LENGTH (SRAM))
                0x2005f000                __StackLimit = (__StackTop - SIZEOF (.stack_dummy))

.stack_dummy    0x20001048     0x1000
 *(.stack*)
 .stack         0x20001048     0x1000 c:/Users/odurgut/workspace-new/SKB/build/startup_max32572.o

.heap           0x20001048      0xc00
                0x20001048                . = ALIGN (0x4)
 *(.heap*)
 .heap          0x20001048      0xc00 c:/Users/odurgut/workspace-new/SKB/build/startup_max32572.o
                0x20001048                __HeapBase
                0x2005f000                __HeapLimit = ABSOLUTE (__StackLimit)
                0x20060000                PROVIDE (__stack = __StackTop)
                0x00000001                ASSERT ((__StackLimit >= _ebss), region RAM overflowed with stack)
OUTPUT(c:/Users/odurgut/workspace-new/SKB/build/SKB.elf elf32-littlearm)
LOAD linker stubs

.ARM.attributes
                0x00000000       0x2e
 .ARM.attributes
                0x00000000       0x1e c:/maximsdk/tools/gnutools/10.3/bin/../lib/gcc/arm-none-eabi/10.3.1/thumb/v7e-m+fp/softfp/crti.o
 .ARM.attributes
                0x0000001e       0x32 c:/maximsdk/tools/gnutools/10.3/bin/../lib/gcc/arm-none-eabi/10.3.1/thumb/v7e-m+fp/softfp/crtbegin.o
 .ARM.attributes
                0x00000050       0x32 c:/Users/odurgut/workspace-new/SKB/build/main.o
 .ARM.attributes
                0x00000082       0x32 c:/Users/odurgut/workspace-new/SKB/build/board.o
 .ARM.attributes
                0x000000b4       0x32 c:/Users/odurgut/workspace-new/SKB/build/stdio.o
 .ARM.attributes
                0x000000e6       0x32 c:/Users/odurgut/workspace-new/SKB/build/led.o
 .ARM.attributes
                0x00000118       0x32 c:/Users/odurgut/workspace-new/SKB/build/pb.o
 .ARM.attributes
                0x0000014a       0x1b c:/Users/odurgut/workspace-new/SKB/build/startup_max32572.o
 .ARM.attributes
                0x00000165       0x32 c:/Users/odurgut/workspace-new/SKB/build/heap.o
 .ARM.attributes
                0x00000197       0x32 c:/Users/odurgut/workspace-new/SKB/build/system_max32572.o
 .ARM.attributes
                0x000001c9       0x32 C:/msdk/Libraries/PeriphDrivers/bin/MAX32572/softfp/libPeriphDriver_softfp.a(mxc_delay.o)
 .ARM.attributes
                0x000001fb       0x32 C:/msdk/Libraries/PeriphDrivers/bin/MAX32572/softfp/libPeriphDriver_softfp.a(sys_me55.o)
 .ARM.attributes
                0x0000022d       0x32 C:/msdk/Libraries/PeriphDrivers/bin/MAX32572/softfp/libPeriphDriver_softfp.a(gpio_me55.o)
 .ARM.attributes
                0x0000025f       0x32 C:/msdk/Libraries/PeriphDrivers/bin/MAX32572/softfp/libPeriphDriver_softfp.a(gpio_reva.o)
 .ARM.attributes
                0x00000291       0x32 C:/msdk/Libraries/PeriphDrivers/bin/MAX32572/softfp/libPeriphDriver_softfp.a(spi_me55_v2.o)
 .ARM.attributes
                0x000002c3       0x32 C:/msdk/Libraries/PeriphDrivers/bin/MAX32572/softfp/libPeriphDriver_softfp.a(spi_reva2.o)
 .ARM.attributes
                0x000002f5       0x32 C:/msdk/Libraries/PeriphDrivers/bin/MAX32572/softfp/libPeriphDriver_softfp.a(uart_me55.o)
 .ARM.attributes
                0x00000327       0x32 C:/msdk/Libraries/PeriphDrivers/bin/MAX32572/softfp/libPeriphDriver_softfp.a(uart_revb.o)
 .ARM.attributes
                0x00000359       0x32 C:/msdk/Libraries/PeriphDrivers/bin/MAX32572/softfp/libPeriphDriver_softfp.a(skbd_me55.o)
 .ARM.attributes
                0x0000038b       0x32 C:/msdk/Libraries/PeriphDrivers/bin/MAX32572/softfp/libPeriphDriver_softfp.a(skbd_reva.o)
 .ARM.attributes
                0x000003bd       0x32 C:/msdk/Libraries/PeriphDrivers/bin/MAX32572/softfp/libPeriphDriver_softfp.a(nvic_table.o)
 .ARM.attributes
                0x000003ef       0x32 C:/msdk/Libraries/PeriphDrivers/bin/MAX32572/softfp/libPeriphDriver_softfp.a(pins_me55.o)
 .ARM.attributes
                0x00000421       0x32 C:/msdk/Libraries/PeriphDrivers/bin/MAX32572/softfp/libPeriphDriver_softfp.a(gpio_common.o)
 .ARM.attributes
                0x00000453       0x32 C:/msdk/Libraries/PeriphDrivers/bin/MAX32572/softfp/libPeriphDriver_softfp.a(uart_common.o)
 .ARM.attributes
                0x00000485       0x32 c:/maximsdk/tools/gnutools/10.3/bin/../lib/gcc/arm-none-eabi/10.3.1/../../../../arm-none-eabi/lib/thumb/v7e-m+fp/softfp\libc.a(lib_a-errno.o)
 .ARM.attributes
                0x000004b7       0x32 c:/maximsdk/tools/gnutools/10.3/bin/../lib/gcc/arm-none-eabi/10.3.1/../../../../arm-none-eabi/lib/thumb/v7e-m+fp/softfp\libc.a(lib_a-impure.o)
 .ARM.attributes
                0x000004e9       0x32 c:/maximsdk/tools/gnutools/10.3/bin/../lib/gcc/arm-none-eabi/10.3.1/../../../../arm-none-eabi/lib/thumb/v7e-m+fp/softfp\libc.a(lib_a-init.o)
 .ARM.attributes
                0x0000051b       0x1c c:/maximsdk/tools/gnutools/10.3/bin/../lib/gcc/arm-none-eabi/10.3.1/../../../../arm-none-eabi/lib/thumb/v7e-m+fp/softfp\libc.a(lib_a-memcpy.o)
 .ARM.attributes
                0x00000537       0x32 c:/maximsdk/tools/gnutools/10.3/bin/../lib/gcc/arm-none-eabi/10.3.1/../../../../arm-none-eabi/lib/thumb/v7e-m+fp/softfp\libc.a(lib_a-memset.o)
 .ARM.attributes
                0x00000569       0x32 c:/maximsdk/tools/gnutools/10.3/bin/../lib/gcc/arm-none-eabi/10.3.1/../../../../arm-none-eabi/lib/thumb/v7e-m+fp/softfp\libc.a(lib_a-printf.o)
 .ARM.attributes
                0x0000059b       0x32 c:/maximsdk/tools/gnutools/10.3/bin/../lib/gcc/arm-none-eabi/10.3.1/../../../../arm-none-eabi/lib/thumb/v7e-m+fp/softfp\libc.a(lib_a-puts.o)
 .ARM.attributes
                0x000005cd       0x1c c:/maximsdk/tools/gnutools/10.3/bin/../lib/gcc/arm-none-eabi/10.3.1/../../../../arm-none-eabi/lib/thumb/v7e-m+fp/softfp\libc.a(lib_a-strlen.o)
 .ARM.attributes
                0x000005e9       0x32 c:/maximsdk/tools/gnutools/10.3/bin/../lib/gcc/arm-none-eabi/10.3.1/../../../../arm-none-eabi/lib/thumb/v7e-m+fp/softfp\libc.a(lib_a-vfprintf.o)
 .ARM.attributes
                0x0000061b       0x32 c:/maximsdk/tools/gnutools/10.3/bin/../lib/gcc/arm-none-eabi/10.3.1/../../../../arm-none-eabi/lib/thumb/v7e-m+fp/softfp\libc.a(lib_a-wsetup.o)
 .ARM.attributes
                0x0000064d       0x32 c:/maximsdk/tools/gnutools/10.3/bin/../lib/gcc/arm-none-eabi/10.3.1/../../../../arm-none-eabi/lib/thumb/v7e-m+fp/softfp\libc.a(lib_a-__call_atexit.o)
 .ARM.attributes
                0x0000067f       0x32 c:/maximsdk/tools/gnutools/10.3/bin/../lib/gcc/arm-none-eabi/10.3.1/../../../../arm-none-eabi/lib/thumb/v7e-m+fp/softfp\libc.a(lib_a-atexit.o)
 .ARM.attributes
                0x000006b1       0x32 c:/maximsdk/tools/gnutools/10.3/bin/../lib/gcc/arm-none-eabi/10.3.1/../../../../arm-none-eabi/lib/thumb/v7e-m+fp/softfp\libc.a(lib_a-dtoa.o)
 .ARM.attributes
                0x000006e3       0x32 c:/maximsdk/tools/gnutools/10.3/bin/../lib/gcc/arm-none-eabi/10.3.1/../../../../arm-none-eabi/lib/thumb/v7e-m+fp/softfp\libc.a(lib_a-fflush.o)
 .ARM.attributes
                0x00000715       0x32 c:/maximsdk/tools/gnutools/10.3/bin/../lib/gcc/arm-none-eabi/10.3.1/../../../../arm-none-eabi/lib/thumb/v7e-m+fp/softfp\libc.a(lib_a-findfp.o)
 .ARM.attributes
                0x00000747       0x32 c:/maximsdk/tools/gnutools/10.3/bin/../lib/gcc/arm-none-eabi/10.3.1/../../../../arm-none-eabi/lib/thumb/v7e-m+fp/softfp\libc.a(lib_a-fini.o)
 .ARM.attributes
                0x00000779       0x32 c:/maximsdk/tools/gnutools/10.3/bin/../lib/gcc/arm-none-eabi/10.3.1/../../../../arm-none-eabi/lib/thumb/v7e-m+fp/softfp\libc.a(lib_a-freer.o)
 .ARM.attributes
                0x000007ab       0x32 c:/maximsdk/tools/gnutools/10.3/bin/../lib/gcc/arm-none-eabi/10.3.1/../../../../arm-none-eabi/lib/thumb/v7e-m+fp/softfp\libc.a(lib_a-fvwrite.o)
 .ARM.attributes
                0x000007dd       0x32 c:/maximsdk/tools/gnutools/10.3/bin/../lib/gcc/arm-none-eabi/10.3.1/../../../../arm-none-eabi/lib/thumb/v7e-m+fp/softfp\libc.a(lib_a-fwalk.o)
 .ARM.attributes
                0x0000080f       0x32 c:/maximsdk/tools/gnutools/10.3/bin/../lib/gcc/arm-none-eabi/10.3.1/../../../../arm-none-eabi/lib/thumb/v7e-m+fp/softfp\libc.a(lib_a-localeconv.o)
 .ARM.attributes
                0x00000841       0x32 c:/maximsdk/tools/gnutools/10.3/bin/../lib/gcc/arm-none-eabi/10.3.1/../../../../arm-none-eabi/lib/thumb/v7e-m+fp/softfp\libc.a(lib_a-lock.o)
 .ARM.attributes
                0x00000873       0x32 c:/maximsdk/tools/gnutools/10.3/bin/../lib/gcc/arm-none-eabi/10.3.1/../../../../arm-none-eabi/lib/thumb/v7e-m+fp/softfp\libc.a(lib_a-makebuf.o)
 .ARM.attributes
                0x000008a5       0x32 c:/maximsdk/tools/gnutools/10.3/bin/../lib/gcc/arm-none-eabi/10.3.1/../../../../arm-none-eabi/lib/thumb/v7e-m+fp/softfp\libc.a(lib_a-mallocr.o)
 .ARM.attributes
                0x000008d7       0x1c c:/maximsdk/tools/gnutools/10.3/bin/../lib/gcc/arm-none-eabi/10.3.1/../../../../arm-none-eabi/lib/thumb/v7e-m+fp/softfp\libc.a(lib_a-memchr.o)
 .ARM.attributes
                0x000008f3       0x32 c:/maximsdk/tools/gnutools/10.3/bin/../lib/gcc/arm-none-eabi/10.3.1/../../../../arm-none-eabi/lib/thumb/v7e-m+fp/softfp\libc.a(lib_a-memmove.o)
 .ARM.attributes
                0x00000925       0x32 c:/maximsdk/tools/gnutools/10.3/bin/../lib/gcc/arm-none-eabi/10.3.1/../../../../arm-none-eabi/lib/thumb/v7e-m+fp/softfp\libc.a(lib_a-mlock.o)
 .ARM.attributes
                0x00000957       0x32 c:/maximsdk/tools/gnutools/10.3/bin/../lib/gcc/arm-none-eabi/10.3.1/../../../../arm-none-eabi/lib/thumb/v7e-m+fp/softfp\libc.a(lib_a-mprec.o)
 .ARM.attributes
                0x00000989       0x32 c:/maximsdk/tools/gnutools/10.3/bin/../lib/gcc/arm-none-eabi/10.3.1/../../../../arm-none-eabi/lib/thumb/v7e-m+fp/softfp\libc.a(lib_a-reallocr.o)
 .ARM.attributes
                0x000009bb       0x32 c:/maximsdk/tools/gnutools/10.3/bin/../lib/gcc/arm-none-eabi/10.3.1/../../../../arm-none-eabi/lib/thumb/v7e-m+fp/softfp\libc.a(lib_a-s_frexp.o)
 .ARM.attributes
                0x000009ed       0x32 c:/maximsdk/tools/gnutools/10.3/bin/../lib/gcc/arm-none-eabi/10.3.1/../../../../arm-none-eabi/lib/thumb/v7e-m+fp/softfp\libc.a(lib_a-sbrkr.o)
 .ARM.attributes
                0x00000a1f       0x32 c:/maximsdk/tools/gnutools/10.3/bin/../lib/gcc/arm-none-eabi/10.3.1/../../../../arm-none-eabi/lib/thumb/v7e-m+fp/softfp\libc.a(lib_a-stdio.o)
 .ARM.attributes
                0x00000a51       0x32 c:/maximsdk/tools/gnutools/10.3/bin/../lib/gcc/arm-none-eabi/10.3.1/../../../../arm-none-eabi/lib/thumb/v7e-m+fp/softfp\libc.a(lib_a-strncpy.o)
 .ARM.attributes
                0x00000a83       0x32 c:/maximsdk/tools/gnutools/10.3/bin/../lib/gcc/arm-none-eabi/10.3.1/../../../../arm-none-eabi/lib/thumb/v7e-m+fp/softfp\libc.a(lib_a-vfiprintf.o)
 .ARM.attributes
                0x00000ab5       0x32 c:/maximsdk/tools/gnutools/10.3/bin/../lib/gcc/arm-none-eabi/10.3.1/../../../../arm-none-eabi/lib/thumb/v7e-m+fp/softfp\libc.a(lib_a-writer.o)
 .ARM.attributes
                0x00000ae7       0x32 c:/maximsdk/tools/gnutools/10.3/bin/../lib/gcc/arm-none-eabi/10.3.1/../../../../arm-none-eabi/lib/thumb/v7e-m+fp/softfp\libc.a(lib_a-__atexit.o)
 .ARM.attributes
                0x00000b19       0x32 c:/maximsdk/tools/gnutools/10.3/bin/../lib/gcc/arm-none-eabi/10.3.1/../../../../arm-none-eabi/lib/thumb/v7e-m+fp/softfp\libc.a(lib_a-assert.o)
 .ARM.attributes
                0x00000b4b       0x32 c:/maximsdk/tools/gnutools/10.3/bin/../lib/gcc/arm-none-eabi/10.3.1/../../../../arm-none-eabi/lib/thumb/v7e-m+fp/softfp\libc.a(lib_a-callocr.o)
 .ARM.attributes
                0x00000b7d       0x32 c:/maximsdk/tools/gnutools/10.3/bin/../lib/gcc/arm-none-eabi/10.3.1/../../../../arm-none-eabi/lib/thumb/v7e-m+fp/softfp\libc.a(lib_a-closer.o)
 .ARM.attributes
                0x00000baf       0x32 c:/maximsdk/tools/gnutools/10.3/bin/../lib/gcc/arm-none-eabi/10.3.1/../../../../arm-none-eabi/lib/thumb/v7e-m+fp/softfp\libc.a(lib_a-fclose.o)
 .ARM.attributes
                0x00000be1       0x32 c:/maximsdk/tools/gnutools/10.3/bin/../lib/gcc/arm-none-eabi/10.3.1/../../../../arm-none-eabi/lib/thumb/v7e-m+fp/softfp\libc.a(lib_a-fiprintf.o)
 .ARM.attributes
                0x00000c13       0x32 c:/maximsdk/tools/gnutools/10.3/bin/../lib/gcc/arm-none-eabi/10.3.1/../../../../arm-none-eabi/lib/thumb/v7e-m+fp/softfp\libc.a(lib_a-fputwc.o)
 .ARM.attributes
                0x00000c45       0x32 c:/maximsdk/tools/gnutools/10.3/bin/../lib/gcc/arm-none-eabi/10.3.1/../../../../arm-none-eabi/lib/thumb/v7e-m+fp/softfp\libc.a(lib_a-fstatr.o)
 .ARM.attributes
                0x00000c77       0x32 c:/maximsdk/tools/gnutools/10.3/bin/../lib/gcc/arm-none-eabi/10.3.1/../../../../arm-none-eabi/lib/thumb/v7e-m+fp/softfp\libc.a(lib_a-isattyr.o)
 .ARM.attributes
                0x00000ca9       0x32 c:/maximsdk/tools/gnutools/10.3/bin/../lib/gcc/arm-none-eabi/10.3.1/../../../../arm-none-eabi/lib/thumb/v7e-m+fp/softfp\libc.a(lib_a-locale.o)
 .ARM.attributes
                0x00000cdb       0x32 c:/maximsdk/tools/gnutools/10.3/bin/../lib/gcc/arm-none-eabi/10.3.1/../../../../arm-none-eabi/lib/thumb/v7e-m+fp/softfp\libc.a(lib_a-lseekr.o)
 .ARM.attributes
                0x00000d0d       0x32 c:/maximsdk/tools/gnutools/10.3/bin/../lib/gcc/arm-none-eabi/10.3.1/../../../../arm-none-eabi/lib/thumb/v7e-m+fp/softfp\libc.a(lib_a-mbtowc_r.o)
 .ARM.attributes
                0x00000d3f       0x32 c:/maximsdk/tools/gnutools/10.3/bin/../lib/gcc/arm-none-eabi/10.3.1/../../../../arm-none-eabi/lib/thumb/v7e-m+fp/softfp\libc.a(lib_a-readr.o)
 .ARM.attributes
                0x00000d71       0x32 c:/maximsdk/tools/gnutools/10.3/bin/../lib/gcc/arm-none-eabi/10.3.1/../../../../arm-none-eabi/lib/thumb/v7e-m+fp/softfp\libc.a(lib_a-reent.o)
 .ARM.attributes
                0x00000da3       0x32 c:/maximsdk/tools/gnutools/10.3/bin/../lib/gcc/arm-none-eabi/10.3.1/../../../../arm-none-eabi/lib/thumb/v7e-m+fp/softfp\libc.a(lib_a-wbuf.o)
 .ARM.attributes
                0x00000dd5       0x32 c:/maximsdk/tools/gnutools/10.3/bin/../lib/gcc/arm-none-eabi/10.3.1/../../../../arm-none-eabi/lib/thumb/v7e-m+fp/softfp\libc.a(lib_a-wcrtomb.o)
 .ARM.attributes
                0x00000e07       0x32 c:/maximsdk/tools/gnutools/10.3/bin/../lib/gcc/arm-none-eabi/10.3.1/../../../../arm-none-eabi/lib/thumb/v7e-m+fp/softfp\libc.a(lib_a-wctomb_r.o)
 .ARM.attributes
                0x00000e39       0x32 c:/maximsdk/tools/gnutools/10.3/bin/../lib/gcc/arm-none-eabi/10.3.1/../../../../arm-none-eabi/lib/thumb/v7e-m+fp/softfp\libc.a(lib_a-abort.o)
 .ARM.attributes
                0x00000e6b       0x32 c:/maximsdk/tools/gnutools/10.3/bin/../lib/gcc/arm-none-eabi/10.3.1/../../../../arm-none-eabi/lib/thumb/v7e-m+fp/softfp\libc.a(lib_a-ctype_.o)
 .ARM.attributes
                0x00000e9d       0x32 c:/maximsdk/tools/gnutools/10.3/bin/../lib/gcc/arm-none-eabi/10.3.1/../../../../arm-none-eabi/lib/thumb/v7e-m+fp/softfp\libc.a(lib_a-signal.o)
 .ARM.attributes
                0x00000ecf       0x32 c:/maximsdk/tools/gnutools/10.3/bin/../lib/gcc/arm-none-eabi/10.3.1/../../../../arm-none-eabi/lib/thumb/v7e-m+fp/softfp\libc.a(lib_a-signalr.o)
 .ARM.attributes
                0x00000f01       0x32 c:/maximsdk/tools/gnutools/10.3/bin/../lib/gcc/arm-none-eabi/10.3.1/../../../../arm-none-eabi/lib/thumb/v7e-m+fp/softfp\libnosys.a(_exit.o)
 .ARM.attributes
                0x00000f33       0x1e c:/maximsdk/tools/gnutools/10.3/bin/../lib/gcc/arm-none-eabi/10.3.1/thumb/v7e-m+fp/softfp\libgcc.a(_arm_addsubdf3.o)
 .ARM.attributes
                0x00000f51       0x1e c:/maximsdk/tools/gnutools/10.3/bin/../lib/gcc/arm-none-eabi/10.3.1/thumb/v7e-m+fp/softfp\libgcc.a(_arm_muldivdf3.o)
 .ARM.attributes
                0x00000f6f       0x1e c:/maximsdk/tools/gnutools/10.3/bin/../lib/gcc/arm-none-eabi/10.3.1/thumb/v7e-m+fp/softfp\libgcc.a(_arm_cmpdf2.o)
 .ARM.attributes
                0x00000f8d       0x1e c:/maximsdk/tools/gnutools/10.3/bin/../lib/gcc/arm-none-eabi/10.3.1/thumb/v7e-m+fp/softfp\libgcc.a(_arm_unorddf2.o)
 .ARM.attributes
                0x00000fab       0x1e c:/maximsdk/tools/gnutools/10.3/bin/../lib/gcc/arm-none-eabi/10.3.1/thumb/v7e-m+fp/softfp\libgcc.a(_arm_fixdfsi.o)
 .ARM.attributes
                0x00000fc9       0x1e c:/maximsdk/tools/gnutools/10.3/bin/../lib/gcc/arm-none-eabi/10.3.1/thumb/v7e-m+fp/softfp\libgcc.a(_aeabi_uldivmod.o)
 .ARM.attributes
                0x00000fe7       0x32 c:/maximsdk/tools/gnutools/10.3/bin/../lib/gcc/arm-none-eabi/10.3.1/thumb/v7e-m+fp/softfp\libgcc.a(_udivmoddi4.o)
 .ARM.attributes
                0x00001019       0x1e c:/maximsdk/tools/gnutools/10.3/bin/../lib/gcc/arm-none-eabi/10.3.1/thumb/v7e-m+fp/softfp\libgcc.a(_dvmd_tls.o)
 .ARM.attributes
                0x00001037       0x32 c:/maximsdk/tools/gnutools/10.3/bin/../lib/gcc/arm-none-eabi/10.3.1/thumb/v7e-m+fp/softfp/crtend.o
 .ARM.attributes
                0x00001069       0x1e c:/maximsdk/tools/gnutools/10.3/bin/../lib/gcc/arm-none-eabi/10.3.1/thumb/v7e-m+fp/softfp/crtn.o

.comment        0x00000000       0x49
 .comment       0x00000000       0x49 c:/Users/odurgut/workspace-new/SKB/build/main.o
                                 0x4a (size before relaxing)
 .comment       0x00000049       0x4a c:/Users/odurgut/workspace-new/SKB/build/board.o
 .comment       0x00000049       0x4a c:/Users/odurgut/workspace-new/SKB/build/stdio.o
 .comment       0x00000049       0x4a c:/Users/odurgut/workspace-new/SKB/build/led.o
 .comment       0x00000049       0x4a c:/Users/odurgut/workspace-new/SKB/build/pb.o
 .comment       0x00000049       0x4a c:/Users/odurgut/workspace-new/SKB/build/heap.o
 .comment       0x00000049       0x4a c:/Users/odurgut/workspace-new/SKB/build/system_max32572.o
 .comment       0x00000049       0x4a C:/msdk/Libraries/PeriphDrivers/bin/MAX32572/softfp/libPeriphDriver_softfp.a(mxc_delay.o)
 .comment       0x00000049       0x4a C:/msdk/Libraries/PeriphDrivers/bin/MAX32572/softfp/libPeriphDriver_softfp.a(sys_me55.o)
 .comment       0x00000049       0x4a C:/msdk/Libraries/PeriphDrivers/bin/MAX32572/softfp/libPeriphDriver_softfp.a(gpio_me55.o)
 .comment       0x00000049       0x4a C:/msdk/Libraries/PeriphDrivers/bin/MAX32572/softfp/libPeriphDriver_softfp.a(gpio_reva.o)
 .comment       0x00000049       0x4a C:/msdk/Libraries/PeriphDrivers/bin/MAX32572/softfp/libPeriphDriver_softfp.a(spi_me55_v2.o)
 .comment       0x00000049       0x4a C:/msdk/Libraries/PeriphDrivers/bin/MAX32572/softfp/libPeriphDriver_softfp.a(spi_reva2.o)
 .comment       0x00000049       0x4a C:/msdk/Libraries/PeriphDrivers/bin/MAX32572/softfp/libPeriphDriver_softfp.a(uart_me55.o)
 .comment       0x00000049       0x4a C:/msdk/Libraries/PeriphDrivers/bin/MAX32572/softfp/libPeriphDriver_softfp.a(uart_revb.o)
 .comment       0x00000049       0x4a C:/msdk/Libraries/PeriphDrivers/bin/MAX32572/softfp/libPeriphDriver_softfp.a(skbd_me55.o)
 .comment       0x00000049       0x4a C:/msdk/Libraries/PeriphDrivers/bin/MAX32572/softfp/libPeriphDriver_softfp.a(skbd_reva.o)
 .comment       0x00000049       0x4a C:/msdk/Libraries/PeriphDrivers/bin/MAX32572/softfp/libPeriphDriver_softfp.a(nvic_table.o)
 .comment       0x00000049       0x4a C:/msdk/Libraries/PeriphDrivers/bin/MAX32572/softfp/libPeriphDriver_softfp.a(pins_me55.o)
 .comment       0x00000049       0x4a C:/msdk/Libraries/PeriphDrivers/bin/MAX32572/softfp/libPeriphDriver_softfp.a(gpio_common.o)
 .comment       0x00000049       0x4a C:/msdk/Libraries/PeriphDrivers/bin/MAX32572/softfp/libPeriphDriver_softfp.a(uart_common.o)

.debug_info     0x00000000    0x11989
 .debug_info    0x00000000      0x465 c:/Users/odurgut/workspace-new/SKB/build/main.o
 .debug_info    0x00000465      0xd62 c:/Users/odurgut/workspace-new/SKB/build/board.o
 .debug_info    0x000011c7      0x676 c:/Users/odurgut/workspace-new/SKB/build/stdio.o
 .debug_info    0x0000183d      0x627 c:/Users/odurgut/workspace-new/SKB/build/led.o
 .debug_info    0x00001e64      0xdb9 c:/Users/odurgut/workspace-new/SKB/build/pb.o
 .debug_info    0x00002c1d      0x112 c:/Users/odurgut/workspace-new/SKB/build/heap.o
 .debug_info    0x00002d2f      0x6fb c:/Users/odurgut/workspace-new/SKB/build/system_max32572.o
 .debug_info    0x0000342a      0x37f C:/msdk/Libraries/PeriphDrivers/bin/MAX32572/softfp/libPeriphDriver_softfp.a(mxc_delay.o)
 .debug_info    0x000037a9      0x902 C:/msdk/Libraries/PeriphDrivers/bin/MAX32572/softfp/libPeriphDriver_softfp.a(sys_me55.o)
 .debug_info    0x000040ab     0x1200 C:/msdk/Libraries/PeriphDrivers/bin/MAX32572/softfp/libPeriphDriver_softfp.a(gpio_me55.o)
 .debug_info    0x000052ab      0xaaa C:/msdk/Libraries/PeriphDrivers/bin/MAX32572/softfp/libPeriphDriver_softfp.a(gpio_reva.o)
 .debug_info    0x00005d55     0x28f6 C:/msdk/Libraries/PeriphDrivers/bin/MAX32572/softfp/libPeriphDriver_softfp.a(spi_me55_v2.o)
 .debug_info    0x0000864b     0x1fdc C:/msdk/Libraries/PeriphDrivers/bin/MAX32572/softfp/libPeriphDriver_softfp.a(spi_reva2.o)
 .debug_info    0x0000a627     0x1f33 C:/msdk/Libraries/PeriphDrivers/bin/MAX32572/softfp/libPeriphDriver_softfp.a(uart_me55.o)
 .debug_info    0x0000c55a     0x20e6 C:/msdk/Libraries/PeriphDrivers/bin/MAX32572/softfp/libPeriphDriver_softfp.a(uart_revb.o)
 .debug_info    0x0000e640      0xcd1 C:/msdk/Libraries/PeriphDrivers/bin/MAX32572/softfp/libPeriphDriver_softfp.a(skbd_me55.o)
 .debug_info    0x0000f311      0xb28 C:/msdk/Libraries/PeriphDrivers/bin/MAX32572/softfp/libPeriphDriver_softfp.a(skbd_reva.o)
 .debug_info    0x0000fe39      0x818 C:/msdk/Libraries/PeriphDrivers/bin/MAX32572/softfp/libPeriphDriver_softfp.a(nvic_table.o)
 .debug_info    0x00010651      0xa23 C:/msdk/Libraries/PeriphDrivers/bin/MAX32572/softfp/libPeriphDriver_softfp.a(pins_me55.o)
 .debug_info    0x00011074      0x653 C:/msdk/Libraries/PeriphDrivers/bin/MAX32572/softfp/libPeriphDriver_softfp.a(gpio_common.o)
 .debug_info    0x000116c7      0x2c2 C:/msdk/Libraries/PeriphDrivers/bin/MAX32572/softfp/libPeriphDriver_softfp.a(uart_common.o)

.debug_abbrev   0x00000000     0x28ea
 .debug_abbrev  0x00000000      0x199 c:/Users/odurgut/workspace-new/SKB/build/main.o
 .debug_abbrev  0x00000199      0x250 c:/Users/odurgut/workspace-new/SKB/build/board.o
 .debug_abbrev  0x000003e9      0x17e c:/Users/odurgut/workspace-new/SKB/build/stdio.o
 .debug_abbrev  0x00000567      0x1a6 c:/Users/odurgut/workspace-new/SKB/build/led.o
 .debug_abbrev  0x0000070d      0x27a c:/Users/odurgut/workspace-new/SKB/build/pb.o
 .debug_abbrev  0x00000987       0xcd c:/Users/odurgut/workspace-new/SKB/build/heap.o
 .debug_abbrev  0x00000a54      0x1ef c:/Users/odurgut/workspace-new/SKB/build/system_max32572.o