Archive member included to satisfy reference by file (symbol)

C:/msdk/Libraries/PeriphDrivers/bin/MAX32572/softfp/libPeriphDriver_softfp.a(mxc_delay.o)
                              c:/Users/odurgut/workspace-new/SPI_Usecase/build/spi_slave.o (MXC_Delay)
C:/msdk/Libraries/PeriphDrivers/bin/MAX32572/softfp/libPeriphDriver_softfp.a(sys_me55.o)
                              c:/Users/odurgut/workspace-new/SPI_Usecase/build/system_max32572.o (MXC_SYS_ClockEnable)
C:/msdk/Libraries/PeriphDrivers/bin/MAX32572/softfp/libPeriphDriver_softfp.a(gpio_me55.o)
                              c:/Users/odurgut/workspace-new/SPI_Usecase/build/pb.o (MXC_GPIO_InGet)
C:/msdk/Libraries/PeriphDrivers/bin/MAX32572/softfp/libPeriphDriver_softfp.a(gpio_reva.o)
                              C:/msdk/Libraries/PeriphDrivers/bin/MAX32572/softfp/libPeriphDriver_softfp.a(gpio_me55.o) (MXC_GPIO_RevA_InGet)
C:/msdk/Libraries/PeriphDrivers/bin/MAX32572/softfp/libPeriphDriver_softfp.a(spi_me55_v2.o)
                              c:/Users/odurgut/workspace-new/SPI_Usecase/build/spi_master.o (MXC_SPI_Config)
C:/msdk/Libraries/PeriphDrivers/bin/MAX32572/softfp/libPeriphDriver_softfp.a(spi_reva2.o)
                              C:/msdk/Libraries/PeriphDrivers/bin/MAX32572/softfp/libPeriphDriver_softfp.a(spi_me55_v2.o) (MXC_SPI_RevA2_Init)
C:/msdk/Libraries/PeriphDrivers/bin/MAX32572/softfp/libPeriphDriver_softfp.a(uart_me55.o)
                              c:/Users/odurgut/workspace-new/SPI_Usecase/build/board.o (MXC_UART_Shutdown)
C:/msdk/Libraries/PeriphDrivers/bin/MAX32572/softfp/libPeriphDriver_softfp.a(uart_revb.o)
                              C:/msdk/Libraries/PeriphDrivers/bin/MAX32572/softfp/libPeriphDriver_softfp.a(uart_me55.o) (MXC_UART_RevB_Init)
C:/msdk/Libraries/PeriphDrivers/bin/MAX32572/softfp/libPeriphDriver_softfp.a(pins_me55.o)
                              C:/msdk/Libraries/PeriphDrivers/bin/MAX32572/softfp/libPeriphDriver_softfp.a(spi_me55_v2.o) (gpio_cfg_spi3_ts3)
C:/msdk/Libraries/PeriphDrivers/bin/MAX32572/softfp/libPeriphDriver_softfp.a(dma_me55.o)
                              C:/msdk/Libraries/PeriphDrivers/bin/MAX32572/softfp/libPeriphDriver_softfp.a(spi_reva2.o) (MXC_DMA_Init)
C:/msdk/Libraries/PeriphDrivers/bin/MAX32572/softfp/libPeriphDriver_softfp.a(dma_reva.o)
                              C:/msdk/Libraries/PeriphDrivers/bin/MAX32572/softfp/libPeriphDriver_softfp.a(dma_me55.o) (MXC_DMA_RevA_Init)
C:/msdk/Libraries/PeriphDrivers/bin/MAX32572/softfp/libPeriphDriver_softfp.a(gpio_common.o)
                              C:/msdk/Libraries/PeriphDrivers/bin/MAX32572/softfp/libPeriphDriver_softfp.a(gpio_me55.o) (MXC_GPIO_Common_Init)
C:/msdk/Libraries/PeriphDrivers/bin/MAX32572/softfp/libPeriphDriver_softfp.a(uart_common.o)
                              C:/msdk/Libraries/PeriphDrivers/bin/MAX32572/softfp/libPeriphDriver_softfp.a(uart_me55.o) (MXC_UART_Common_ReadCharacter)
C:/msdk/Libraries/PeriphDrivers/bin/MAX32572/softfp/libPeriphDriver_softfp.a(mxc_lock.o)
                              C:/msdk/Libraries/PeriphDrivers/bin/MAX32572/softfp/libPeriphDriver_softfp.a(dma_reva.o) (MXC_GetLock)
c:/maximsdk/tools/gnutools/10.3/bin/../lib/gcc/arm-none-eabi/10.3.1/../../../../arm-none-eabi/lib/thumb/v7e-m+fp/softfp\libc.a(lib_a-errno.o)
                              c:/Users/odurgut/workspace-new/SPI_Usecase/build/stdio.o (__errno)
c:/maximsdk/tools/gnutools/10.3/bin/../lib/gcc/arm-none-eabi/10.3.1/../../../../arm-none-eabi/lib/thumb/v7e-m+fp/softfp\libc.a(lib_a-exit.o)
                              c:/maximsdk/tools/gnutools/10.3/bin/../lib/gcc/arm-none-eabi/10.3.1/../../../../arm-none-eabi/lib/thumb/v7e-m+fp/softfp/crt0.o (exit)
c:/maximsdk/tools/gnutools/10.3/bin/../lib/gcc/arm-none-eabi/10.3.1/../../../../arm-none-eabi/lib/thumb/v7e-m+fp/softfp\libc.a(lib_a-impure.o)
                              c:/maximsdk/tools/gnutools/10.3/bin/../lib/gcc/arm-none-eabi/10.3.1/../../../../arm-none-eabi/lib/thumb/v7e-m+fp/softfp\libc.a(lib_a-exit.o) (_global_impure_ptr)
c:/maximsdk/tools/gnutools/10.3/bin/../lib/gcc/arm-none-eabi/10.3.1/../../../../arm-none-eabi/lib/thumb/v7e-m+fp/softfp\libc.a(lib_a-init.o)
                              c:/maximsdk/tools/gnutools/10.3/bin/../lib/gcc/arm-none-eabi/10.3.1/../../../../arm-none-eabi/lib/thumb/v7e-m+fp/softfp/crt0.o (__libc_init_array)
c:/maximsdk/tools/gnutools/10.3/bin/../lib/gcc/arm-none-eabi/10.3.1/../../../../arm-none-eabi/lib/thumb/v7e-m+fp/softfp\libc.a(lib_a-memcmp.o)
                              c:/Users/odurgut/workspace-new/SPI_Usecase/build/main.o (memcmp)
c:/maximsdk/tools/gnutools/10.3/bin/../lib/gcc/arm-none-eabi/10.3.1/../../../../arm-none-eabi/lib/thumb/v7e-m+fp/softfp\libc.a(lib_a-memset.o)
                              c:/maximsdk/tools/gnutools/10.3/bin/../lib/gcc/arm-none-eabi/10.3.1/../../../../arm-none-eabi/lib/thumb/v7e-m+fp/softfp/crt0.o (memset)
[...]
Memory Configuration

Name             Origin             Length             Attributes
ROM              0x00000000         0x00010000         xr
SPIX             0x08000000         0x08000000         xr
SRAM             0x20000000         0x00060000         xrw
SRAM_RV          0x20060000         0x0000c000         xrw
*default*        0x00000000         0xffffffff

Linker script and memory map

LOAD c:/maximsdk/tools/gnutools/10.3/bin/../lib/gcc/arm-none-eabi/10.3.1/thumb/v7e-m+fp/softfp/crti.o
LOAD c:/maximsdk/tools/gnutools/10.3/bin/../lib/gcc/arm-none-eabi/10.3.1/thumb/v7e-m+fp/softfp/crtbegin.o
LOAD c:/maximsdk/tools/gnutools/10.3/bin/../lib/gcc/arm-none-eabi/10.3.1/../../../../arm-none-eabi/lib/thumb/v7e-m+fp/softfp/crt0.o
LOAD c:/Users/odurgut/workspace-new/SPI_Usecase/build/main.o
LOAD c:/Users/odurgut/workspace-new/SPI_Usecase/build/spi_master.o
LOAD c:/Users/odurgut/workspace-new/SPI_Usecase/build/spi_slave.o
LOAD c:/Users/odurgut/workspace-new/SPI_Usecase/build/board.o
LOAD c:/Users/odurgut/workspace-new/SPI_Usecase/build/stdio.o
LOAD c:/Users/odurgut/workspace-new/SPI_Usecase/build/led.o
LOAD c:/Users/odurgut/workspace-new/SPI_Usecase/build/pb.o
LOAD c:/Users/odurgut/workspace-new/SPI_Usecase/build/tsc2046.o
LOAD c:/Users/odurgut/workspace-new/SPI_Usecase/build/tft_ssd2119.o
LOAD c:/Users/odurgut/workspace-new/SPI_Usecase/build/startup_max32572.o
LOAD c:/Users/odurgut/workspace-new/SPI_Usecase/build/heap.o
LOAD c:/Users/odurgut/workspace-new/SPI_Usecase/build/system_max32572.o
START GROUP
LOAD C:/msdk/Libraries/PeriphDrivers/bin/MAX32572/softfp/libPeriphDriver_softfp.a
LOAD c:/maximsdk/tools/gnutools/10.3/bin/../lib/gcc/arm-none-eabi/10.3.1/../../../../arm-none-eabi/lib/thumb/v7e-m+fp/softfp\libc.a
LOAD c:/maximsdk/tools/gnutools/10.3/bin/../lib/gcc/arm-none-eabi/10.3.1/../../../../arm-none-eabi/lib/thumb/v7e-m+fp/softfp\libm.a
LOAD c:/maximsdk/tools/gnutools/10.3/bin/../lib/gcc/arm-none-eabi/10.3.1/../../../../arm-none-eabi/lib/thumb/v7e-m+fp/softfp\libnosys.a
END GROUP
START GROUP
LOAD c:/maximsdk/tools/gnutools/10.3/bin/../lib/gcc/arm-none-eabi/10.3.1/thumb/v7e-m+fp/softfp\libgcc.a
LOAD c:/maximsdk/tools/gnutools/10.3/bin/../lib/gcc/arm-none-eabi/10.3.1/../../../../arm-none-eabi/lib/thumb/v7e-m+fp/softfp\libc.a
END GROUP
LOAD c:/maximsdk/tools/gnutools/10.3/bin/../lib/gcc/arm-none-eabi/10.3.1/thumb/v7e-m+fp/softfp/crtend.o
LOAD c:/maximsdk/tools/gnutools/10.3/bin/../lib/gcc/arm-none-eabi/10.3.1/thumb/v7e-m+fp/softfp/crtn.o
                [!provide]                PROVIDE (_start_SWAP = ((((Reset_Handler >> 0x18) | ((Reset_Handler & 0xff0000) >> 0x8)) | ((Reset_Handler & 0xff00) << 0x8)) | (Reset_Handler << 0x18)))
                [!provide]                PROVIDE (_SLA_Size = (__end_image - __end_header))
                [!provide]                PROVIDE (_SLA_Size_SWAP = ((((_SLA_Size >> 0x18) | ((_SLA_Size & 0xff0000) >> 0x8)) | ((_SLA_Size & 0xff00) << 0x8)) | (_SLA_Size << 0x18)))

.sla_header     0x08000000        0x0
 FILL mask 0xff
 *(.sb_sla_header)
                0x08000000                __end_header = .
                0x08000000                . = ALIGN (0x200)

.rom
 *(.rom_vector)
 *(.rom_handlers*)

.text           0x08000000     0xaccc
                0x08000000                _text = .
 *(.isr_vector)
 .isr_vector    0x08000000      0x200 c:/Users/odurgut/workspace-new/SPI_Usecase/build/startup_max32572.o
                0x08000000                __isr_vector
 *(.text*)
 .text          0x08000200       0x40 c:/maximsdk/tools/gnutools/10.3/bin/../lib/gcc/arm-none-eabi/10.3.1/thumb/v7e-m+fp/softfp/crtbegin.o
 .text.hex_dump
                0x08000240       0x40 c:/Users/odurgut/workspace-new/SPI_Usecase/build/main.o
 .text.main     0x08000280      0x1b4 c:/Users/odurgut/workspace-new/SPI_Usecase/build/main.o
                0x08000280                main
 .text.spi_master_init
                0x08000434       0x84 c:/Users/odurgut/workspace-new/SPI_Usecase/build/spi_master.o
                0x08000434                spi_master_init
 .text.spi_master_send_rcv
                0x080004b8       0x34 c:/Users/odurgut/workspace-new/SPI_Usecase/build/spi_master.o
                0x080004b8                spi_master_send_rcv
 .text.spi_transaction_cb
                0x080004ec        0xc c:/Users/odurgut/workspace-new/SPI_Usecase/build/spi_slave.o
                0x080004ec                spi_transaction_cb
 .text.SPI0_IRQHandler
                0x080004f8       0x10 c:/Users/odurgut/workspace-new/SPI_Usecase/build/spi_slave.o
                0x080004f8                SPI0_IRQHandler
 .text.spi_slave_init
                0x08000508       0x84 c:/Users/odurgut/workspace-new/SPI_Usecase/build/spi_slave.o
                0x08000508                spi_slave_init
 .text.spi_slave_send
                0x0800058c       0x54 c:/Users/odurgut/workspace-new/SPI_Usecase/build/spi_slave.o
                0x0800058c                spi_slave_send
 .text.spi_slave_rcv
                0x080005e0       0x38 c:/Users/odurgut/workspace-new/SPI_Usecase/build/spi_slave.o
                0x080005e0                spi_slave_rcv
 .text.mxc_assert
                0x08000618       0x10 c:/Users/odurgut/workspace-new/SPI_Usecase/build/board.o
                0x08000618                mxc_assert
 .text.GPIO0_IRQHandler
                0x08000628        0xa c:/Users/odurgut/workspace-new/SPI_Usecase/build/board.o
                0x08000628                GPIO0_IRQHandler
 .text.GPIO1_IRQHandler
                0x08000632        0xa c:/Users/odurgut/workspace-new/SPI_Usecase/build/board.o
                0x08000632                GPIO1_IRQHandler
 .text.Console_Init
                0x0800063c       0x18 c:/Users/odurgut/workspace-new/SPI_Usecase/build/board.o
                0x0800063c                Console_Init
 .text.Board_Init
                0x08000654       0x34 c:/Users/odurgut/workspace-new/SPI_Usecase/build/board.o
                0x08000654                Board_Init
 .text.NMI_Handler
                0x08000688        0x4 c:/Users/odurgut/workspace-new/SPI_Usecase/build/board.o
                0x08000688                NMI_Handler
 .text._close   0x0800068c        0x6 c:/Users/odurgut/workspace-new/SPI_Usecase/build/stdio.o
                0x0800068c                _close
 .text._isatty  0x08000692        0x6 c:/Users/odurgut/workspace-new/SPI_Usecase/build/stdio.o
                0x08000692                _isatty
 .text._lseek   0x08000698        0x6 c:/Users/odurgut/workspace-new/SPI_Usecase/build/stdio.o
                0x08000698                _lseek
 .text._fstat   0x0800069e        0x6 c:/Users/odurgut/workspace-new/SPI_Usecase/build/stdio.o
                0x0800069e                _fstat
 .text._read    0x080006a4       0x50 c:/Users/odurgut/workspace-new/SPI_Usecase/build/stdio.o
                0x080006a4                _read
 .text._write   0x080006f4       0x44 c:/Users/odurgut/workspace-new/SPI_Usecase/build/stdio.o
                0x080006f4                _write
 .text.LED_Off  0x08000738       0x44 c:/Users/odurgut/workspace-new/SPI_Usecase/build/led.o
                0x08000738                LED_Off
 .text.LED_Init
                0x0800077c       0x3c c:/Users/odurgut/workspace-new/SPI_Usecase/build/led.o
                0x0800077c                LED_Init
 .text.PB_Init  0x080007b8       0x38 c:/Users/odurgut/workspace-new/SPI_Usecase/build/pb.o
                0x080007b8                PB_Init
 .text          0x080007f0      0x158 c:/Users/odurgut/workspace-new/SPI_Usecase/build/startup_max32572.o
                0x080007f0                Reset_Handler
                0x0800082e                HardFault_Handler
                0x08000830                MemManage_Handler
                0x08000832                BusFault_Handler
                0x08000834                UsageFault_Handler
                0x08000836                SVC_Handler
                0x08000838                DebugMon_Handler
                0x0800083a                PendSV_Handler
                0x0800083c                SysTick_Handler
                0x0800083e                Default_Handler
                0x08000840                PF_IRQHandler
                0x08000842                WDT0_IRQHandler
                0x08000844                USB_IRQHandler
                0x08000846                RTC_IRQHandler
                0x08000848                TRNG_IRQHandler
                0x0800084a                TMR0_IRQHandler
                0x0800084c                TMR1_IRQHandler
                0x0800084e                TMR2_IRQHandler
                0x08000850                TMR3_IRQHandler
                0x08000852                TMR4_IRQHandler
                0x08000854                TMR5_IRQHandler
                0x08000856                SC0_IRQHandler
                0x08000858                RSV12_IRQHandler
                0x0800085a                I2C0_IRQHandler
                0x0800085c                UART0_IRQHandler
                0x0800085e                UART1_IRQHandler
                0x08000862                SPI1_IRQHandler
                0x08000864                RSV18_IRQHandler
                0x08000866                SKB_IRQHandler
                0x08000868                ADC_IRQHandler
                0x0800086a                RSV21_IRQHandler
                0x0800086c                MSRADC_IRQHandler
                0x0800086e                RSV23_IRQHandler
                0x08000874                RSV26_IRQHandler
                0x08000876                CRYPTO_IRQHandler
                0x08000878                DMA0_IRQHandler
                0x0800087a                DMA1_IRQHandler
                0x0800087c                DMA2_IRQHandler
                0x0800087e                DMA3_IRQHandler
                0x08000880                RSV32_IRQHandler
                0x08000882                RSV33_IRQHandler
                0x08000884                UART2_IRQHandler
                0x08000886                RSV35_IRQHandler
                0x08000888                I2C1_IRQHandler
                0x0800088a                SC1_IRQHandler
                0x0800088c                SPIXFC_IRQHandler
                0x0800088e                RSV39_IRQHandler
                0x08000890                RSV40_IRQHandler
                0x08000892                RSV41_IRQHandler
                0x08000894                RSV42_IRQHandler
                0x08000896                RSV43_IRQHandler
                0x08000898                RSV44_IRQHandler
                0x0800089a                RSV45_IRQHandler
                0x0800089c                RSV46_IRQHandler
                0x0800089e                RSV47_IRQHandler
                0x080008a0                RSV48_IRQHandler
                0x080008a2                RSV49_IRQHandler
                0x080008a4                RSV50_IRQHandler
                0x080008a6                RSV51_IRQHandler
                0x080008a8                RSV52_IRQHandler
                0x080008aa                RSV53_IRQHandler
                0x080008ac                GPIOWAKE_IRQHandler
                0x080008ae                RSV55_IRQHandler
                0x080008b0                SPI2_IRQHandler
                0x080008b2                WDT1_IRQHandler
                0x080008b4                RSV58_IRQHandler
                0x080008b6                PT_IRQHandler
                0x080008b8                RSV60_IRQHandler
                0x080008ba                RSV61_IRQHandler
                0x080008bc                RSV62_IRQHandler
                0x080008be                RISCV_IRQHandler
                0x080008c0                RSV64_IRQHandler
                0x080008c2                RSV65_IRQHandler
                0x080008c4                RSV66_IRQHandler
                0x080008c6                RSV67_IRQHandler
                0x080008c8                DMA4_IRQHandler
                0x080008ca                DMA5_IRQHandler
                0x080008cc                DMA6_IRQHandler
                0x080008ce                DMA7_IRQHandler
                0x080008d0                DMA8_IRQHandler
                0x080008d2                DMA9_IRQHandler
                0x080008d4                DMA10_IRQHandler
                0x080008d6                DMA11_IRQHandler
                0x080008d8                DMA12_IRQHandler
                0x080008da                DMA13_IRQHandler
                0x080008dc                DMA14_IRQHandler
                0x080008de                DMA15_IRQHandler
                0x080008e0                USBDMA_IRQHandler
                0x080008e2                RSV81_IRQHandler
                0x080008e4                ECC_IRQHandler
                0x080008e6                RSV83_IRQHandler
                0x080008e8                RSV84_IRQHandler
                0x080008ea                SCA_IRQHandler
                0x080008ec                RSV86_IRQHandler
                0x080008ee                RSV87_IRQHandler
                0x080008f0                UART3_IRQHandler
                0x080008f2                RSV89_IRQHandler
                0x080008f4                RSV90_IRQHandler
                0x080008f6                RSV91_IRQHandler
                0x080008f8                RSV92_IRQHandler
                0x080008fa                HTMR0_IRQHandler
                0x080008fc                HTMR1_IRQHandler
                0x080008fe                RSV95_IRQHandler
                0x08000900                RSV96_IRQHandler
                0x08000902                RSV97_IRQHandler
                0x08000904                RSV98_IRQHandler
                0x08000906                RSV99_IRQHandler
                0x08000908                RSV100_IRQHandler
                0x0800090a                RSV101_IRQHandler
                0x0800090c                RSV102_IRQHandler
                0x0800090e                RSV103_IRQHandler
                0x08000910                RSV104_IRQHandler
                0x08000912                RSV105_IRQHandler
                0x08000914                RSV106_IRQHandler
                0x08000916                RSV107_IRQHandler
                0x08000918                RSV108_IRQHandler
                0x0800091a                RSV109_IRQHandler
                0x0800091c                RSV110_IRQHandler
                0x0800091e                RSV111_IRQHandler
 .text._sbrk    0x08000948       0x40 c:/Users/odurgut/workspace-new/SPI_Usecase/build/heap.o
                0x08000948                _sbrk
 .text._getpid  0x08000988        0x6 c:/Users/odurgut/workspace-new/SPI_Usecase/build/system_max32572.o
                0x08000988                _getpid
 .text._kill    0x0800098e        0x6 c:/Users/odurgut/workspace-new/SPI_Usecase/build/system_max32572.o
                0x0800098e                _kill
 .text.SystemCoreClockUpdate
                0x08000994       0x6c c:/Users/odurgut/workspace-new/SPI_Usecase/build/system_max32572.o
                0x08000994                SystemCoreClockUpdate
 .text.PreInit  0x08000a00        0x4 c:/Users/odurgut/workspace-new/SPI_Usecase/build/system_max32572.o
                0x08000a00                PreInit
 .text.SystemInit
                0x08000a04       0x44 c:/Users/odurgut/workspace-new/SPI_Usecase/build/system_max32572.o
                0x08000a04                SystemInit
 .text.MXC_DelayInit
                0x08000a48       0x84 C:/msdk/Libraries/PeriphDrivers/bin/MAX32572/softfp/libPeriphDriver_softfp.a(mxc_delay.o)
 .text.MXC_DelayAsync
                0x08000acc       0x44 C:/msdk/Libraries/PeriphDrivers/bin/MAX32572/softfp/libPeriphDriver_softfp.a(mxc_delay.o)
                0x08000acc                MXC_DelayAsync
 .text.MXC_DelayAbort
                0x08000b10       0x34 C:/msdk/Libraries/PeriphDrivers/bin/MAX32572/softfp/libPeriphDriver_softfp.a(mxc_delay.o)
                0x08000b10                MXC_DelayAbort
 .text.MXC_DelayCheck
                0x08000b44       0x64 C:/msdk/Libraries/PeriphDrivers/bin/MAX32572/softfp/libPeriphDriver_softfp.a(mxc_delay.o)
                0x08000b44                MXC_DelayCheck
 .text.MXC_Delay
                0x08000ba8       0x58 C:/msdk/Libraries/PeriphDrivers/bin/MAX32572/softfp/libPeriphDriver_softfp.a(mxc_delay.o)
                0x08000ba8                MXC_Delay
 .text.MXC_SYS_IsClockEnabled
                0x08000c00       0x34 C:/msdk/Libraries/PeriphDrivers/bin/MAX32572/softfp/libPeriphDriver_softfp.a(sys_me55.o)
                0x08000c00                MXC_SYS_IsClockEnabled
 .text.MXC_SYS_ClockDisable
                0x08000c34       0x2c C:/msdk/Libraries/PeriphDrivers/bin/MAX32572/softfp/libPeriphDriver_softfp.a(sys_me55.o)
                0x08000c34                MXC_SYS_ClockDisable
 .text.MXC_SYS_ClockEnable
                0x08000c60       0x30 C:/msdk/Libraries/PeriphDrivers/bin/MAX32572/softfp/libPeriphDriver_softfp.a(sys_me55.o)
                0x08000c60                MXC_SYS_ClockEnable
 .text.MXC_SYS_Clock_Timeout
                0x08000c90       0x34 C:/msdk/Libraries/PeriphDrivers/bin/MAX32572/softfp/libPeriphDriver_softfp.a(sys_me55.o)
                0x08000c90                MXC_SYS_Clock_Timeout
 .text.MXC_SYS_ClockSourceEnable
                0x08000cc4       0x9c C:/msdk/Libraries/PeriphDrivers/bin/MAX32572/softfp/libPeriphDriver_softfp.a(sys_me55.o)
                0x08000cc4                MXC_SYS_ClockSourceEnable
 .text.MXC_SYS_Clock_Select
                0x08000d60      0x18c C:/msdk/Libraries/PeriphDrivers/bin/MAX32572/softfp/libPeriphDriver_softfp.a(sys_me55.o)
                0x08000d60                MXC_SYS_Clock_Select
 .text.MXC_SYS_Reset_Periph
                0x08000eec       0x24 C:/msdk/Libraries/PeriphDrivers/bin/MAX32572/softfp/libPeriphDriver_softfp.a(sys_me55.o)
                0x08000eec                MXC_SYS_Reset_Periph
 .text.MXC_GPIO_OutClr
                0x08000f10        0x8 C:/msdk/Libraries/PeriphDrivers/bin/MAX32572/softfp/libPeriphDriver_softfp.a(gpio_me55.o)
                0x08000f10                MXC_GPIO_OutClr
 .text.MXC_GPIO_Handler
                0x08000f18        0x8 C:/msdk/Libraries/PeriphDrivers/bin/MAX32572/softfp/libPeriphDriver_softfp.a(gpio_me55.o)
                0x08000f18                MXC_GPIO_Handler
 .text.MXC_GPIO_ClearFlags
                0x08000f20        0x8 C:/msdk/Libraries/PeriphDrivers/bin/MAX32572/softfp/libPeriphDriver_softfp.a(gpio_me55.o)
                0x08000f20                MXC_GPIO_ClearFlags
 .text.MXC_GPIO_GetFlags
                0x08000f28        0x8 C:/msdk/Libraries/PeriphDrivers/bin/MAX32572/softfp/libPeriphDriver_softfp.a(gpio_me55.o)
                0x08000f28                MXC_GPIO_GetFlags
 .text.MXC_GPIO_SetVSSEL
                0x08000f30        0x8 C:/msdk/Libraries/PeriphDrivers/bin/MAX32572/softfp/libPeriphDriver_softfp.a(gpio_me55.o)
                0x08000f30                MXC_GPIO_SetVSSEL
 .text.MXC_GPIO_SetDriveStrength
                0x08000f38        0x8 C:/msdk/Libraries/PeriphDrivers/bin/MAX32572/softfp/libPeriphDriver_softfp.a(gpio_me55.o)
                0x08000f38                MXC_GPIO_SetDriveStrength
 .text.MXC_GPIO_Config
                0x08000f40       0xe0 C:/msdk/Libraries/PeriphDrivers/bin/MAX32572/softfp/libPeriphDriver_softfp.a(gpio_me55.o)
                0x08000f40                MXC_GPIO_Config
 .text.MXC_GPIO_RevA_OutClr
                0x08001020        0x4 C:/msdk/Libraries/PeriphDrivers/bin/MAX32572/softfp/libPeriphDriver_softfp.a(gpio_reva.o)
                0x08001020                MXC_GPIO_RevA_OutClr
 .text.MXC_GPIO_RevA_ClearFlags
                0x08001024        0x4 C:/msdk/Libraries/PeriphDrivers/bin/MAX32572/softfp/libPeriphDriver_softfp.a(gpio_reva.o)
                0x08001024                MXC_GPIO_RevA_ClearFlags
 .text.MXC_GPIO_RevA_GetFlags
                0x08001028        0x4 C:/msdk/Libraries/PeriphDrivers/bin/MAX32572/softfp/libPeriphDriver_softfp.a(gpio_reva.o)
                0x08001028                MXC_GPIO_RevA_GetFlags
 .text.MXC_GPIO_RevA_SetVSSEL
                0x0800102c       0x2a C:/msdk/Libraries/PeriphDrivers/bin/MAX32572/softfp/libPeriphDriver_softfp.a(gpio_reva.o)
                0x0800102c                MXC_GPIO_RevA_SetVSSEL
 .text.MXC_GPIO_RevA_SetAF
                0x08001056       0x74 C:/msdk/Libraries/PeriphDrivers/bin/MAX32572/softfp/libPeriphDriver_softfp.a(gpio_reva.o)
                0x08001056                MXC_GPIO_RevA_SetAF
 .text.MXC_GPIO_RevA_SetDriveStrength
                0x080010ca       0x88 C:/msdk/Libraries/PeriphDrivers/bin/MAX32572/softfp/libPeriphDriver_softfp.a(gpio_reva.o)
                0x080010ca                MXC_GPIO_RevA_SetDriveStrength
 .text.MXC_SPI_Config
                0x08001152        0x8 C:/msdk/Libraries/PeriphDrivers/bin/MAX32572/softfp/libPeriphDriver_softfp.a(spi_me55_v2.o)
                0x08001152                MXC_SPI_Config
 *fill*         0x0800115a        0x2 
 .text.MXC_SPI_GetPeripheralClock
                0x0800115c        0xc C:/msdk/Libraries/PeriphDrivers/bin/MAX32572/softfp/libPeriphDriver_softfp.a(spi_me55_v2.o)
                0x0800115c                MXC_SPI_GetPeripheralClock
 .text.MXC_SPI_Init
                0x08001168      0x3fc C:/msdk/Libraries/PeriphDrivers/bin/MAX32572/softfp/libPeriphDriver_softfp.a(spi_me55_v2.o)
                0x08001168                MXC_SPI_Init
 .text.MXC_SPI_SetFrequency
                0x08001564        0x8 C:/msdk/Libraries/PeriphDrivers/bin/MAX32572/softfp/libPeriphDriver_softfp.a(spi_me55_v2.o)
                0x08001564                MXC_SPI_SetFrequency
 .text.MXC_SPI_SetFrameSize
                0x0800156c        0x8 C:/msdk/Libraries/PeriphDrivers/bin/MAX32572/softfp/libPeriphDriver_softfp.a(spi_me55_v2.o)
                0x0800156c                MXC_SPI_SetFrameSize
 .text.MXC_SPI_SetInterface
                0x08001574        0x8 C:/msdk/Libraries/PeriphDrivers/bin/MAX32572/softfp/libPeriphDriver_softfp.a(spi_me55_v2.o)
                0x08001574                MXC_SPI_SetInterface
 .text.MXC_SPI_SetClkMode
                0x0800157c        0x8 C:/msdk/Libraries/PeriphDrivers/bin/MAX32572/softfp/libPeriphDriver_softfp.a(spi_me55_v2.o)
                0x0800157c                MXC_SPI_SetClkMode
 .text.MXC_SPI_DMA_SetRequestSelect
                0x08001584       0x8c C:/msdk/Libraries/PeriphDrivers/bin/MAX32572/softfp/libPeriphDriver_softfp.a(spi_me55_v2.o)
                0x08001584                MXC_SPI_DMA_SetRequestSelect
 .text.MXC_SPI_ControllerTransaction
                0x08001610       0x22 C:/msdk/Libraries/PeriphDrivers/bin/MAX32572/softfp/libPeriphDriver_softfp.a(spi_me55_v2.o)
                0x08001610                MXC_SPI_ControllerTransaction
 .text.MXC_SPI_TargetTransactionAsync
                0x08001632       0x28 C:/msdk/Libraries/PeriphDrivers/bin/MAX32572/softfp/libPeriphDriver_softfp.a(spi_me55_v2.o)
                0x08001632                MXC_SPI_TargetTransactionAsync
 .text.MXC_SPI_SetDataSize
                0x0800165a        0x8 C:/msdk/Libraries/PeriphDrivers/bin/MAX32572/softfp/libPeriphDriver_softfp.a(spi_me55_v2.o)
                0x0800165a                MXC_SPI_SetDataSize
 .text.MXC_SPI_SetWidth
                0x08001662       0x34 C:/msdk/Libraries/PeriphDrivers/bin/MAX32572/softfp/libPeriphDriver_softfp.a(spi_me55_v2.o)
                0x08001662                MXC_SPI_SetWidth
 .text.MXC_SPI_RevA2_writeTXFIFO16
                0x08001696       0x50 C:/msdk/Libraries/PeriphDrivers/bin/MAX32572/softfp/libPeriphDriver_softfp.a(spi_reva2.o)
 .text.MXC_SPI_RevA2_readRXFIFO16
                0x080016e6       0x58 C:/msdk/Libraries/PeriphDrivers/bin/MAX32572/softfp/libPeriphDriver_softfp.a(spi_reva2.o)
 *fill*         0x0800173e        0x2 
 .text.MXC_SPI_RevA2_process
                0x08001740      0x23c C:/msdk/Libraries/PeriphDrivers/bin/MAX32572/softfp/libPeriphDriver_softfp.a(spi_reva2.o)
 .text.MXC_SPI_RevA2_resetStateStruct
                0x0800197c       0x54 C:/msdk/Libraries/PeriphDrivers/bin/MAX32572/softfp/libPeriphDriver_softfp.a(spi_reva2.o)
 .text.MXC_SPI_RevA2_handleTSControl
                0x080019d0       0x70 C:/msdk/Libraries/PeriphDrivers/bin/MAX32572/softfp/libPeriphDriver_softfp.a(spi_reva2.o)
 .text.MXC_SPI_RevA2_transactionSetup
                0x08001a40      0x450 C:/msdk/Libraries/PeriphDrivers/bin/MAX32572/softfp/libPeriphDriver_softfp.a(spi_reva2.o)
 .text.MXC_SPI_RevA2_Init
                0x08001e90      0x104 C:/msdk/Libraries/PeriphDrivers/bin/MAX32572/softfp/libPeriphDriver_softfp.a(spi_reva2.o)
                0x08001e90                MXC_SPI_RevA2_Init
 .text.MXC_SPI_RevA2_SetTSControl
                0x08001f94       0x68 C:/msdk/Libraries/PeriphDrivers/bin/MAX32572/softfp/libPeriphDriver_softfp.a(spi_reva2.o)
                0x08001f94                MXC_SPI_RevA2_SetTSControl
 .text.MXC_SPI_RevA2_SetFrequency
                0x08001ffc       0x84 C:/msdk/Libraries/PeriphDrivers/bin/MAX32572/softfp/libPeriphDriver_softfp.a(spi_reva2.o)
                0x08001ffc                MXC_SPI_RevA2_SetFrequency
 .text.MXC_SPI_RevA2_SetFrameSize
                0x08002080       0xa8 C:/msdk/Libraries/PeriphDrivers/bin/MAX32572/softfp/libPeriphDriver_softfp.a(spi_reva2.o)
                0x08002080                MXC_SPI_RevA2_SetFrameSize
 .text.MXC_SPI_RevA2_SetInterface
                0x08002128       0x80 C:/msdk/Libraries/PeriphDrivers/bin/MAX32572/softfp/libPeriphDriver_softfp.a(spi_reva2.o)
                0x08002128                MXC_SPI_RevA2_SetInterface
 .text.MXC_SPI_RevA2_SetClkMode
                0x080021a8       0x68 C:/msdk/Libraries/PeriphDrivers/bin/MAX32572/softfp/libPeriphDriver_softfp.a(spi_reva2.o)
                0x080021a8                MXC_SPI_RevA2_SetClkMode
 .text.MXC_SPI_RevA2_SetCallback
                0x08002210       0x44 C:/msdk/Libraries/PeriphDrivers/bin/MAX32572/softfp/libPeriphDriver_softfp.a(spi_reva2.o)
                0x08002210                MXC_SPI_RevA2_SetCallback
 .text.MXC_SPI_RevA2_DMA_Init
                0x08002254      0x120 C:/msdk/Libraries/PeriphDrivers/bin/MAX32572/softfp/libPeriphDriver_softfp.a(spi_reva2.o)
                0x08002254                MXC_SPI_RevA2_DMA_Init
 .text.MXC_SPI_RevA2_Config
                0x08002374       0x70 C:/msdk/Libraries/PeriphDrivers/bin/MAX32572/softfp/libPeriphDriver_softfp.a(spi_reva2.o)
                0x08002374                MXC_SPI_RevA2_Config
 .text.MXC_SPI_RevA2_DMA_SetRequestSelect
                0x080023e4       0x98 C:/msdk/Libraries/PeriphDrivers/bin/MAX32572/softfp/libPeriphDriver_softfp.a(spi_reva2.o)
                0x080023e4                MXC_SPI_RevA2_DMA_SetRequestSelect
 .text.MXC_SPI_RevA2_ControllerTransaction
                0x0800247c       0xfc C:/msdk/Libraries/PeriphDrivers/bin/MAX32572/softfp/libPeriphDriver_softfp.a(spi_reva2.o)
                0x0800247c                MXC_SPI_RevA2_ControllerTransaction
 .text.MXC_SPI_RevA2_TargetTransactionAsync
                0x08002578       0x70 C:/msdk/Libraries/PeriphDrivers/bin/MAX32572/softfp/libPeriphDriver_softfp.a(spi_reva2.o)
                0x08002578                MXC_SPI_RevA2_TargetTransactionAsync
 .text.MXC_SPI_RevA2_Handler
                0x080025e8       0xa0 C:/msdk/Libraries/PeriphDrivers/bin/MAX32572/softfp/libPeriphDriver_softfp.a(spi_reva2.o)
                0x080025e8                MXC_SPI_RevA2_Handler
 .text.MXC_UART_Shutdown
                0x08002688       0x70 C:/msdk/Libraries/PeriphDrivers/bin/MAX32572/softfp/libPeriphDriver_softfp.a(uart_me55.o)
                0x08002688                MXC_UART_Shutdown
 .text.MXC_UART_Init
                0x080026f8       0xa4 C:/msdk/Libraries/PeriphDrivers/bin/MAX32572/softfp/libPeriphDriver_softfp.a(uart_me55.o)
                0x080026f8                MXC_UART_Init
 .text.MXC_UART_GetFrequency
                0x0800279c       0x8c C:/msdk/Libraries/PeriphDrivers/bin/MAX32572/softfp/libPeriphDriver_softfp.a(uart_me55.o)
                0x0800279c                MXC_UART_GetFrequency
 .text.MXC_UART_SetFrequency
                0x08002828       0xd4 C:/msdk/Libraries/PeriphDrivers/bin/MAX32572/softfp/libPeriphDriver_softfp.a(uart_me55.o)
                0x08002828                MXC_UART_SetFrequency
 .text.MXC_UART_SetDataSize
                0x080028fc        0x8 C:/msdk/Libraries/PeriphDrivers/bin/MAX32572/softfp/libPeriphDriver_softfp.a(uart_me55.o)
                0x080028fc                MXC_UART_SetDataSize
 .text.MXC_UART_SetStopBits
                0x08002904        0x8 C:/msdk/Libraries/PeriphDrivers/bin/MAX32572/softfp/libPeriphDriver_softfp.a(uart_me55.o)
                0x08002904                MXC_UART_SetStopBits
 .text.MXC_UART_SetParity
                0x0800290c        0x8 C:/msdk/Libraries/PeriphDrivers/bin/MAX32572/softfp/libPeriphDriver_softfp.a(uart_me55.o)
                0x0800290c                MXC_UART_SetParity
 .text.MXC_UART_ReadCharacterRaw
                0x08002914        0x8 C:/msdk/Libraries/PeriphDrivers/bin/MAX32572/softfp/libPeriphDriver_softfp.a(uart_me55.o)
                0x08002914                MXC_UART_ReadCharacterRaw
 .text.MXC_UART_WriteCharacterRaw
                0x0800291c        0x8 C:/msdk/Libraries/PeriphDrivers/bin/MAX32572/softfp/libPeriphDriver_softfp.a(uart_me55.o)
                0x0800291c                MXC_UART_WriteCharacterRaw
 .text.MXC_UART_ReadCharacter
                0x08002924        0x8 C:/msdk/Libraries/PeriphDrivers/bin/MAX32572/softfp/libPeriphDriver_softfp.a(uart_me55.o)
                0x08002924                MXC_UART_ReadCharacter
 .text.MXC_UART_WriteCharacter
                0x0800292c        0x8 C:/msdk/Libraries/PeriphDrivers/bin/MAX32572/softfp/libPeriphDriver_softfp.a(uart_me55.o)
                0x0800292c                MXC_UART_WriteCharacter
 .text.MXC_UART_GetRXFIFOAvailable
                0x08002934        0x8 C:/msdk/Libraries/PeriphDrivers/bin/MAX32572/softfp/libPeriphDriver_softfp.a(uart_me55.o)
                0x08002934                MXC_UART_GetRXFIFOAvailable
 .text.MXC_UART_GetTXFIFOAvailable
                0x0800293c        0x8 C:/msdk/Libraries/PeriphDrivers/bin/MAX32572/softfp/libPeriphDriver_softfp.a(uart_me55.o)
                0x0800293c                MXC_UART_GetTXFIFOAvailable
 .text.MXC_UART_SetRXThreshold
                0x08002944        0x8 C:/msdk/Libraries/PeriphDrivers/bin/MAX32572/softfp/libPeriphDriver_softfp.a(uart_me55.o)
                0x08002944                MXC_UART_SetRXThreshold
 .text.MXC_UART_RevB_Init
                0x0800294c       0x7c C:/msdk/Libraries/PeriphDrivers/bin/MAX32572/softfp/libPeriphDriver_softfp.a(uart_revb.o)
                0x0800294c                MXC_UART_RevB_Init
 .text.MXC_UART_RevB_SetFrequency
                0x080029c8       0xac C:/msdk/Libraries/PeriphDrivers/bin/MAX32572/softfp/libPeriphDriver_softfp.a(uart_revb.o)
                0x080029c8                MXC_UART_RevB_SetFrequency
 .text.MXC_UART_RevB_GetFrequency
                0x08002a74       0x80 C:/msdk/Libraries/PeriphDrivers/bin/MAX32572/softfp/libPeriphDriver_softfp.a(uart_revb.o)
                0x08002a74                MXC_UART_RevB_GetFrequency
 .text.MXC_UART_RevB_SetDataSize
                0x08002af4       0x48 C:/msdk/Libraries/PeriphDrivers/bin/MAX32572/softfp/libPeriphDriver_softfp.a(uart_revb.o)
                0x08002af4                MXC_UART_RevB_SetDataSize
 .text.MXC_UART_RevB_SetStopBits
                0x08002b3c       0x4c C:/msdk/Libraries/PeriphDrivers/bin/MAX32572/softfp/libPeriphDriver_softfp.a(uart_revb.o)
                0x08002b3c                MXC_UART_RevB_SetStopBits
 .text.MXC_UART_RevB_SetParity
                0x08002b88       0xb8 C:/msdk/Libraries/PeriphDrivers/bin/MAX32572/softfp/libPeriphDriver_softfp.a(uart_revb.o)
                0x08002b88                MXC_UART_RevB_SetParity
 .text.MXC_UART_RevB_ReadCharacterRaw
                0x08002c40       0x3c C:/msdk/Libraries/PeriphDrivers/bin/MAX32572/softfp/libPeriphDriver_softfp.a(uart_revb.o)
                0x08002c40                MXC_UART_RevB_ReadCharacterRaw
 .text.MXC_UART_RevB_WriteCharacterRaw
                0x08002c7c       0x3c C:/msdk/Libraries/PeriphDrivers/bin/MAX32572/softfp/libPeriphDriver_softfp.a(uart_revb.o)
                0x08002c7c                MXC_UART_RevB_WriteCharacterRaw
 .text.MXC_UART_RevB_GetRXFIFOAvailable
                0x08002cb8        0x8 C:/msdk/Libraries/PeriphDrivers/bin/MAX32572/softfp/libPeriphDriver_softfp.a(uart_revb.o)
                0x08002cb8                MXC_UART_RevB_GetRXFIFOAvailable
 .text.MXC_UART_RevB_GetTXFIFOAvailable
                0x08002cc0        0xc C:/msdk/Libraries/PeriphDrivers/bin/MAX32572/softfp/libPeriphDriver_softfp.a(uart_revb.o)
                0x08002cc0                MXC_UART_RevB_GetTXFIFOAvailable
 .text.MXC_UART_RevB_SetRXThreshold
                0x08002ccc       0x48 C:/msdk/Libraries/PeriphDrivers/bin/MAX32572/softfp/libPeriphDriver_softfp.a(uart_revb.o)
                0x08002ccc                MXC_UART_RevB_SetRXThreshold
 .text.MXC_DMA_Init
                0x08002d14       0x24 C:/msdk/Libraries/PeriphDrivers/bin/MAX32572/softfp/libPeriphDriver_softfp.a(dma_me55.o)
                0x08002d14                MXC_DMA_Init
 .text.MXC_DMA_AcquireChannel
                0x08002d38       0x10 C:/msdk/Libraries/PeriphDrivers/bin/MAX32572/softfp/libPeriphDriver_softfp.a(dma_me55.o)
                0x08002d38                MXC_DMA_AcquireChannel
 .text.MXC_DMA_RevA_Init
                0x08002d48       0xb8 C:/msdk/Libraries/PeriphDrivers/bin/MAX32572/softfp/libPeriphDriver_softfp.a(dma_reva.o)
                0x08002d48                MXC_DMA_RevA_Init
 .text.MXC_DMA_RevA_AcquireChannel
                0x08002e00       0x90 C:/msdk/Libraries/PeriphDrivers/bin/MAX32572/softfp/libPeriphDriver_softfp.a(dma_reva.o)
                0x08002e00                MXC_DMA_RevA_AcquireChannel
 .text.MXC_GPIO_Common_Handler
                0x08002e90       0x78 C:/msdk/Libraries/PeriphDrivers/bin/MAX32572/softfp/libPeriphDriver_softfp.a(gpio_common.o)
                0x08002e90                MXC_GPIO_Common_Handler
 .text.MXC_UART_Common_ReadCharacter
                0x08002f08       0x16 C:/msdk/Libraries/PeriphDrivers/bin/MAX32572/softfp/libPeriphDriver_softfp.a(uart_common.o)
                0x08002f08                MXC_UART_Common_ReadCharacter
 .text.MXC_UART_Common_WriteCharacter
                0x08002f1e       0x1a C:/msdk/Libraries/PeriphDrivers/bin/MAX32572/softfp/libPeriphDriver_softfp.a(uart_common.o)
                0x08002f1e                MXC_UART_Common_WriteCharacter
 .text.MXC_GetLock
                0x08002f38       0x1c C:/msdk/Libraries/PeriphDrivers/bin/MAX32572/softfp/libPeriphDriver_softfp.a(mxc_lock.o)
                0x08002f38                MXC_GetLock
 .text.MXC_FreeLock
                0x08002f54        0xa C:/msdk/Libraries/PeriphDrivers/bin/MAX32572/softfp/libPeriphDriver_softfp.a(mxc_lock.o)
                0x08002f54                MXC_FreeLock
 *fill*         0x08002f5e        0x2 
 .text.__errno  0x08002f60        0xc c:/maximsdk/tools/gnutools/10.3/bin/../lib/gcc/arm-none-eabi/10.3.1/../../../../arm-none-eabi/lib/thumb/v7e-m+fp/softfp\libc.a(lib_a-errno.o)
                0x08002f60                __errno
 .text.__libc_init_array
                0x08002f6c       0x48 c:/maximsdk/tools/gnutools/10.3/bin/../lib/gcc/arm-none-eabi/10.3.1/../../../../arm-none-eabi/lib/thumb/v7e-m+fp/softfp\libc.a(lib_a-init.o)
                0x08002f6c                __libc_init_array
 .text.memcmp   0x08002fb4       0x64 c:/maximsdk/tools/gnutools/10.3/bin/../lib/gcc/arm-none-eabi/10.3.1/../../../../arm-none-eabi/lib/thumb/v7e-m+fp/softfp\libc.a(lib_a-memcmp.o)
                0x08002fb4                memcmp
 .text.memset   0x08003018       0xa4 c:/maximsdk/tools/gnutools/10.3/bin/../lib/gcc/arm-none-eabi/10.3.1/../../../../arm-none-eabi/lib/thumb/v7e-m+fp/softfp\libc.a(lib_a-memset.o)
                0x08003018                memset
 .text.printf   0x080030bc       0x28 c:/maximsdk/tools/gnutools/10.3/bin/../lib/gcc/arm-none-eabi/10.3.1/../../../../arm-none-eabi/lib/thumb/v7e-m+fp/softfp\libc.a(lib_a-printf.o)
                0x080030bc                printf
 .text.putchar  0x080030e4       0x10 c:/maximsdk/tools/gnutools/10.3/bin/../lib/gcc/arm-none-eabi/10.3.1/../../../../arm-none-eabi/lib/thumb/v7e-m+fp/softfp\libc.a(lib_a-putchar.o)
                0x080030e4                putchar
 .text._puts_r  0x080030f4       0x9c c:/maximsdk/tools/gnutools/10.3/bin/../lib/gcc/arm-none-eabi/10.3.1/../../../../arm-none-eabi/lib/thumb/v7e-m+fp/softfp\libc.a(lib_a-puts.o)
                0x080030f4                _puts_r
 .text.puts     0x08003190       0x10 c:/maximsdk/tools/gnutools/10.3/bin/../lib/gcc/arm-none-eabi/10.3.1/../../../../arm-none-eabi/lib/thumb/v7e-m+fp/softfp\libc.a(lib_a-puts.o)
                0x08003190                puts
 *fill*         0x080031a0       0x20 
 .text          0x080031c0       0xdc c:/maximsdk/tools/gnutools/10.3/bin/../lib/gcc/arm-none-eabi/10.3.1/../../../../arm-none-eabi/lib/thumb/v7e-m+fp/softfp\libc.a(lib_a-strlen.o)
                0x080031c0                strlen
 *fill*         0x0800329c        0x4 
 .text._vfprintf_r
                0x080032a0     0x1b8c c:/maximsdk/tools/gnutools/10.3/bin/../lib/gcc/arm-none-eabi/10.3.1/../../../../arm-none-eabi/lib/thumb/v7e-m+fp/softfp\libc.a(lib_a-vfprintf.o)
                0x080032a0                _vfprintf_r
 .text.__sbprintf
                0x08004e2c       0x80 c:/maximsdk/tools/gnutools/10.3/bin/../lib/gcc/arm-none-eabi/10.3.1/../../../../arm-none-eabi/lib/thumb/v7e-m+fp/softfp\libc.a(lib_a-vfprintf.o)
 .text.__swsetup_r
                0x08004eac       0xd4 c:/maximsdk/tools/gnutools/10.3/bin/../lib/gcc/arm-none-eabi/10.3.1/../../../../arm-none-eabi/lib/thumb/v7e-m+fp/softfp\libc.a(lib_a-wsetup.o)
                0x08004eac                __swsetup_r
 .text.startup.register_fini
                0x08004f80       0x14 c:/maximsdk/tools/gnutools/10.3/bin/../lib/gcc/arm-none-eabi/10.3.1/../../../../arm-none-eabi/lib/thumb/v7e-m+fp/softfp\libc.a(lib_a-__call_atexit.o)
 .text.atexit   0x08004f94        0xc c:/maximsdk/tools/gnutools/10.3/bin/../lib/gcc/arm-none-eabi/10.3.1/../../../../arm-none-eabi/lib/thumb/v7e-m+fp/softfp\libc.a(lib_a-atexit.o)
                0x08004f94                atexit
 .text.quorem   0x08004fa0      0x128 c:/maximsdk/tools/gnutools/10.3/bin/../lib/gcc/arm-none-eabi/10.3.1/../../../../arm-none-eabi/lib/thumb/v7e-m+fp/softfp\libc.a(lib_a-dtoa.o)
 .text._dtoa_r  0x080050c8      0xf34 c:/maximsdk/tools/gnutools/10.3/bin/../lib/gcc/arm-none-eabi/10.3.1/../../../../arm-none-eabi/lib/thumb/v7e-m+fp/softfp\libc.a(lib_a-dtoa.o)
                0x080050c8                _dtoa_r
 .text.__sflush_r
                0x08005ffc      0x130 c:/maximsdk/tools/gnutools/10.3/bin/../lib/gcc/arm-none-eabi/10.3.1/../../../../arm-none-eabi/lib/thumb/v7e-m+fp/softfp\libc.a(lib_a-fflush.o)
                0x08005ffc                __sflush_r
 .text._fflush_r
                0x0800612c       0x5c c:/maximsdk/tools/gnutools/10.3/bin/../lib/gcc/arm-none-eabi/10.3.1/../../../../arm-none-eabi/lib/thumb/v7e-m+fp/softfp\libc.a(lib_a-fflush.o)
                0x0800612c                _fflush_r
 .text._cleanup_r
                0x08006188        0xc c:/maximsdk/tools/gnutools/10.3/bin/../lib/gcc/arm-none-eabi/10.3.1/../../../../arm-none-eabi/lib/thumb/v7e-m+fp/softfp\libc.a(lib_a-findfp.o)
                0x08006188                _cleanup_r
 .text.__sinit  0x08006194      0x10c c:/maximsdk/tools/gnutools/10.3/bin/../lib/gcc/arm-none-eabi/10.3.1/../../../../arm-none-eabi/lib/thumb/v7e-m+fp/softfp\libc.a(lib_a-findfp.o)
                0x08006194                __sinit
 .text.__sfp_lock_acquire
                0x080062a0        0xc c:/maximsdk/tools/gnutools/10.3/bin/../lib/gcc/arm-none-eabi/10.3.1/../../../../arm-none-eabi/lib/thumb/v7e-m+fp/softfp\libc.a(lib_a-findfp.o)
                0x080062a0                __sfp_lock_acquire
 .text.__sfp_lock_release
                0x080062ac        0xc c:/maximsdk/tools/gnutools/10.3/bin/../lib/gcc/arm-none-eabi/10.3.1/../../../../arm-none-eabi/lib/thumb/v7e-m+fp/softfp\libc.a(lib_a-findfp.o)
                0x080062ac                __sfp_lock_release
 .text.__libc_fini_array
                0x080062b8       0x2c c:/maximsdk/tools/gnutools/10.3/bin/../lib/gcc/arm-none-eabi/10.3.1/../../../../arm-none-eabi/lib/thumb/v7e-m+fp/softfp\libc.a(lib_a-fini.o)
                0x080062b8                __libc_fini_array
 .text._malloc_trim_r
                0x080062e4       0xa0 c:/maximsdk/tools/gnutools/10.3/bin/../lib/gcc/arm-none-eabi/10.3.1/../../../../arm-none-eabi/lib/thumb/v7e-m+fp/softfp\libc.a(lib_a-freer.o)
                0x080062e4                _malloc_trim_r
 .text._free_r  0x08006384      0x20c c:/maximsdk/tools/gnutools/10.3/bin/../lib/gcc/arm-none-eabi/10.3.1/../../../../arm-none-eabi/lib/thumb/v7e-m+fp/softfp\libc.a(lib_a-freer.o)
                0x08006384                _free_r
 .text.__sfvwrite_r
                0x08006590      0x2f0 c:/maximsdk/tools/gnutools/10.3/bin/../lib/gcc/arm-none-eabi/10.3.1/../../../../arm-none-eabi/lib/thumb/v7e-m+fp/softfp\libc.a(lib_a-fvwrite.o)
                0x08006590                __sfvwrite_r
 .text._fwalk_reent
                0x08006880       0x48 c:/maximsdk/tools/gnutools/10.3/bin/../lib/gcc/arm-none-eabi/10.3.1/../../../../arm-none-eabi/lib/thumb/v7e-m+fp/softfp\libc.a(lib_a-fwalk.o)
                0x08006880                _fwalk_reent
 .text._localeconv_r
                0x080068c8        0x8 c:/maximsdk/tools/gnutools/10.3/bin/../lib/gcc/arm-none-eabi/10.3.1/../../../../arm-none-eabi/lib/thumb/v7e-m+fp/softfp\libc.a(lib_a-localeconv.o)
                0x080068c8                _localeconv_r
 .text.__retarget_lock_init_recursive
                0x080068d0        0x4 c:/maximsdk/tools/gnutools/10.3/bin/../lib/gcc/arm-none-eabi/10.3.1/../../../../arm-none-eabi/lib/thumb/v7e-m+fp/softfp\libc.a(lib_a-lock.o)
                0x080068d0                __retarget_lock_init_recursive
 .text.__retarget_lock_close_recursive
                0x080068d4        0x4 c:/maximsdk/tools/gnutools/10.3/bin/../lib/gcc/arm-none-eabi/10.3.1/../../../../arm-none-eabi/lib/thumb/v7e-m+fp/softfp\libc.a(lib_a-lock.o)
                0x080068d4                __retarget_lock_close_recursive
 .text.__retarget_lock_acquire_recursive
                0x080068d8        0x4 c:/maximsdk/tools/gnutools/10.3/bin/../lib/gcc/arm-none-eabi/10.3.1/../../../../arm-none-eabi/lib/thumb/v7e-m+fp/softfp\libc.a(lib_a-lock.o)
                0x080068d8                __retarget_lock_acquire_recursive
 .text.__retarget_lock_release_recursive
                0x080068dc        0x4 c:/maximsdk/tools/gnutools/10.3/bin/../lib/gcc/arm-none-eabi/10.3.1/../../../../arm-none-eabi/lib/thumb/v7e-m+fp/softfp\libc.a(lib_a-lock.o)
                0x080068dc                __retarget_lock_release_recursive
 .text.__smakebuf_r
                0x080068e0       0xe0 c:/maximsdk/tools/gnutools/10.3/bin/../lib/gcc/arm-none-eabi/10.3.1/../../../../arm-none-eabi/lib/thumb/v7e-m+fp/softfp\libc.a(lib_a-makebuf.o)
                0x080068e0                __smakebuf_r
 .text._malloc_r
                0x080069c0      0x560 c:/maximsdk/tools/gnutools/10.3/bin/../lib/gcc/arm-none-eabi/10.3.1/../../../../arm-none-eabi/lib/thumb/v7e-m+fp/softfp\libc.a(lib_a-mallocr.o)
                0x080069c0                _malloc_r
 .text          0x08006f20       0xa0 c:/maximsdk/tools/gnutools/10.3/bin/../lib/gcc/arm-none-eabi/10.3.1/../../../../arm-none-eabi/lib/thumb/v7e-m+fp/softfp\libc.a(lib_a-memchr.o)
                0x08006f20                memchr
 .text          0x08006fc0      0x134 c:/maximsdk/tools/gnutools/10.3/bin/../lib/gcc/arm-none-eabi/10.3.1/../../../../arm-none-eabi/lib/thumb/v7e-m+fp/softfp\libc.a(lib_a-memcpy.o)
                0x08006fc0                memcpy
 .text.memmove  0x080070f4       0xf8 c:/maximsdk/tools/gnutools/10.3/bin/../lib/gcc/arm-none-eabi/10.3.1/../../../../arm-none-eabi/lib/thumb/v7e-m+fp/softfp\libc.a(lib_a-memmove.o)
                0x080070f4                memmove
 .text.__malloc_lock
                0x080071ec        0xc c:/maximsdk/tools/gnutools/10.3/bin/../lib/gcc/arm-none-eabi/10.3.1/../../../../arm-none-eabi/lib/thumb/v7e-m+fp/softfp\libc.a(lib_a-mlock.o)
                0x080071ec                __malloc_lock
 .text.__malloc_unlock
                0x080071f8        0xc c:/maximsdk/tools/gnutools/10.3/bin/../lib/gcc/arm-none-eabi/10.3.1/../../../../arm-none-eabi/lib/thumb/v7e-m+fp/softfp\libc.a(lib_a-mlock.o)
                0x080071f8                __malloc_unlock
 .text._Balloc  0x08007204       0x4c c:/maximsdk/tools/gnutools/10.3/bin/../lib/gcc/arm-none-eabi/10.3.1/../../../../arm-none-eabi/lib/thumb/v7e-m+fp/softfp\libc.a(lib_a-mprec.o)
                0x08007204                _Balloc
 .text._Bfree   0x08007250       0x14 c:/maximsdk/tools/gnutools/10.3/bin/../lib/gcc/arm-none-eabi/10.3.1/../../../../arm-none-eabi/lib/thumb/v7e-m+fp/softfp\libc.a(lib_a-mprec.o)
                0x08007250                _Bfree
 .text.__multadd
                0x08007264       0xa8 c:/maximsdk/tools/gnutools/10.3/bin/../lib/gcc/arm-none-eabi/10.3.1/../../../../arm-none-eabi/lib/thumb/v7e-m+fp/softfp\libc.a(lib_a-mprec.o)
                0x08007264                __multadd
 .text.__hi0bits
                0x0800730c       0x40 c:/maximsdk/tools/gnutools/10.3/bin/../lib/gcc/arm-none-eabi/10.3.1/../../../../arm-none-eabi/lib/thumb/v7e-m+fp/softfp\libc.a(lib_a-mprec.o)
                0x0800730c                __hi0bits
 .text.__lo0bits
                0x0800734c       0x60 c:/maximsdk/tools/gnutools/10.3/bin/../lib/gcc/arm-none-eabi/10.3.1/../../../../arm-none-eabi/lib/thumb/v7e-m+fp/softfp\libc.a(lib_a-mprec.o)
                0x0800734c                __lo0bits
 .text.__i2b    0x080073ac       0x5c c:/maximsdk/tools/gnutools/10.3/bin/../lib/gcc/arm-none-eabi/10.3.1/../../../../arm-none-eabi/lib/thumb/v7e-m+fp/softfp\libc.a(lib_a-mprec.o)
                0x080073ac                __i2b
 .text.__multiply
                0x08007408      0x15c c:/maximsdk/tools/gnutools/10.3/bin/../lib/gcc/arm-none-eabi/10.3.1/../../../../arm-none-eabi/lib/thumb/v7e-m+fp/softfp\libc.a(lib_a-mprec.o)
                0x08007408                __multiply
 .text.__pow5mult
                0x08007564       0xc0 c:/maximsdk/tools/gnutools/10.3/bin/../lib/gcc/arm-none-eabi/10.3.1/../../../../arm-none-eabi/lib/thumb/v7e-m+fp/softfp\libc.a(lib_a-mprec.o)
                0x08007564                __pow5mult
 .text.__lshift
                0x08007624       0xf0 c:/maximsdk/tools/gnutools/10.3/bin/../lib/gcc/arm-none-eabi/10.3.1/../../../../arm-none-eabi/lib/thumb/v7e-m+fp/softfp\libc.a(lib_a-mprec.o)
                0x08007624                __lshift
 .text.__mcmp   0x08007714       0x44 c:/maximsdk/tools/gnutools/10.3/bin/../lib/gcc/arm-none-eabi/10.3.1/../../../../arm-none-eabi/lib/thumb/v7e-m+fp/softfp\libc.a(lib_a-mprec.o)
                0x08007714                __mcmp
 .text.__mdiff  0x08007758      0x14c c:/maximsdk/tools/gnutools/10.3/bin/../lib/gcc/arm-none-eabi/10.3.1/../../../../arm-none-eabi/lib/thumb/v7e-m+fp/softfp\libc.a(lib_a-mprec.o)
                0x08007758                __mdiff
 .text.__d2b    0x080078a4       0xc4 c:/maximsdk/tools/gnutools/10.3/bin/../lib/gcc/arm-none-eabi/10.3.1/../../../../arm-none-eabi/lib/thumb/v7e-m+fp/softfp\libc.a(lib_a-mprec.o)
                0x080078a4                __d2b
 .text._putc_r  0x08007968       0x74 c:/maximsdk/tools/gnutools/10.3/bin/../lib/gcc/arm-none-eabi/10.3.1/../../../../arm-none-eabi/lib/thumb/v7e-m+fp/softfp\libc.a(lib_a-putc.o)
                0x08007968                _putc_r
 .text._realloc_r
                0x080079dc      0x3d8 c:/maximsdk/tools/gnutools/10.3/bin/../lib/gcc/arm-none-eabi/10.3.1/../../../../arm-none-eabi/lib/thumb/v7e-m+fp/softfp\libc.a(lib_a-reallocr.o)
                0x080079dc                _realloc_r
 .text.frexp    0x08007db4       0x70 c:/maximsdk/tools/gnutools/10.3/bin/../lib/gcc/arm-none-eabi/10.3.1/../../../../arm-none-eabi/lib/thumb/v7e-m+fp/softfp\libc.a(lib_a-s_frexp.o)
                0x08007db4                frexp
 .text._sbrk_r  0x08007e24       0x24 c:/maximsdk/tools/gnutools/10.3/bin/../lib/gcc/arm-none-eabi/10.3.1/../../../../arm-none-eabi/lib/thumb/v7e-m+fp/softfp\libc.a(lib_a-sbrkr.o)
                0x08007e24                _sbrk_r
 .text.__sread  0x08007e48       0x24 c:/maximsdk/tools/gnutools/10.3/bin/../lib/gcc/arm-none-eabi/10.3.1/../../../../arm-none-eabi/lib/thumb/v7e-m+fp/softfp\libc.a(lib_a-stdio.o)
                0x08007e48                __sread
 .text.__swrite
                0x08007e6c       0x40 c:/maximsdk/tools/gnutools/10.3/bin/../lib/gcc/arm-none-eabi/10.3.1/../../../../arm-none-eabi/lib/thumb/v7e-m+fp/softfp\libc.a(lib_a-stdio.o)
                0x08007e6c                __swrite
 .text.__sseek  0x08007eac       0x20 c:/maximsdk/tools/gnutools/10.3/bin/../lib/gcc/arm-none-eabi/10.3.1/../../../../arm-none-eabi/lib/thumb/v7e-m+fp/softfp\libc.a(lib_a-stdio.o)
                0x08007eac                __sseek
 .text.__sclose
                0x08007ecc        0x8 c:/maximsdk/tools/gnutools/10.3/bin/../lib/gcc/arm-none-eabi/10.3.1/../../../../arm-none-eabi/lib/thumb/v7e-m+fp/softfp\libc.a(lib_a-stdio.o)
                0x08007ecc                __sclose
 .text.strncpy  0x08007ed4       0x64 c:/maximsdk/tools/gnutools/10.3/bin/../lib/gcc/arm-none-eabi/10.3.1/../../../../arm-none-eabi/lib/thumb/v7e-m+fp/softfp\libc.a(lib_a-strncpy.o)
                0x08007ed4                strncpy
 .text.__sprint_r.part.0
                0x08007f38       0x78 c:/maximsdk/tools/gnutools/10.3/bin/../lib/gcc/arm-none-eabi/10.3.1/../../../../arm-none-eabi/lib/thumb/v7e-m+fp/softfp\libc.a(lib_a-vfiprintf.o)
 .text.__sprint_r
                0x08007fb0       0x18 c:/maximsdk/tools/gnutools/10.3/bin/../lib/gcc/arm-none-eabi/10.3.1/../../../../arm-none-eabi/lib/thumb/v7e-m+fp/softfp\libc.a(lib_a-vfiprintf.o)
                0x08007fb0                __sprint_r
 .text._vfiprintf_r
                0x08007fc8      0xdfc c:/maximsdk/tools/gnutools/10.3/bin/../lib/gcc/arm-none-eabi/10.3.1/../../../../arm-none-eabi/lib/thumb/v7e-m+fp/softfp\libc.a(lib_a-vfiprintf.o)
                0x08007fc8                _vfiprintf_r
 .text.__sbprintf
                0x08008dc4       0x80 c:/maximsdk/tools/gnutools/10.3/bin/../lib/gcc/arm-none-eabi/10.3.1/../../../../arm-none-eabi/lib/thumb/v7e-m+fp/softfp\libc.a(lib_a-vfiprintf.o)
 .text.__swbuf_r
                0x08008e44       0xb0 c:/maximsdk/tools/gnutools/10.3/bin/../lib/gcc/arm-none-eabi/10.3.1/../../../../arm-none-eabi/lib/thumb/v7e-m+fp/softfp\libc.a(lib_a-wbuf.o)
                0x08008e44                __swbuf_r
 .text._write_r
                0x08008ef4       0x2c c:/maximsdk/tools/gnutools/10.3/bin/../lib/gcc/arm-none-eabi/10.3.1/../../../../arm-none-eabi/lib/thumb/v7e-m+fp/softfp\libc.a(lib_a-writer.o)
                0x08008ef4                _write_r
 .text.__register_exitproc
                0x08008f20       0x8c c:/maximsdk/tools/gnutools/10.3/bin/../lib/gcc/arm-none-eabi/10.3.1/../../../../arm-none-eabi/lib/thumb/v7e-m+fp/softfp\libc.a(lib_a-__atexit.o)
                0x08008f20                __register_exitproc
 .text.__assert_func
                0x08008fac       0x40 c:/maximsdk/tools/gnutools/10.3/bin/../lib/gcc/arm-none-eabi/10.3.1/../../../../arm-none-eabi/lib/thumb/v7e-m+fp/softfp\libc.a(lib_a-assert.o)
                0x08008fac                __assert_func
 .text._calloc_r
                0x08008fec       0x78 c:/maximsdk/tools/gnutools/10.3/bin/../lib/gcc/arm-none-eabi/10.3.1/../../../../arm-none-eabi/lib/thumb/v7e-m+fp/softfp\libc.a(lib_a-callocr.o)
                0x08008fec                _calloc_r
 .text._close_r
                0x08009064       0x24 c:/maximsdk/tools/gnutools/10.3/bin/../lib/gcc/arm-none-eabi/10.3.1/../../../../arm-none-eabi/lib/thumb/v7e-m+fp/softfp\libc.a(lib_a-closer.o)
                0x08009064                _close_r
 .text._fclose_r
                0x08009088       0xcc c:/maximsdk/tools/gnutools/10.3/bin/../lib/gcc/arm-none-eabi/10.3.1/../../../../arm-none-eabi/lib/thumb/v7e-m+fp/softfp\libc.a(lib_a-fclose.o)
                0x08009088                _fclose_r
 .text.fiprintf
                0x08009154       0x28 c:/maximsdk/tools/gnutools/10.3/bin/../lib/gcc/arm-none-eabi/10.3.1/../../../../arm-none-eabi/lib/thumb/v7e-m+fp/softfp\libc.a(lib_a-fiprintf.o)
                0x08009154                fiprintf
 .text.__fputwc
                0x0800917c       0xa8 c:/maximsdk/tools/gnutools/10.3/bin/../lib/gcc/arm-none-eabi/10.3.1/../../../../arm-none-eabi/lib/thumb/v7e-m+fp/softfp\libc.a(lib_a-fputwc.o)
                0x0800917c                __fputwc
 .text._fputwc_r
                0x08009224       0x68 c:/maximsdk/tools/gnutools/10.3/bin/../lib/gcc/arm-none-eabi/10.3.1/../../../../arm-none-eabi/lib/thumb/v7e-m+fp/softfp\libc.a(lib_a-fputwc.o)
                0x08009224                _fputwc_r
 .text._fstat_r
                0x0800928c       0x2c c:/maximsdk/tools/gnutools/10.3/bin/../lib/gcc/arm-none-eabi/10.3.1/../../../../arm-none-eabi/lib/thumb/v7e-m+fp/softfp\libc.a(lib_a-fstatr.o)
                0x0800928c                _fstat_r
 .text._isatty_r
                0x080092b8       0x24 c:/maximsdk/tools/gnutools/10.3/bin/../lib/gcc/arm-none-eabi/10.3.1/../../../../arm-none-eabi/lib/thumb/v7e-m+fp/softfp\libc.a(lib_a-isattyr.o)
                0x080092b8                _isatty_r
 .text.__locale_mb_cur_max
                0x080092dc        0xc c:/maximsdk/tools/gnutools/10.3/bin/../lib/gcc/arm-none-eabi/10.3.1/../../../../arm-none-eabi/lib/thumb/v7e-m+fp/softfp\libc.a(lib_a-locale.o)
                0x080092dc                __locale_mb_cur_max
 .text._lseek_r
                0x080092e8       0x2c c:/maximsdk/tools/gnutools/10.3/bin/../lib/gcc/arm-none-eabi/10.3.1/../../../../arm-none-eabi/lib/thumb/v7e-m+fp/softfp\libc.a(lib_a-lseekr.o)
                0x080092e8                _lseek_r
 .text.__ascii_mbtowc
                0x08009314       0x2c c:/maximsdk/tools/gnutools/10.3/bin/../lib/gcc/arm-none-eabi/10.3.1/../../../../arm-none-eabi/lib/thumb/v7e-m+fp/softfp\libc.a(lib_a-mbtowc_r.o)
                0x08009314                __ascii_mbtowc
 .text._read_r  0x08009340       0x2c c:/maximsdk/tools/gnutools/10.3/bin/../lib/gcc/arm-none-eabi/10.3.1/../../../../arm-none-eabi/lib/thumb/v7e-m+fp/softfp\libc.a(lib_a-readr.o)
                0x08009340                _read_r
 .text._wcrtomb_r
                0x0800936c       0x3c c:/maximsdk/tools/gnutools/10.3/bin/../lib/gcc/arm-none-eabi/10.3.1/../../../../arm-none-eabi/lib/thumb/v7e-m+fp/softfp\libc.a(lib_a-wcrtomb.o)
                0x0800936c                _wcrtomb_r
 .text.__ascii_wctomb
                0x080093a8       0x1c c:/maximsdk/tools/gnutools/10.3/bin/../lib/gcc/arm-none-eabi/10.3.1/../../../../arm-none-eabi/lib/thumb/v7e-m+fp/softfp\libc.a(lib_a-wctomb_r.o)
                0x080093a8                __ascii_wctomb
 .text.abort    0x080093c4       0x10 c:/maximsdk/tools/gnutools/10.3/bin/../lib/gcc/arm-none-eabi/10.3.1/../../../../arm-none-eabi/lib/thumb/v7e-m+fp/softfp\libc.a(lib_a-abort.o)
                0x080093c4                abort
 .text.raise    0x080093d4       0x5c c:/maximsdk/tools/gnutools/10.3/bin/../lib/gcc/arm-none-eabi/10.3.1/../../../../arm-none-eabi/lib/thumb/v7e-m+fp/softfp\libc.a(lib_a-signal.o)
                0x080093d4                raise
 .text._kill_r  0x08009430       0x2c c:/maximsdk/tools/gnutools/10.3/bin/../lib/gcc/arm-none-eabi/10.3.1/../../../../arm-none-eabi/lib/thumb/v7e-m+fp/softfp\libc.a(lib_a-signalr.o)
                0x08009430                _kill_r
 .text._getpid_r
                0x0800945c        0x4 c:/maximsdk/tools/gnutools/10.3/bin/../lib/gcc/arm-none-eabi/10.3.1/../../../../arm-none-eabi/lib/thumb/v7e-m+fp/softfp\libc.a(lib_a-signalr.o)
                0x0800945c                _getpid_r
 .text._exit    0x08009460        0x4 c:/maximsdk/tools/gnutools/10.3/bin/../lib/gcc/arm-none-eabi/10.3.1/../../../../arm-none-eabi/lib/thumb/v7e-m+fp/softfp\libnosys.a(_exit.o)
                0x08009460                _exit
 .text          0x08009464      0x378 c:/maximsdk/tools/gnutools/10.3/bin/../lib/gcc/arm-none-eabi/10.3.1/thumb/v7e-m+fp/softfp\libgcc.a(_arm_addsubdf3.o)
                0x08009464                __aeabi_drsub
                0x0800946c                __aeabi_dsub
                0x0800946c                __subdf3
                0x08009470                __aeabi_dadd
                0x08009470                __adddf3
                0x080096e8                __floatunsidf
                0x080096e8                __aeabi_ui2d
                0x08009708                __floatsidf
                0x08009708                __aeabi_i2d
                0x0800972c                __aeabi_f2d
                0x0800972c                __extendsfdf2
                0x08009770                __floatundidf
                0x08009770                __aeabi_ul2d
                0x08009780                __floatdidf
                0x08009780                __aeabi_l2d
 .text          0x080097dc      0x424 c:/maximsdk/tools/gnutools/10.3/bin/../lib/gcc/arm-none-eabi/10.3.1/thumb/v7e-m+fp/softfp\libgcc.a(_arm_muldivdf3.o)
                0x080097dc                __aeabi_dmul
                0x080097dc                __muldf3
                0x08009a30                __divdf3
                0x08009a30                __aeabi_ddiv
 .text          0x08009c00      0x110 c:/maximsdk/tools/gnutools/10.3/bin/../lib/gcc/arm-none-eabi/10.3.1/thumb/v7e-m+fp/softfp\libgcc.a(_arm_cmpdf2.o)
                0x08009c00                __gtdf2
                0x08009c00                __gedf2
                0x08009c08                __ltdf2
                0x08009c08                __ledf2
                0x08009c10                __nedf2
                0x08009c10                __eqdf2
                0x08009c10                __cmpdf2
                0x08009c8c                __aeabi_cdrcmple
                0x08009c9c                __aeabi_cdcmpeq
                0x08009c9c                __aeabi_cdcmple
                0x08009cac                __aeabi_dcmpeq
                0x08009cc0                __aeabi_dcmplt
                0x08009cd4                __aeabi_dcmple
                0x08009ce8                __aeabi_dcmpge
                0x08009cfc                __aeabi_dcmpgt
 .text          0x08009d10       0x2c c:/maximsdk/tools/gnutools/10.3/bin/../lib/gcc/arm-none-eabi/10.3.1/thumb/v7e-m+fp/softfp\libgcc.a(_arm_unorddf2.o)
                0x08009d10                __unorddf2
                0x08009d10                __aeabi_dcmpun
 .text          0x08009d3c       0x50 c:/maximsdk/tools/gnutools/10.3/bin/../lib/gcc/arm-none-eabi/10.3.1/thumb/v7e-m+fp/softfp\libgcc.a(_arm_fixdfsi.o)
                0x08009d3c                __aeabi_d2iz
                0x08009d3c                __fixdfsi
 .text          0x08009d8c       0x30 c:/maximsdk/tools/gnutools/10.3/bin/../lib/gcc/arm-none-eabi/10.3.1/thumb/v7e-m+fp/softfp\libgcc.a(_aeabi_uldivmod.o)
                0x08009d8c                __aeabi_uldivmod
 .text          0x08009dbc      0x2d0 c:/maximsdk/tools/gnutools/10.3/bin/../lib/gcc/arm-none-eabi/10.3.1/thumb/v7e-m+fp/softfp\libgcc.a(_udivmoddi4.o)
                0x08009dbc                __udivmoddi4
 .text          0x0800a08c        0x4 c:/maximsdk/tools/gnutools/10.3/bin/../lib/gcc/arm-none-eabi/10.3.1/thumb/v7e-m+fp/softfp\libgcc.a(_dvmd_tls.o)
                0x0800a08c                __aeabi_idiv0
                0x0800a08c                __aeabi_ldiv0
 *(.rodata*)
 .rodata.hex_dump.str1.4
                0x0800a090        0xa c:/Users/odurgut/workspace-new/SPI_Usecase/build/main.o
 *fill*         0x0800a09a        0x2 
 .rodata.main.str1.4
                0x0800a09c      0x3e5 c:/Users/odurgut/workspace-new/SPI_Usecase/build/main.o
                                0x41d (size before relaxing)
 *fill*         0x0800a481        0x3 
 .rodata        0x0800a484        0xc c:/Users/odurgut/workspace-new/SPI_Usecase/build/spi_master.o
 .rodata        0x0800a490        0xc c:/Users/odurgut/workspace-new/SPI_Usecase/build/spi_slave.o
 .rodata.mxc_assert.str1.4
                0x0800a49c       0x19 c:/Users/odurgut/workspace-new/SPI_Usecase/build/board.o
 *fill*         0x0800a4b5        0x3 
 .rodata.Board_Init.str1.4
                0x0800a4b8       0x41 c:/Users/odurgut/workspace-new/SPI_Usecase/build/board.o
 *fill*         0x0800a4f9        0x3 
 .rodata.led_pin
                0x0800a4fc       0x18 c:/Users/odurgut/workspace-new/SPI_Usecase/build/board.o
                0x0800a4fc                led_pin
 .rodata.num_leds
                0x0800a514        0x4 c:/Users/odurgut/workspace-new/SPI_Usecase/build/board.o
                0x0800a514                num_leds
 .rodata.num_pbs
                0x0800a518        0x4 c:/Users/odurgut/workspace-new/SPI_Usecase/build/board.o
                0x0800a518                num_pbs
 .rodata.pb_pin
                0x0800a51c       0x18 c:/Users/odurgut/workspace-new/SPI_Usecase/build/board.o
                0x0800a51c                pb_pin
 .rodata.LED_On.str1.4
                0x0800a534       0x3b c:/Users/odurgut/workspace-new/SPI_Usecase/build/led.o
 *fill*         0x0800a56f        0x1 
 .rodata.MXC_SPI_RevA2_transactionSetup.str1.4
                0x0800a570      0x179 C:/msdk/Libraries/PeriphDrivers/bin/MAX32572/softfp/libPeriphDriver_softfp.a(spi_reva2.o)
 *fill*         0x0800a6e9        0x3 
 .rodata.gpio_cfg_spi0_3wire
                0x0800a6ec        0xc C:/msdk/Libraries/PeriphDrivers/bin/MAX32572/softfp/libPeriphDriver_softfp.a(pins_me55.o)
                0x0800a6ec                gpio_cfg_spi0_3wire
 .rodata.gpio_cfg_spi0_dual
                0x0800a6f8        0xc C:/msdk/Libraries/PeriphDrivers/bin/MAX32572/softfp/libPeriphDriver_softfp.a(pins_me55.o)
                0x0800a6f8                gpio_cfg_spi0_dual
 .rodata.gpio_cfg_spi0_standard
                0x0800a704        0xc C:/msdk/Libraries/PeriphDrivers/bin/MAX32572/softfp/libPeriphDriver_softfp.a(pins_me55.o)
                0x0800a704                gpio_cfg_spi0_standard
 .rodata.gpio_cfg_spi0_ts0
                0x0800a710        0xc C:/msdk/Libraries/PeriphDrivers/bin/MAX32572/softfp/libPeriphDriver_softfp.a(pins_me55.o)
                0x0800a710                gpio_cfg_spi0_ts0
 .rodata.gpio_cfg_spi1_3wire
                0x0800a71c        0xc C:/msdk/Libraries/PeriphDrivers/bin/MAX32572/softfp/libPeriphDriver_softfp.a(pins_me55.o)
                0x0800a71c                gpio_cfg_spi1_3wire
 .rodata.gpio_cfg_spi1_dual
                0x0800a728        0xc C:/msdk/Libraries/PeriphDrivers/bin/MAX32572/softfp/libPeriphDriver_softfp.a(pins_me55.o)
                0x0800a728                gpio_cfg_spi1_dual
 .rodata.gpio_cfg_spi1_standard
                0x0800a734        0xc C:/msdk/Libraries/PeriphDrivers/bin/MAX32572/softfp/libPeriphDriver_softfp.a(pins_me55.o)
                0x0800a734                gpio_cfg_spi1_standard
 .rodata.gpio_cfg_spi1_ts0
                0x0800a740        0xc C:/msdk/Libraries/PeriphDrivers/bin/MAX32572/softfp/libPeriphDriver_softfp.a(pins_me55.o)
                0x0800a740                gpio_cfg_spi1_ts0
 .rodata.gpio_cfg_spi1_ts1
                0x0800a74c        0xc C:/msdk/Libraries/PeriphDrivers/bin/MAX32572/softfp/libPeriphDriver_softfp.a(pins_me55.o)
                0x0800a74c                gpio_cfg_spi1_ts1
 .rodata.gpio_cfg_spi1_ts2
                0x0800a758        0xc C:/msdk/Libraries/PeriphDrivers/bin/MAX32572/softfp/libPeriphDriver_softfp.a(pins_me55.o)
                0x0800a758                gpio_cfg_spi1_ts2
 .rodata.gpio_cfg_spi1_ts3
                0x0800a764        0xc C:/msdk/Libraries/PeriphDrivers/bin/MAX32572/softfp/libPeriphDriver_softfp.a(pins_me55.o)
                0x0800a764                gpio_cfg_spi1_ts3
 .rodata.gpio_cfg_spi3_3wire
                0x0800a770        0xc C:/msdk/Libraries/PeriphDrivers/bin/MAX32572/softfp/libPeriphDriver_softfp.a(pins_me55.o)
                0x0800a770                gpio_cfg_spi3_3wire
 .rodata.gpio_cfg_spi3_dual
                0x0800a77c        0xc C:/msdk/Libraries/PeriphDrivers/bin/MAX32572/softfp/libPeriphDriver_softfp.a(pins_me55.o)
                0x0800a77c                gpio_cfg_spi3_dual
 .rodata.gpio_cfg_spi3_quad
                0x0800a788        0xc C:/msdk/Libraries/PeriphDrivers/bin/MAX32572/softfp/libPeriphDriver_softfp.a(pins_me55.o)
                0x0800a788                gpio_cfg_spi3_quad
 .rodata.gpio_cfg_spi3_standard
                0x0800a794        0xc C:/msdk/Libraries/PeriphDrivers/bin/MAX32572/softfp/libPeriphDriver_softfp.a(pins_me55.o)
                0x0800a794                gpio_cfg_spi3_standard
 .rodata.gpio_cfg_spi3_ts0
                0x0800a7a0        0xc C:/msdk/Libraries/PeriphDrivers/bin/MAX32572/softfp/libPeriphDriver_softfp.a(pins_me55.o)
                0x0800a7a0                gpio_cfg_spi3_ts0
 .rodata.gpio_cfg_spi3_ts1
                0x0800a7ac        0xc C:/msdk/Libraries/PeriphDrivers/bin/MAX32572/softfp/libPeriphDriver_softfp.a(pins_me55.o)
                0x0800a7ac                gpio_cfg_spi3_ts1
 .rodata.gpio_cfg_spi3_ts2
                0x0800a7b8        0xc C:/msdk/Libraries/PeriphDrivers/bin/MAX32572/softfp/libPeriphDriver_softfp.a(pins_me55.o)
                0x0800a7b8                gpio_cfg_spi3_ts2
 .rodata.gpio_cfg_spi3_ts3
                0x0800a7c4        0xc C:/msdk/Libraries/PeriphDrivers/bin/MAX32572/softfp/libPeriphDriver_softfp.a(pins_me55.o)
                0x0800a7c4                gpio_cfg_spi3_ts3
 .rodata.gpio_cfg_uart0
                0x0800a7d0        0xc C:/msdk/Libraries/PeriphDrivers/bin/MAX32572/softfp/libPeriphDriver_softfp.a(pins_me55.o)
                0x0800a7d0                gpio_cfg_uart0
 .rodata.gpio_cfg_uart1
                0x0800a7dc        0xc C:/msdk/Libraries/PeriphDrivers/bin/MAX32572/softfp/libPeriphDriver_softfp.a(pins_me55.o)
                0x0800a7dc                gpio_cfg_uart1
 .rodata.gpio_cfg_uart2
                0x0800a7e8        0xc C:/msdk/Libraries/PeriphDrivers/bin/MAX32572/softfp/libPeriphDriver_softfp.a(pins_me55.o)
                0x0800a7e8                gpio_cfg_uart2
 .rodata.gpio_cfg_uart3
                0x0800a7f4        0xc C:/msdk/Libraries/PeriphDrivers/bin/MAX32572/softfp/libPeriphDriver_softfp.a(pins_me55.o)
                0x0800a7f4                gpio_cfg_uart3
 .rodata.MXC_DMA_RevA_Init.str1.4
                0x0800a800       0x4d C:/msdk/Libraries/PeriphDrivers/bin/MAX32572/softfp/libPeriphDriver_softfp.a(dma_reva.o)
 *fill*         0x0800a84d        0x3 
 .rodata.MXC_GPIO_Common_Handler.str1.4
                0x0800a850       0x62 C:/msdk/Libraries/PeriphDrivers/bin/MAX32572/softfp/libPeriphDriver_softfp.a(gpio_common.o)
 *fill*         0x0800a8b2        0x2 
 .rodata._global_impure_ptr
                0x0800a8b4        0x4 c:/maximsdk/tools/gnutools/10.3/bin/../lib/gcc/arm-none-eabi/10.3.1/../../../../arm-none-eabi/lib/thumb/v7e-m+fp/softfp\libc.a(lib_a-impure.o)
                0x0800a8b4                _global_impure_ptr
 .rodata._puts_r.str1.4
                0x0800a8b8       0x62 c:/maximsdk/tools/gnutools/10.3/bin/../lib/gcc/arm-none-eabi/10.3.1/../../../../arm-none-eabi/lib/thumb/v7e-m+fp/softfp\libc.a(lib_a-puts.o)
                                  0x2 (size before relaxing)
 .rodata._vfprintf_r.str1.4
                0x0800a8b8       0x42 c:/maximsdk/tools/gnutools/10.3/bin/../lib/gcc/arm-none-eabi/10.3.1/../../../../arm-none-eabi/lib/thumb/v7e-m+fp/softfp\libc.a(lib_a-vfprintf.o)
 *fill*         0x0800a8fa        0x2 
 .rodata.blanks.1
                0x0800a8fc       0x10 c:/maximsdk/tools/gnutools/10.3/bin/../lib/gcc/arm-none-eabi/10.3.1/../../../../arm-none-eabi/lib/thumb/v7e-m+fp/softfp\libc.a(lib_a-vfprintf.o)
 .rodata.zeroes.0
                0x0800a90c       0x10 c:/maximsdk/tools/gnutools/10.3/bin/../lib/gcc/arm-none-eabi/10.3.1/../../../../arm-none-eabi/lib/thumb/v7e-m+fp/softfp\libc.a(lib_a-vfprintf.o)
 .rodata._dtoa_r.str1.4
                0x0800a91c       0xa2 c:/maximsdk/tools/gnutools/10.3/bin/../lib/gcc/arm-none-eabi/10.3.1/../../../../arm-none-eabi/lib/thumb/v7e-m+fp/softfp\libc.a(lib_a-dtoa.o)
                                 0xa6 (size before relaxing)
 *fill*         0x0800a9be        0x2 
 .rodata.__multadd.str1.4
                0x0800a9c0       0x7f c:/maximsdk/tools/gnutools/10.3/bin/../lib/gcc/arm-none-eabi/10.3.1/../../../../arm-none-eabi/lib/thumb/v7e-m+fp/softfp\libc.a(lib_a-mprec.o)
                                 0x93 (size before relaxing)
 *fill*         0x0800aa3f        0x1 
 .rodata.__mprec_bigtens
                0x0800aa40       0x28 c:/maximsdk/tools/gnutools/10.3/bin/../lib/gcc/arm-none-eabi/10.3.1/../../../../arm-none-eabi/lib/thumb/v7e-m+fp/softfp\libc.a(lib_a-mprec.o)
                0x0800aa40                __mprec_bigtens
 .rodata.__mprec_tens
                0x0800aa68       0xc8 c:/maximsdk/tools/gnutools/10.3/bin/../lib/gcc/arm-none-eabi/10.3.1/../../../../arm-none-eabi/lib/thumb/v7e-m+fp/softfp\libc.a(lib_a-mprec.o)
                0x0800aa68                __mprec_tens
 .rodata.p05.0  0x0800ab30        0xc c:/maximsdk/tools/gnutools/10.3/bin/../lib/gcc/arm-none-eabi/10.3.1/../../../../arm-none-eabi/lib/thumb/v7e-m+fp/softfp\libc.a(lib_a-mprec.o)
 .rodata._vfiprintf_r.str1.4
                0x0800ab3c       0x2f c:/maximsdk/tools/gnutools/10.3/bin/../lib/gcc/arm-none-eabi/10.3.1/../../../../arm-none-eabi/lib/thumb/v7e-m+fp/softfp\libc.a(lib_a-vfiprintf.o)
 .rodata.blanks.1
                0x0800ab3c       0x10 c:/maximsdk/tools/gnutools/10.3/bin/../lib/gcc/arm-none-eabi/10.3.1/../../../../arm-none-eabi/lib/thumb/v7e-m+fp/softfp\libc.a(lib_a-vfiprintf.o)
 .rodata.zeroes.0
                0x0800ab4c       0x10 c:/maximsdk/tools/gnutools/10.3/bin/../lib/gcc/arm-none-eabi/10.3.1/../../../../arm-none-eabi/lib/thumb/v7e-m+fp/softfp\libc.a(lib_a-vfiprintf.o)
 .rodata.__assert_func.str1.4
                0x0800ab5c       0x3f c:/maximsdk/tools/gnutools/10.3/bin/../lib/gcc/arm-none-eabi/10.3.1/../../../../arm-none-eabi/lib/thumb/v7e-m+fp/softfp\libc.a(lib_a-assert.o)
                                 0x43 (size before relaxing)
 *fill*         0x0800ab9b        0x1 
 .rodata._setlocale_r.str1.4
                0x0800ab9c        0xa c:/maximsdk/tools/gnutools/10.3/bin/../lib/gcc/arm-none-eabi/10.3.1/../../../../arm-none-eabi/lib/thumb/v7e-m+fp/softfp\libc.a(lib_a-locale.o)
                                  0xd (size before relaxing)
 *fill*         0x0800aba6        0x2 
 .rodata.str1.4
                0x0800aba8        0x2 c:/maximsdk/tools/gnutools/10.3/bin/../lib/gcc/arm-none-eabi/10.3.1/../../../../arm-none-eabi/lib/thumb/v7e-m+fp/softfp\libc.a(lib_a-locale.o)
 *fill*         0x0800abaa        0x2 
 .rodata._ctype_
                0x0800abac      0x101 c:/maximsdk/tools/gnutools/10.3/bin/../lib/gcc/arm-none-eabi/10.3.1/../../../../arm-none-eabi/lib/thumb/v7e-m+fp/softfp\libc.a(lib_a-ctype_.o)
                0x0800abac                _ctype_
 *(.init)
 *fill*         0x0800acad        0x3 
 .init          0x0800acb0        0x4 c:/maximsdk/tools/gnutools/10.3/bin/../lib/gcc/arm-none-eabi/10.3.1/thumb/v7e-m+fp/softfp/crti.o
                0x0800acb0                _init
 .init          0x0800acb4        0x8 c:/maximsdk/tools/gnutools/10.3/bin/../lib/gcc/arm-none-eabi/10.3.1/thumb/v7e-m+fp/softfp/crtn.o
 *(.fini)
 .fini          0x0800acbc        0x4 c:/maximsdk/tools/gnutools/10.3/bin/../lib/gcc/arm-none-eabi/10.3.1/thumb/v7e-m+fp/softfp/crti.o
                0x0800acbc                _fini
 .fini          0x0800acc0        0x8 c:/maximsdk/tools/gnutools/10.3/bin/../lib/gcc/arm-none-eabi/10.3.1/thumb/v7e-m+fp/softfp/crtn.o
 *(.eh_frame*)
 .eh_frame      0x0800acc8        0x0 c:/maximsdk/tools/gnutools/10.3/bin/../lib/gcc/arm-none-eabi/10.3.1/thumb/v7e-m+fp/softfp/crtbegin.o
 .eh_frame      0x0800acc8        0x4 c:/maximsdk/tools/gnutools/10.3/bin/../lib/gcc/arm-none-eabi/10.3.1/thumb/v7e-m+fp/softfp/crtend.o
                0x0800accc                _etext = .

.glue_7         0x0800accc        0x0
 .glue_7        0x0800accc        0x0 linker stubs

.glue_7t        0x0800accc        0x0
 .glue_7t       0x0800accc        0x0 linker stubs

.vfp11_veneer   0x0800accc        0x0
 .vfp11_veneer  0x0800accc        0x0 linker stubs

.v4_bx          0x0800accc        0x0
 .v4_bx         0x0800accc        0x0 linker stubs

.iplt           0x0800accc        0x0
 .iplt          0x0800accc        0x0 c:/maximsdk/tools/gnutools/10.3/bin/../lib/gcc/arm-none-eabi/10.3.1/thumb/v7e-m+fp/softfp/crtbegin.o

.ARM.extab
 *(.ARM.extab* .gnu.linkonce.armextab.*)

.ARM.exidx      0x00000000        0x8
                0x00000000                __exidx_start = .
 *(.ARM.exidx*)
 .ARM.exidx     0x00000000        0x8 c:/maximsdk/tools/gnutools/10.3/bin/../lib/gcc/arm-none-eabi/10.3.1/thumb/v7e-m+fp/softfp\libgcc.a(_udivmoddi4.o)
                0x00000008                __exidx_end = .

.rel.dyn        0x00000008        0x0
 .rel.iplt      0x00000008        0x0 c:/maximsdk/tools/gnutools/10.3/bin/../lib/gcc/arm-none-eabi/10.3.1/thumb/v7e-m+fp/softfp/crtbegin.o

.xip_section    0x0800accc        0x0
 *(.xip_section*)
                0x0800accc                __load_start_xip = LOADADDR (.xip_section)
                0x00000000                __load_length_xip = SIZEOF (.xip_section)

.data           0x20000000      0x9c4 load address 0x0800accc
                0x20000000                _data = ALIGN (., 0x4)
 *(vtable)
 *(.data*)
 .data.ConsoleUart
                0x20000000        0x4 c:/Users/odurgut/workspace-new/SPI_Usecase/build/board.o
                0x20000000                ConsoleUart
 .data.SystemCoreClock
                0x20000004        0x4 c:/Users/odurgut/workspace-new/SPI_Usecase/build/system_max32572.o
                0x20000004                SystemCoreClock
 .data.overflows
                0x20000008        0x4 C:/msdk/Libraries/PeriphDrivers/bin/MAX32572/softfp/libPeriphDriver_softfp.a(mxc_delay.o)
 .data._impure_ptr
                0x2000000c        0x4 c:/maximsdk/tools/gnutools/10.3/bin/../lib/gcc/arm-none-eabi/10.3.1/../../../../arm-none-eabi/lib/thumb/v7e-m+fp/softfp\libc.a(lib_a-impure.o)
                0x2000000c                _impure_ptr
 .data.impure_data
                0x20000010      0x428 c:/maximsdk/tools/gnutools/10.3/bin/../lib/gcc/arm-none-eabi/10.3.1/../../../../arm-none-eabi/lib/thumb/v7e-m+fp/softfp\libc.a(lib_a-impure.o)
 .data.__atexit_recursive_mutex
                0x20000438        0x4 c:/maximsdk/tools/gnutools/10.3/bin/../lib/gcc/arm-none-eabi/10.3.1/../../../../arm-none-eabi/lib/thumb/v7e-m+fp/softfp\libc.a(lib_a-__call_atexit.o)
                0x20000438                __atexit_recursive_mutex
 .data.__malloc_av_
                0x2000043c      0x408 c:/maximsdk/tools/gnutools/10.3/bin/../lib/gcc/arm-none-eabi/10.3.1/../../../../arm-none-eabi/lib/thumb/v7e-m+fp/softfp\libc.a(lib_a-mallocr.o)
                0x2000043c                __malloc_av_
 .data.__malloc_sbrk_base
                0x20000844        0x4 c:/maximsdk/tools/gnutools/10.3/bin/../lib/gcc/arm-none-eabi/10.3.1/../../../../arm-none-eabi/lib/thumb/v7e-m+fp/softfp\libc.a(lib_a-mallocr.o)
                0x20000844                __malloc_sbrk_base
 .data.__malloc_trim_threshold
                0x20000848        0x4 c:/maximsdk/tools/gnutools/10.3/bin/../lib/gcc/arm-none-eabi/10.3.1/../../../../arm-none-eabi/lib/thumb/v7e-m+fp/softfp\libc.a(lib_a-mallocr.o)
                0x20000848                __malloc_trim_threshold
 .data.__global_locale
                0x2000084c      0x16c c:/maximsdk/tools/gnutools/10.3/bin/../lib/gcc/arm-none-eabi/10.3.1/../../../../arm-none-eabi/lib/thumb/v7e-m+fp/softfp\libc.a(lib_a-locale.o)
                0x2000084c                __global_locale
 *(.spix_config*)
                0x200009b8                . = ALIGN (0x4)
                0x200009b8                PROVIDE (__preinit_array_start = .)
 *(.preinit_array)
                0x200009b8                PROVIDE (__preinit_array_end = .)
                0x200009b8                . = ALIGN (0x4)
                0x200009b8                PROVIDE (__init_array_start = .)
 *(SORT_BY_NAME(.init_array.*))
 .init_array.00000
                0x200009b8        0x4 c:/maximsdk/tools/gnutools/10.3/bin/../lib/gcc/arm-none-eabi/10.3.1/../../../../arm-none-eabi/lib/thumb/v7e-m+fp/softfp\libc.a(lib_a-__call_atexit.o)
 *(.init_array)
 .init_array    0x200009bc        0x4 c:/maximsdk/tools/gnutools/10.3/bin/../lib/gcc/arm-none-eabi/10.3.1/thumb/v7e-m+fp/softfp/crtbegin.o
                0x200009c0                PROVIDE (__init_array_end = .)
                0x200009c0                . = ALIGN (0x4)
                0x200009c0                PROVIDE (__fini_array_start = .)
 *(SORT_BY_NAME(.fini_array.*))
 *(.fini_array)
 .fini_array    0x200009c0        0x4 c:/maximsdk/tools/gnutools/10.3/bin/../lib/gcc/arm-none-eabi/10.3.1/thumb/v7e-m+fp/softfp/crtbegin.o
                0x200009c4                PROVIDE (__fini_array_end = .)
                0x200009c4                _edata = ALIGN (., 0x4)
                0x0800accc                __load_data = LOADADDR (.data)
                0x0800b690                __end_data = (LOADADDR (.data) + SIZEOF (.data))

.igot.plt       0x200009c4        0x0 load address 0x0800b690
 .igot.plt      0x200009c4        0x0 c:/maximsdk/tools/gnutools/10.3/bin/../lib/gcc/arm-none-eabi/10.3.1/thumb/v7e-m+fp/softfp/crtbegin.o

.sram_rv        0x20060000        0x0
                0x20060000                _data_rv = ALIGN (., 0x4)
 *(.sram_rv*)
                0x20060000                _edata_rv = ALIGN (., 0x4)

.sb_sla_trailer
                0x0800b690       0x10
 *(.sb_sla_trailer)
 FILL mask 0xdeadc0de
                0x0800b690        0x4 LONG 0xdeadc0de
                0x0800b6a0                . = ALIGN (0x10)
 *fill*         0x0800b694        0xc deadc0de
                0x0800b6a0                __end_image = (LOADADDR (.sb_sla_trailer) + SIZEOF (.sb_sla_trailer))

.sig            0x0800b6a0        0x4
 *(.sig)
                0x0800b6a0        0x4 LONG 0xdeadbeef

.bss            0x200009c4      0x4ac
                0x200009c4                . = ALIGN (0x4)
                0x200009c4                _bss = .
 *(.bss*)
 .bss           0x200009c4       0x1c c:/maximsdk/tools/gnutools/10.3/bin/../lib/gcc/arm-none-eabi/10.3.1/thumb/v7e-m+fp/softfp/crtbegin.o
 .bss.g_rxBuff  0x200009e0        0xa c:/Users/odurgut/workspace-new/SPI_Usecase/build/spi_slave.o
 *fill*         0x200009ea        0x2 
 .bss.g_slave_req
                0x200009ec       0x2c c:/Users/odurgut/workspace-new/SPI_Usecase/build/spi_slave.o
 .bss.is_transaction_done
                0x20000a18        0x4 c:/Users/odurgut/workspace-new/SPI_Usecase/build/spi_slave.o
 .bss.heap_end  0x20000a1c        0x4 c:/Users/odurgut/workspace-new/SPI_Usecase/build/heap.o
 .bss.cbFunc    0x20000a20        0x4 C:/msdk/Libraries/PeriphDrivers/bin/MAX32572/softfp/libPeriphDriver_softfp.a(mxc_delay.o)
 .bss.ctrl_save
                0x20000a24        0x4 C:/msdk/Libraries/PeriphDrivers/bin/MAX32572/softfp/libPeriphDriver_softfp.a(mxc_delay.o)
 .bss.endtick   0x20000a28        0x4 C:/msdk/Libraries/PeriphDrivers/bin/MAX32572/softfp/libPeriphDriver_softfp.a(mxc_delay.o)
 .bss.STATES    0x20000a2c       0xb4 C:/msdk/Libraries/PeriphDrivers/bin/MAX32572/softfp/libPeriphDriver_softfp.a(spi_reva2.o)
 .bss.dma_initialized
                0x20000ae0        0x4 C:/msdk/Libraries/PeriphDrivers/bin/MAX32572/softfp/libPeriphDriver_softfp.a(dma_reva.o)
 .bss.dma_lock  0x20000ae4        0x4 C:/msdk/Libraries/PeriphDrivers/bin/MAX32572/softfp/libPeriphDriver_softfp.a(dma_reva.o)
 .bss.dma_resource
                0x20000ae8      0x140 C:/msdk/Libraries/PeriphDrivers/bin/MAX32572/softfp/libPeriphDriver_softfp.a(dma_reva.o)
 .bss.callback  0x20000c28      0x100 C:/msdk/Libraries/PeriphDrivers/bin/MAX32572/softfp/libPeriphDriver_softfp.a(gpio_common.o)
 .bss.cbparam   0x20000d28      0x100 C:/msdk/Libraries/PeriphDrivers/bin/MAX32572/softfp/libPeriphDriver_softfp.a(gpio_common.o)
 .bss.__lock___atexit_recursive_mutex
                0x20000e28        0x1 c:/maximsdk/tools/gnutools/10.3/bin/../lib/gcc/arm-none-eabi/10.3.1/../../../../arm-none-eabi/lib/thumb/v7e-m+fp/softfp\libc.a(lib_a-lock.o)
                0x20000e28                __lock___atexit_recursive_mutex
 *fill*         0x20000e29        0x3 
 .bss.__lock___malloc_recursive_mutex
                0x20000e2c        0x1 c:/maximsdk/tools/gnutools/10.3/bin/../lib/gcc/arm-none-eabi/10.3.1/../../../../arm-none-eabi/lib/thumb/v7e-m+fp/softfp\libc.a(lib_a-lock.o)
                0x20000e2c                __lock___malloc_recursive_mutex
 *fill*         0x20000e2d        0x3 
 .bss.__lock___sfp_recursive_mutex
                0x20000e30        0x1 c:/maximsdk/tools/gnutools/10.3/bin/../lib/gcc/arm-none-eabi/10.3.1/../../../../arm-none-eabi/lib/thumb/v7e-m+fp/softfp\libc.a(lib_a-lock.o)
                0x20000e30                __lock___sfp_recursive_mutex
 *fill*         0x20000e31        0x3 
 .bss.__lock___sinit_recursive_mutex
                0x20000e34        0x1 c:/maximsdk/tools/gnutools/10.3/bin/../lib/gcc/arm-none-eabi/10.3.1/../../../../arm-none-eabi/lib/thumb/v7e-m+fp/softfp\libc.a(lib_a-lock.o)
                0x20000e34                __lock___sinit_recursive_mutex
 *fill*         0x20000e35        0x3 
 .bss.__malloc_current_mallinfo
                0x20000e38       0x28 c:/maximsdk/tools/gnutools/10.3/bin/../lib/gcc/arm-none-eabi/10.3.1/../../../../arm-none-eabi/lib/thumb/v7e-m+fp/softfp\libc.a(lib_a-mallocr.o)
                0x20000e38                __malloc_current_mallinfo
 .bss.__malloc_max_sbrked_mem
                0x20000e60        0x4 c:/maximsdk/tools/gnutools/10.3/bin/../lib/gcc/arm-none-eabi/10.3.1/../../../../arm-none-eabi/lib/thumb/v7e-m+fp/softfp\libc.a(lib_a-mallocr.o)
                0x20000e60                __malloc_max_sbrked_mem
 .bss.__malloc_max_total_mem
                0x20000e64        0x4 c:/maximsdk/tools/gnutools/10.3/bin/../lib/gcc/arm-none-eabi/10.3.1/../../../../arm-none-eabi/lib/thumb/v7e-m+fp/softfp\libc.a(lib_a-mallocr.o)
                0x20000e64                __malloc_max_total_mem
 .bss.__malloc_top_pad
                0x20000e68        0x4 c:/maximsdk/tools/gnutools/10.3/bin/../lib/gcc/arm-none-eabi/10.3.1/../../../../arm-none-eabi/lib/thumb/v7e-m+fp/softfp\libc.a(lib_a-mallocr.o)
                0x20000e68                __malloc_top_pad
 .bss.errno     0x20000e6c        0x4 c:/maximsdk/tools/gnutools/10.3/bin/../lib/gcc/arm-none-eabi/10.3.1/../../../../arm-none-eabi/lib/thumb/v7e-m+fp/softfp\libc.a(lib_a-reent.o)
                0x20000e6c                errno
 *(COMMON)
                0x20000e70                _ebss = ALIGN (., 0x4)
                0x20060000                __StackTop = (ORIGIN (SRAM) + LENGTH (SRAM))
                0x2005f000                __StackLimit = (__StackTop - SIZEOF (.stack_dummy))

.stack_dummy    0x20000e70     0x1000
 *(.stack*)
 .stack         0x20000e70     0x1000 c:/Users/odurgut/workspace-new/SPI_Usecase/build/startup_max32572.o

.heap           0x20000e70      0xc00
                0x20000e70                . = ALIGN (0x4)
 *(.heap*)
 .heap          0x20000e70      0xc00 c:/Users/odurgut/workspace-new/SPI_Usecase/build/startup_max32572.o
                0x20000e70                __HeapBase
                0x2005f000                __HeapLimit = ABSOLUTE (__StackLimit)
                0x20060000                PROVIDE (__stack = __StackTop)
                0x00000001                ASSERT ((__StackLimit >= _ebss), region RAM overflowed with stack)
OUTPUT(c:/Users/odurgut/workspace-new/SPI_Usecase/build/SPI_Usecase.elf elf32-littlearm)
LOAD linker stubs

.ARM.attributes
                0x00000000       0x2e
 .ARM.attributes
                0x00000000       0x1e c:/maximsdk/tools/gnutools/10.3/bin/../lib/gcc/arm-none-eabi/10.3.1/thumb/v7e-m+fp/softfp/crti.o
 .ARM.attributes
                0x0000001e       0x32 c:/maximsdk/tools/gnutools/10.3/bin/../lib/gcc/arm-none-eabi/10.3.1/thumb/v7e-m+fp/softfp/crtbegin.o
 .ARM.attributes
                0x00000050       0x32 c:/Users/odurgut/workspace-new/SPI_Usecase/build/main.o
 .ARM.attributes
                0x00000082       0x32 c:/Users/odurgut/workspace-new/SPI_Usecase/build/spi_master.o
 .ARM.attributes
                0x000000b4       0x32 c:/Users/odurgut/workspace-new/SPI_Usecase/build/spi_slave.o
 .ARM.attributes
                0x000000e6       0x32 c:/Users/odurgut/workspace-new/SPI_Usecase/build/board.o
 .ARM.attributes
                0x00000118       0x32 c:/Users/odurgut/workspace-new/SPI_Usecase/build/stdio.o
 .ARM.attributes
                0x0000014a       0x32 c:/Users/odurgut/workspace-new/SPI_Usecase/build/led.o
 .ARM.attributes
                0x0000017c       0x32 c:/Users/odurgut/workspace-new/SPI_Usecase/build/pb.o
 .ARM.attributes
                0x000001ae       0x1b c:/Users/odurgut/workspace-new/SPI_Usecase/build/startup_max32572.o
 .ARM.attributes
                0x000001c9       0x32 c:/Users/odurgut/workspace-new/SPI_Usecase/build/heap.o
 .ARM.attributes
                0x000001fb       0x32 c:/Users/odurgut/workspace-new/SPI_Usecase/build/system_max32572.o
 .ARM.attributes
                0x0000022d       0x32 C:/msdk/Libraries/PeriphDrivers/bin/MAX32572/softfp/libPeriphDriver_softfp.a(mxc_delay.o)
 .ARM.attributes
                0x0000025f       0x32 C:/msdk/Libraries/PeriphDrivers/bin/MAX32572/softfp/libPeriphDriver_softfp.a(sys_me55.o)
 .ARM.attributes
                0x00000291       0x32 C:/msdk/Libraries/PeriphDrivers/bin/MAX32572/softfp/libPeriphDriver_softfp.a(gpio_me55.o)
 .ARM.attributes
                0x000002c3       0x32 C:/msdk/Libraries/PeriphDrivers/bin/MAX32572/softfp/libPeriphDriver_softfp.a(gpio_reva.o)
 .ARM.attributes
                0x000002f5       0x32 C:/msdk/Libraries/PeriphDrivers/bin/MAX32572/softfp/libPeriphDriver_softfp.a(spi_me55_v2.o)
 .ARM.attributes
                0x00000327       0x32 C:/msdk/Libraries/PeriphDrivers/bin/MAX32572/softfp/libPeriphDriver_softfp.a(spi_reva2.o)
 .ARM.attributes
                0x00000359       0x32 C:/msdk/Libraries/PeriphDrivers/bin/MAX32572/softfp/libPeriphDriver_softfp.a(uart_me55.o)
 .ARM.attributes
                0x0000038b       0x32 C:/msdk/Libraries/PeriphDrivers/bin/MAX32572/softfp/libPeriphDriver_softfp.a(uart_revb.o)
 .ARM.attributes
                0x000003bd       0x32 C:/msdk/Libraries/PeriphDrivers/bin/MAX32572/softfp/libPeriphDriver_softfp.a(pins_me55.o)
 .ARM.attributes
                0x000003ef       0x32 C:/msdk/Libraries/PeriphDrivers/bin/MAX32572/softfp/libPeriphDriver_softfp.a(dma_me55.o)
 .ARM.attributes
                0x00000421       0x32 C:/msdk/Libraries/PeriphDrivers/bin/MAX32572/softfp/libPeriphDriver_softfp.a(dma_reva.o)
 .ARM.attributes
                0x00000453       0x32 C:/msdk/Libraries/PeriphDrivers/bin/MAX32572/softfp/libPeriphDriver_softfp.a(gpio_common.o)
 .ARM.attributes
                0x00000485       0x32 C:/msdk/Libraries/PeriphDrivers/bin/MAX32572/softfp/libPeriphDriver_softfp.a(uart_common.o)
 .ARM.attributes
                0x000004b7       0x32 C:/msdk/Libraries/PeriphDrivers/bin/MAX32572/softfp/libPeriphDriver_softfp.a(mxc_lock.o)
 .ARM.attributes
                0x000004e9       0x32 c:/maximsdk/tools/gnutools/10.3/bin/../lib/gcc/arm-none-eabi/10.3.1/../../../../arm-none-eabi/lib/thumb/v7e-m+fp/softfp\libc.a(lib_a-errno.o)
 .ARM.attributes
                0x0000051b       0x32 c:/maximsdk/tools/gnutools/10.3/bin/../lib/gcc/arm-none-eabi/10.3.1/../../../../arm-none-eabi/lib/thumb/v7e-m+fp/softfp\libc.a(lib_a-impure.o)
 .ARM.attributes
                0x0000054d       0x32 c:/maximsdk/tools/gnutools/10.3/bin/../lib/gcc/arm-none-eabi/10.3.1/../../../../arm-none-eabi/lib/thumb/v7e-m+fp/softfp\libc.a(lib_a-init.o)
 .ARM.attributes
                0x0000057f       0x32 c:/maximsdk/tools/gnutools/10.3/bin/../lib/gcc/arm-none-eabi/10.3.1/../../../../arm-none-eabi/lib/thumb/v7e-m+fp/softfp\libc.a(lib_a-memcmp.o)
 .ARM.attributes
                0x000005b1       0x32 c:/maximsdk/tools/gnutools/10.3/bin/../lib/gcc/arm-none-eabi/10.3.1/../../../../arm-none-eabi/lib/thumb/v7e-m+fp/softfp\libc.a(lib_a-memset.o)
 .ARM.attributes
                0x000005e3       0x32 c:/maximsdk/tools/gnutools/10.3/bin/../lib/gcc/arm-none-eabi/10.3.1/../../../../arm-none-eabi/lib/thumb/v7e-m+fp/softfp\libc.a(lib_a-printf.o)
 .ARM.attributes
                0x00000615       0x32 c:/maximsdk/tools/gnutools/10.3/bin/../lib/gcc/arm-none-eabi/10.3.1/../../../../arm-none-eabi/lib/thumb/v7e-m+fp/softfp\libc.a(lib_a-putchar.o)
 .ARM.attributes
                0x00000647       0x32 c:/maximsdk/tools/gnutools/10.3/bin/../lib/gcc/arm-none-eabi/10.3.1/../../../../arm-none-eabi/lib/thumb/v7e-m+fp/softfp\libc.a(lib_a-puts.o)
 .ARM.attributes
                0x00000679       0x1c c:/maximsdk/tools/gnutools/10.3/bin/../lib/gcc/arm-none-eabi/10.3.1/../../../../arm-none-eabi/lib/thumb/v7e-m+fp/softfp\libc.a(lib_a-strlen.o)
 .ARM.attributes
                0x00000695       0x32 c:/maximsdk/tools/gnutools/10.3/bin/../lib/gcc/arm-none-eabi/10.3.1/../../../../arm-none-eabi/lib/thumb/v7e-m+fp/softfp\libc.a(lib_a-vfprintf.o)
 .ARM.attributes
                0x000006c7       0x32 c:/maximsdk/tools/gnutools/10.3/bin/../lib/gcc/arm-none-eabi/10.3.1/../../../../arm-none-eabi/lib/thumb/v7e-m+fp/softfp\libc.a(lib_a-wsetup.o)
 .ARM.attributes
                0x000006f9       0x32 c:/maximsdk/tools/gnutools/10.3/bin/../lib/gcc/arm-none-eabi/10.3.1/../../../../arm-none-eabi/lib/thumb/v7e-m+fp/softfp\libc.a(lib_a-__call_atexit.o)
 .ARM.attributes
                0x0000072b       0x32 c:/maximsdk/tools/gnutools/10.3/bin/../lib/gcc/arm-none-eabi/10.3.1/../../../../arm-none-eabi/lib/thumb/v7e-m+fp/softfp\libc.a(lib_a-atexit.o)
 .ARM.attributes
                0x0000075d       0x32 c:/maximsdk/tools/gnutools/10.3/bin/../lib/gcc/arm-none-eabi/10.3.1/../../../../arm-none-eabi/lib/thumb/v7e-m+fp/softfp\libc.a(lib_a-dtoa.o)
 .ARM.attributes
                0x0000078f       0x32 c:/maximsdk/tools/gnutools/10.3/bin/../lib/gcc/arm-none-eabi/10.3.1/../../../../arm-none-eabi/lib/thumb/v7e-m+fp/softfp\libc.a(lib_a-fflush.o)
 .ARM.attributes
                0x000007c1       0x32 c:/maximsdk/tools/gnutools/10.3/bin/../lib/gcc/arm-none-eabi/10.3.1/../../../../arm-none-eabi/lib/thumb/v7e-m+fp/softfp\libc.a(lib_a-findfp.o)
 .ARM.attributes
                0x000007f3       0x32 c:/maximsdk/tools/gnutools/10.3/bin/../lib/gcc/arm-none-eabi/10.3.1/../../../../arm-none-eabi/lib/thumb/v7e-m+fp/softfp\libc.a(lib_a-fini.o)
 .ARM.attributes
                0x00000825       0x32 c:/maximsdk/tools/gnutools/10.3/bin/../lib/gcc/arm-none-eabi/10.3.1/../../../../arm-none-eabi/lib/thumb/v7e-m+fp/softfp\libc.a(lib_a-freer.o)
 .ARM.attributes
                0x00000857       0x32 c:/maximsdk/tools/gnutools/10.3/bin/../lib/gcc/arm-none-eabi/10.3.1/../../../../arm-none-eabi/lib/thumb/v7e-m+fp/softfp\libc.a(lib_a-fvwrite.o)
 .ARM.attributes
                0x00000889       0x32 c:/maximsdk/tools/gnutools/10.3/bin/../lib/gcc/arm-none-eabi/10.3.1/../../../../arm-none-eabi/lib/thumb/v7e-m+fp/softfp\libc.a(lib_a-fwalk.o)
 .ARM.attributes
                0x000008bb       0x32 c:/maximsdk/tools/gnutools/10.3/bin/../lib/gcc/arm-none-eabi/10.3.1/../../../../arm-none-eabi/lib/thumb/v7e-m+fp/softfp\libc.a(lib_a-localeconv.o)
 .ARM.attributes
                0x000008ed       0x32 c:/maximsdk/tools/gnutools/10.3/bin/../lib/gcc/arm-none-eabi/10.3.1/../../../../arm-none-eabi/lib/thumb/v7e-m+fp/softfp\libc.a(lib_a-lock.o)
 .ARM.attributes
                0x0000091f       0x32 c:/maximsdk/tools/gnutools/10.3/bin/../lib/gcc/arm-none-eabi/10.3.1/../../../../arm-none-eabi/lib/thumb/v7e-m+fp/softfp\libc.a(lib_a-makebuf.o)
 .ARM.attributes
                0x00000951       0x32 c:/maximsdk/tools/gnutools/10.3/bin/../lib/gcc/arm-none-eabi/10.3.1/../../../../arm-none-eabi/lib/thumb/v7e-m+fp/softfp\libc.a(lib_a-mallocr.o)
 .ARM.attributes
                0x00000983       0x1c c:/maximsdk/tools/gnutools/10.3/bin/../lib/gcc/arm-none-eabi/10.3.1/../../../../arm-none-eabi/lib/thumb/v7e-m+fp/softfp\libc.a(lib_a-memchr.o)
 .ARM.attributes
                0x0000099f       0x1c c:/maximsdk/tools/gnutools/10.3/bin/../lib/gcc/arm-none-eabi/10.3.1/../../../../arm-none-eabi/lib/thumb/v7e-m+fp/softfp\libc.a(lib_a-memcpy.o)
 .ARM.attributes
                0x000009bb       0x32 c:/maximsdk/tools/gnutools/10.3/bin/../lib/gcc/arm-none-eabi/10.3.1/../../../../arm-none-eabi/lib/thumb/v7e-m+fp/softfp\libc.a(lib_a-memmove.o)
 .ARM.attributes
                0x000009ed       0x32 c:/maximsdk/tools/gnutools/10.3/bin/../lib/gcc/arm-none-eabi/10.3.1/../../../../arm-none-eabi/lib/thumb/v7e-m+fp/softfp\libc.a(lib_a-mlock.o)
 .ARM.attributes
                0x00000a1f       0x32 c:/maximsdk/tools/gnutools/10.3/bin/../lib/gcc/arm-none-eabi/10.3.1/../../../../arm-none-eabi/lib/thumb/v7e-m+fp/softfp\libc.a(lib_a-mprec.o)
 .ARM.attributes
                0x00000a51       0x32 c:/maximsdk/tools/gnutools/10.3/bin/../lib/gcc/arm-none-eabi/10.3.1/../../../../arm-none-eabi/lib/thumb/v7e-m+fp/softfp\libc.a(lib_a-putc.o)
 .ARM.attributes
                0x00000a83       0x32 c:/maximsdk/tools/gnutools/10.3/bin/../lib/gcc/arm-none-eabi/10.3.1/../../../../arm-none-eabi/lib/thumb/v7e-m+fp/softfp\libc.a(lib_a-reallocr.o)
 .ARM.attributes
                0x00000ab5       0x32 c:/maximsdk/tools/gnutools/10.3/bin/../lib/gcc/arm-none-eabi/10.3.1/../../../../arm-none-eabi/lib/thumb/v7e-m+fp/softfp\libc.a(lib_a-s_frexp.o)
 .ARM.attributes
                0x00000ae7       0x32 c:/maximsdk/tools/gnutools/10.3/bin/../lib/gcc/arm-none-eabi/10.3.1/../../../../arm-none-eabi/lib/thumb/v7e-m+fp/softfp\libc.a(lib_a-sbrkr.o)
 .ARM.attributes
                0x00000b19       0x32 c:/maximsdk/tools/gnutools/10.3/bin/../lib/gcc/arm-none-eabi/10.3.1/../../../../arm-none-eabi/lib/thumb/v7e-m+fp/softfp\libc.a(lib_a-stdio.o)
 .ARM.attributes
                0x00000b4b       0x32 c:/maximsdk/tools/gnutools/10.3/bin/../lib/gcc/arm-none-eabi/10.3.1/../../../../arm-none-eabi/lib/thumb/v7e-m+fp/softfp\libc.a(lib_a-strncpy.o)
 .ARM.attributes